<html>
<body>
<pre>
<h1>µVision Build Log</h1>
<h2>Tool Versions:</h2>
IDE-Version: ¦ÌVision V5.23.0.0
Copyright (C) 2017 ARM Ltd and ARM Germany GmbH. All rights reserved.
License Information: hao wang, BPI, LIC=50D56-D392Q-SFNI0-BBC17-KTD5I-U135V
 
Tool Versions:
Toolchain:       MDK-ARM Professional  Version: 5.23
Toolchain Path:  d:\MDK523\ARM\ARMCC\Bin
C Compiler:      Armcc.exe V5.06 update 4 (build 422)
Assembler:       Armasm.exe V5.06 update 4 (build 422)
Linker/Locator:  ArmLink.exe V5.06 update 4 (build 422)
Library Manager: ArmAr.exe V5.06 update 4 (build 422)
Hex Converter:   FromElf.exe V5.06 update 4 (build 422)
CPU DLL:         SARMCM3.DLL V5.23
Dialog DLL:      DCM.DLL V1.15.0.0
Target DLL:      Segger\JL2CM3.dll V2.99.23.0
Dialog DLL:      TCM.DLL V1.27.0.0
 
<h2>Project:</h2>
H:\BPI¹¤×÷\NB_iot\BC95\liteos\bpi&huawei-liteos\LiteOS_BPI_STM32F103R8T6x\projects\STM32F103RB_BPI\HuaweiLiteOS.uvprojx
Project File Date:  10/19/2017

<h2>Output:</h2>
*** Using Compiler 'V5.06 update 4 (build 422)', folder: 'd:\MDK523\ARM\ARMCC\Bin'
Build target 'HuaweiLiteOS'
compiling los_sys.c...
compiling los_swtmr.c...
compiling los_priqueue.c...
compiling los_tick.c...
compiling los_timeslice.c...
compiling los_task.c...
compiling los_event.c...
compiling los_mux.c...
compiling los_sem.c...
compiling los_queue.c...
compiling los_membox.c...
compiling los_memstat.c...
compiling los_memory.c...
compiling los_multipledlinkhead.c...
compiling los_misc.c...
compiling los_hw.c...
compiling los_hw_tick.c...
compiling los_hwi.c...
assembling los_dispatch_keil.s...
compiling los_config.c...
compiling cmsis_liteos.c...
compiling los_bsp_key.c...
compiling los_bsp_led.c...
compiling los_bsp_adapter.c...
compiling stm32f1xx_hal_msp.c...
compiling los_bsp_uart.c...
..\..\platform\STM32F103RB\los_bsp_uart.c(136): warning:  #177-D: variable "ret"  was declared but never referenced
      HAL_StatusTypeDef ret;
..\..\platform\STM32F103RB\los_bsp_uart.c(161): warning:  #177-D: variable "ret"  was declared but never referenced
      HAL_StatusTypeDef ret;
..\..\platform\STM32F103RB\los_bsp_uart.c: 2 warnings, 0 errors
compiling stm32f1xx_it.c...
compiling stm32f1xx_hal.c...
compiling stm32f1xx_hal_cortex.c...
compiling system_stm32f1xx.c...
compiling stm32f1xx_hal_flash.c...
compiling stm32f1xx_hal_flash_ex.c...
compiling stm32f1xx_hal_dma.c...
compiling stm32f1xx_hal_gpio_ex.c...
compiling stm32f1xx_hal_gpio.c...
compiling stm32f1xx_hal_pwr.c...
compiling stm32f1xx_hal_rtc.c...
compiling stm32f1xx_hal_rcc_ex.c...
compiling stm32f1xx_hal_rcc.c...
compiling stm32f1xx_hal_rtc_ex.c...
compiling stm32f1xx_hal_uart.c...
compiling los_api_dynamic_mem.c...
compiling stm32f1xx_hal_spi.c...
compiling los_api_event.c...
compiling los_api_interrupt.c...
compiling los_api_list.c...
compiling los_api_msgqueue.c...
compiling los_api_mutex.c...
compiling los_api_sem.c...
compiling los_api_systick.c...
compiling los_api_static_mem.c...
compiling los_api_timer.c...
compiling los_api_task.c...
compiling los_cmsis_main.c...
compiling los_demo_entry.c...
compiling los_inspect_entry.c...
assembling startup_stm32f103xb.s...
compiling neul_bc95.c...
..\..\peripheral\neul_bc95.c(1180): warning:  #177-D: variable "str"  was declared but never referenced
      char *str = NULL;
..\..\peripheral\neul_bc95.c(1206): warning:  #177-D: variable "uwRet"  was declared but never referenced
      UINT32 uwRet;
..\..\peripheral\neul_bc95.c(114): warning:  #177-D: function "neul_bc95_set_cdp_info"  was declared but never referenced
  static int neul_bc95_set_cdp_info(const char *cdp)
..\..\peripheral\neul_bc95.c: 3 warnings, 0 errors
compiling max7219_driver_func.c...
compiling main.c...
..\..\user\main.c(236): warning:  #223-D: function "LOS_OceanCon_NB_Sample" declared implicitly
      LOS_OceanCon_NB_Sample();
..\..\user\main.c(187): warning:  #550-D: variable "thread_def"  was set but never used
  	osThreadDef_t thread_def;
..\..\user\main.c: 2 warnings, 0 errors
compiling los_dev_st_uart.c...
compiling ocean_nb_sample.c...
..\..\user\ocean_nb_sample.c(35): warning:  #550-D: variable "showd"  was set but never used
  	char showd;
..\..\user\ocean_nb_sample.c(74): warning:  #550-D: variable "showd"  was set but never used
  	char showd;
..\..\user\ocean_nb_sample.c: 2 warnings, 0 errors
linking...
Program Size: Code=27312 RO-data=368 RW-data=1596 ZI-data=18604  
".\Objects\HuaweiLiteOS.axf" - 0 Error(s), 9 Warning(s).

<h2>Collection of Component include folders:</h2>
  .\RTE\_HuaweiLiteOS
  d:\MDK523\ARM\PACK\Keil\STM32F1xx_DFP\1.0.5\Device\Include

<h2>Collection of Component Files used:</h2>
Build Time Elapsed:  00:00:41
</pre>
</body>
</html>
