<!doctype html public "-//w3c//dtd html 4.0 transitional//en">
<html><head>
<title>Static Call Graph - [.\Objects\HuaweiLiteOS.axf]</title></head>
<body><HR>
<H1>Static Call Graph for image .\Objects\HuaweiLiteOS.axf</H1><HR>
<BR><P>#&#060CALLGRAPH&#062# ARM Linker, 5060422: Last Updated: Tue Oct 31 14:51:29 2017
<BR><P>
<H3>Maximum Stack Usage =        312 bytes + Unknown(Functions without stacksize, Cycles, Untraceable Function Pointers)</H3><H3>
Call chain for Maximum Stack Depth:</H3>
main &rArr; LOS_KernelInit &rArr; osMain &rArr; osSwTmrInit &rArr; osSwTmrTaskCreate &rArr; LOS_TaskCreate &rArr; LOS_TaskCreateOnly &rArr; LOS_MemAllocAlign &rArr; osMemAllocWithCheck &rArr; osMemSpitNode &rArr; LOS_DLnkMultiHead
<P>
<H3>
Functions with no stack information
</H3><UL>
 <LI><a href="#[b9]">LOS_StartToRun</a>
 <LI><a href="#[fc]">LOS_IntNumGet</a>
 <LI><a href="#[115]">osDisableIRQ</a>
 <LI><a href="#[92]">LOS_IntLock</a>
 <LI><a href="#[12d]">LOS_IntUnLock</a>
 <LI><a href="#[94]">LOS_IntRestore</a>
 <LI><a href="#[ad]">osTaskSchedule</a>
 <LI><a href="#[4]">PendSV_Handler</a>
</UL>
</UL>
<P>
<H3>
Mutually Recursive functions
</H3> <LI><a href="#[1f]">ADC1_2_IRQHandler</a>&nbsp;&nbsp;&nbsp;&rArr;&nbsp;&nbsp;&nbsp;<a href="#[1f]">ADC1_2_IRQHandler</a><BR>
</UL>
<P>
<H3>
Function Pointers
</H3><UL>
 <LI><a href="#[1f]">ADC1_2_IRQHandler</a> from startup_stm32f103xb.o(.text) referenced from startup_stm32f103xb.o(RESET)
 <LI><a href="#[9]">BusFault_Handler</a> from stm32f1xx_it.o(i.BusFault_Handler) referenced from startup_stm32f103xb.o(RESET)
 <LI><a href="#[22]">CAN1_RX1_IRQHandler</a> from startup_stm32f103xb.o(.text) referenced from startup_stm32f103xb.o(RESET)
 <LI><a href="#[23]">CAN1_SCE_IRQHandler</a> from startup_stm32f103xb.o(.text) referenced from startup_stm32f103xb.o(RESET)
 <LI><a href="#[18]">DMA1_Channel1_IRQHandler</a> from startup_stm32f103xb.o(.text) referenced from startup_stm32f103xb.o(RESET)
 <LI><a href="#[19]">DMA1_Channel2_IRQHandler</a> from startup_stm32f103xb.o(.text) referenced from startup_stm32f103xb.o(RESET)
 <LI><a href="#[1a]">DMA1_Channel3_IRQHandler</a> from startup_stm32f103xb.o(.text) referenced from startup_stm32f103xb.o(RESET)
 <LI><a href="#[1b]">DMA1_Channel4_IRQHandler</a> from startup_stm32f103xb.o(.text) referenced from startup_stm32f103xb.o(RESET)
 <LI><a href="#[1c]">DMA1_Channel5_IRQHandler</a> from startup_stm32f103xb.o(.text) referenced from startup_stm32f103xb.o(RESET)
 <LI><a href="#[1d]">DMA1_Channel6_IRQHandler</a> from startup_stm32f103xb.o(.text) referenced from startup_stm32f103xb.o(RESET)
 <LI><a href="#[1e]">DMA1_Channel7_IRQHandler</a> from startup_stm32f103xb.o(.text) referenced from startup_stm32f103xb.o(RESET)
 <LI><a href="#[c]">DebugMon_Handler</a> from stm32f1xx_it.o(i.DebugMon_Handler) referenced from startup_stm32f103xb.o(RESET)
 <LI><a href="#[13]">EXTI0_IRQHandler</a> from startup_stm32f103xb.o(.text) referenced from startup_stm32f103xb.o(RESET)
 <LI><a href="#[35]">EXTI15_10_IRQHandler</a> from startup_stm32f103xb.o(.text) referenced from startup_stm32f103xb.o(RESET)
 <LI><a href="#[14]">EXTI1_IRQHandler</a> from startup_stm32f103xb.o(.text) referenced from startup_stm32f103xb.o(RESET)
 <LI><a href="#[15]">EXTI2_IRQHandler</a> from startup_stm32f103xb.o(.text) referenced from startup_stm32f103xb.o(RESET)
 <LI><a href="#[16]">EXTI3_IRQHandler</a> from startup_stm32f103xb.o(.text) referenced from startup_stm32f103xb.o(RESET)
 <LI><a href="#[17]">EXTI4_IRQHandler</a> from startup_stm32f103xb.o(.text) referenced from startup_stm32f103xb.o(RESET)
 <LI><a href="#[24]">EXTI9_5_IRQHandler</a> from startup_stm32f103xb.o(.text) referenced from startup_stm32f103xb.o(RESET)
 <LI><a href="#[11]">FLASH_IRQHandler</a> from startup_stm32f103xb.o(.text) referenced from startup_stm32f103xb.o(RESET)
 <LI><a href="#[7]">HardFault_Handler</a> from stm32f1xx_it.o(i.HardFault_Handler) referenced from startup_stm32f103xb.o(RESET)
 <LI><a href="#[2d]">I2C1_ER_IRQHandler</a> from startup_stm32f103xb.o(.text) referenced from startup_stm32f103xb.o(RESET)
 <LI><a href="#[2c]">I2C1_EV_IRQHandler</a> from startup_stm32f103xb.o(.text) referenced from startup_stm32f103xb.o(RESET)
 <LI><a href="#[2f]">I2C2_ER_IRQHandler</a> from startup_stm32f103xb.o(.text) referenced from startup_stm32f103xb.o(RESET)
 <LI><a href="#[2e]">I2C2_EV_IRQHandler</a> from startup_stm32f103xb.o(.text) referenced from startup_stm32f103xb.o(RESET)
 <LI><a href="#[8]">MemManage_Handler</a> from stm32f1xx_it.o(i.MemManage_Handler) referenced from startup_stm32f103xb.o(RESET)
 <LI><a href="#[6]">NMI_Handler</a> from stm32f1xx_it.o(i.NMI_Handler) referenced from startup_stm32f103xb.o(RESET)
 <LI><a href="#[e]">PVD_IRQHandler</a> from startup_stm32f103xb.o(.text) referenced from startup_stm32f103xb.o(RESET)
 <LI><a href="#[4]">PendSV_Handler</a> from los_dispatch_keil.o(KERNEL) referenced 2 times from los_hwi.o(.vector.bss)
 <LI><a href="#[4]">PendSV_Handler</a> from los_dispatch_keil.o(KERNEL) referenced from startup_stm32f103xb.o(RESET)
 <LI><a href="#[12]">RCC_IRQHandler</a> from startup_stm32f103xb.o(.text) referenced from startup_stm32f103xb.o(RESET)
 <LI><a href="#[36]">RTC_Alarm_IRQHandler</a> from startup_stm32f103xb.o(.text) referenced from startup_stm32f103xb.o(RESET)
 <LI><a href="#[10]">RTC_IRQHandler</a> from startup_stm32f103xb.o(.text) referenced from startup_stm32f103xb.o(RESET)
 <LI><a href="#[2]">Reset_Handler</a> from startup_stm32f103xb.o(.text) referenced 2 times from los_hwi.o(.vector.bss)
 <LI><a href="#[2]">Reset_Handler</a> from startup_stm32f103xb.o(.text) referenced from startup_stm32f103xb.o(RESET)
 <LI><a href="#[30]">SPI1_IRQHandler</a> from startup_stm32f103xb.o(.text) referenced from startup_stm32f103xb.o(RESET)
 <LI><a href="#[31]">SPI2_IRQHandler</a> from startup_stm32f103xb.o(.text) referenced from startup_stm32f103xb.o(RESET)
 <LI><a href="#[b]">SVC_Handler</a> from stm32f1xx_it.o(i.SVC_Handler) referenced from startup_stm32f103xb.o(RESET)
 <LI><a href="#[5]">SysTick_Handler</a> from los_bsp_adapter.o(i.SysTick_Handler) referenced 2 times from los_hwi.o(.vector.bss)
 <LI><a href="#[5]">SysTick_Handler</a> from los_bsp_adapter.o(i.SysTick_Handler) referenced from startup_stm32f103xb.o(RESET)
 <LI><a href="#[39]">SystemInit</a> from system_stm32f1xx.o(i.SystemInit) referenced from startup_stm32f103xb.o(.text)
 <LI><a href="#[f]">TAMPER_IRQHandler</a> from startup_stm32f103xb.o(.text) referenced from startup_stm32f103xb.o(RESET)
 <LI><a href="#[25]">TIM1_BRK_IRQHandler</a> from startup_stm32f103xb.o(.text) referenced from startup_stm32f103xb.o(RESET)
 <LI><a href="#[28]">TIM1_CC_IRQHandler</a> from startup_stm32f103xb.o(.text) referenced from startup_stm32f103xb.o(RESET)
 <LI><a href="#[27]">TIM1_TRG_COM_IRQHandler</a> from startup_stm32f103xb.o(.text) referenced from startup_stm32f103xb.o(RESET)
 <LI><a href="#[26]">TIM1_UP_IRQHandler</a> from startup_stm32f103xb.o(.text) referenced from startup_stm32f103xb.o(RESET)
 <LI><a href="#[29]">TIM2_IRQHandler</a> from startup_stm32f103xb.o(.text) referenced from startup_stm32f103xb.o(RESET)
 <LI><a href="#[2a]">TIM3_IRQHandler</a> from startup_stm32f103xb.o(.text) referenced from startup_stm32f103xb.o(RESET)
 <LI><a href="#[2b]">TIM4_IRQHandler</a> from startup_stm32f103xb.o(.text) referenced from startup_stm32f103xb.o(RESET)
 <LI><a href="#[32]">USART1_IRQHandler</a> from startup_stm32f103xb.o(.text) referenced from startup_stm32f103xb.o(RESET)
 <LI><a href="#[33]">USART2_IRQHandler</a> from stm32f1xx_it.o(i.USART2_IRQHandler) referenced from startup_stm32f103xb.o(RESET)
 <LI><a href="#[34]">USART3_IRQHandler</a> from startup_stm32f103xb.o(.text) referenced from startup_stm32f103xb.o(RESET)
 <LI><a href="#[37]">USBWakeUp_IRQHandler</a> from startup_stm32f103xb.o(.text) referenced from startup_stm32f103xb.o(RESET)
 <LI><a href="#[20]">USB_HP_CAN1_TX_IRQHandler</a> from startup_stm32f103xb.o(.text) referenced from startup_stm32f103xb.o(RESET)
 <LI><a href="#[21]">USB_LP_CAN1_RX0_IRQHandler</a> from startup_stm32f103xb.o(.text) referenced from startup_stm32f103xb.o(RESET)
 <LI><a href="#[a]">UsageFault_Handler</a> from stm32f1xx_it.o(i.UsageFault_Handler) referenced from startup_stm32f103xb.o(RESET)
 <LI><a href="#[d]">WWDG_IRQHandler</a> from startup_stm32f103xb.o(.text) referenced from startup_stm32f103xb.o(RESET)
 <LI><a href="#[3a]">__main</a> from entry.o(.ARM.Collect$$$$00000000) referenced from startup_stm32f103xb.o(.text)
 <LI><a href="#[3c]">_sbackspace</a> from _sgetc.o(.text) referenced from __0sscanf.o(.text)
 <LI><a href="#[3d]">_scanf_char_input</a> from scanf_char.o(.text) referenced from scanf_char.o(.text)
 <LI><a href="#[3b]">_sgetc</a> from _sgetc.o(.text) referenced from __0sscanf.o(.text)
 <LI><a href="#[40]">_sputc</a> from printfa.o(i._sputc) referenced from printfa.o(i.__0sprintf)
 <LI><a href="#[41]">init_testuart</a> from main.o(i.init_testuart) referenced from main.o(i.main)
 <LI><a href="#[42]">init_testuart2</a> from main.o(i.init_testuart2) referenced from main.o(i.main)
 <LI><a href="#[3e]">isspace</a> from isspace_c.o(.text) referenced from scanf_char.o(.text)
 <LI><a href="#[38]">main</a> from main.o(i.main) referenced from entry9a.o(.ARM.Collect$$$$0000000B)
 <LI><a href="#[3f]">oceancon_nb_sampletask</a> from ocean_nb_sample.o(i.oceancon_nb_sampletask) referenced from ocean_nb_sample.o(i.LOS_OceanCon_NB_Sample)
 <LI><a href="#[3]">osHwiDefaultHandler</a> from los_hwi.o(i.osHwiDefaultHandler) referenced 14 times from los_hwi.o(.vector.bss)
 <LI><a href="#[3]">osHwiDefaultHandler</a> from los_hwi.o(i.osHwiDefaultHandler) referenced from los_hwi.o(i.osHwiInit)
 <LI><a href="#[43]">osIdleTask</a> from los_task.o(i.osIdleTask) referenced from los_task.o(i.osIdleTaskCreate)
 <LI><a href="#[44]">osSwTmrTask</a> from los_swtmr.o(i.osSwTmrTask) referenced from los_swtmr.o(i.osSwTmrTaskCreate)
 <LI><a href="#[46]">osTaskEntry</a> from los_task.o(i.osTaskEntry) referenced from los_hw.o(i.osTskStackInit)
 <LI><a href="#[45]">osTaskExit</a> from los_hw.o(i.osTaskExit) referenced from los_hw.o(i.osTskStackInit)
 <LI><a href="#[0]">uart_data_read</a> from neul_bc95.o(i.uart_data_read) referenced 2 times from neul_bc95.o(.data)
 <LI><a href="#[1]">uart_data_write</a> from neul_bc95.o(i.uart_data_write) referenced 2 times from neul_bc95.o(.data)
</UL>
<P>
<H3>
Global Symbols
</H3>
<P><STRONG><a name="[3a]"></a>__main</STRONG> (Thumb, 0 bytes, Stack size unknown bytes, entry.o(.ARM.Collect$$$$00000000))
<BR>[Address Reference Count : 1]<UL><LI> startup_stm32f103xb.o(.text)
</UL>
<P><STRONG><a name="[11a]"></a>_main_stk</STRONG> (Thumb, 0 bytes, Stack size unknown bytes, entry2.o(.ARM.Collect$$$$00000001))

<P><STRONG><a name="[47]"></a>_main_scatterload</STRONG> (Thumb, 0 bytes, Stack size unknown bytes, entry5.o(.ARM.Collect$$$$00000004))
<BR><BR>[Calls]<UL><LI><a href="#[48]">&gt;&gt;</a>&nbsp;&nbsp;&nbsp;__scatterload
</UL>

<P><STRONG><a name="[5d]"></a>__main_after_scatterload</STRONG> (Thumb, 0 bytes, Stack size unknown bytes, entry5.o(.ARM.Collect$$$$00000004))
<BR><BR>[Called By]<UL><LI><a href="#[48]">&gt;&gt;</a>&nbsp;&nbsp;&nbsp;__scatterload
</UL>

<P><STRONG><a name="[11b]"></a>_main_clock</STRONG> (Thumb, 0 bytes, Stack size unknown bytes, entry7b.o(.ARM.Collect$$$$00000008))

<P><STRONG><a name="[11c]"></a>_main_cpp_init</STRONG> (Thumb, 0 bytes, Stack size unknown bytes, entry8b.o(.ARM.Collect$$$$0000000A))

<P><STRONG><a name="[11d]"></a>_main_init</STRONG> (Thumb, 0 bytes, Stack size unknown bytes, entry9a.o(.ARM.Collect$$$$0000000B))

<P><STRONG><a name="[11e]"></a>__rt_final_cpp</STRONG> (Thumb, 0 bytes, Stack size unknown bytes, entry10a.o(.ARM.Collect$$$$0000000D))

<P><STRONG><a name="[11f]"></a>__rt_final_exit</STRONG> (Thumb, 0 bytes, Stack size unknown bytes, entry11a.o(.ARM.Collect$$$$0000000F))

<P><STRONG><a name="[b9]"></a>LOS_StartToRun</STRONG> (Thumb, 0 bytes, Stack size unknown bytes, los_dispatch_keil.o(.text))
<BR><BR>[Called By]<UL><LI><a href="#[b8]">&gt;&gt;</a>&nbsp;&nbsp;&nbsp;LOS_Start
</UL>

<P><STRONG><a name="[2]"></a>Reset_Handler</STRONG> (Thumb, 8 bytes, Stack size 0 bytes, startup_stm32f103xb.o(.text))
<BR>[Address Reference Count : 2]<UL><LI> los_hwi.o(.vector.bss)
<LI> startup_stm32f103xb.o(RESET)
</UL>
<P><STRONG><a name="[1f]"></a>ADC1_2_IRQHandler</STRONG> (Thumb, 0 bytes, Stack size 0 bytes, startup_stm32f103xb.o(.text))
<BR><BR>[Calls]<UL><LI><a href="#[1f]">&gt;&gt;</a>&nbsp;&nbsp;&nbsp;ADC1_2_IRQHandler
</UL>
<BR>[Called By]<UL><LI><a href="#[1f]">&gt;&gt;</a>&nbsp;&nbsp;&nbsp;ADC1_2_IRQHandler
</UL>
<BR>[Address Reference Count : 1]<UL><LI> startup_stm32f103xb.o(RESET)
</UL>
<P><STRONG><a name="[22]"></a>CAN1_RX1_IRQHandler</STRONG> (Thumb, 0 bytes, Stack size 0 bytes, startup_stm32f103xb.o(.text))
<BR>[Address Reference Count : 1]<UL><LI> startup_stm32f103xb.o(RESET)
</UL>
<P><STRONG><a name="[23]"></a>CAN1_SCE_IRQHandler</STRONG> (Thumb, 0 bytes, Stack size 0 bytes, startup_stm32f103xb.o(.text))
<BR>[Address Reference Count : 1]<UL><LI> startup_stm32f103xb.o(RESET)
</UL>
<P><STRONG><a name="[18]"></a>DMA1_Channel1_IRQHandler</STRONG> (Thumb, 0 bytes, Stack size 0 bytes, startup_stm32f103xb.o(.text))
<BR>[Address Reference Count : 1]<UL><LI> startup_stm32f103xb.o(RESET)
</UL>
<P><STRONG><a name="[19]"></a>DMA1_Channel2_IRQHandler</STRONG> (Thumb, 0 bytes, Stack size 0 bytes, startup_stm32f103xb.o(.text))
<BR>[Address Reference Count : 1]<UL><LI> startup_stm32f103xb.o(RESET)
</UL>
<P><STRONG><a name="[1a]"></a>DMA1_Channel3_IRQHandler</STRONG> (Thumb, 0 bytes, Stack size 0 bytes, startup_stm32f103xb.o(.text))
<BR>[Address Reference Count : 1]<UL><LI> startup_stm32f103xb.o(RESET)
</UL>
<P><STRONG><a name="[1b]"></a>DMA1_Channel4_IRQHandler</STRONG> (Thumb, 0 bytes, Stack size 0 bytes, startup_stm32f103xb.o(.text))
<BR>[Address Reference Count : 1]<UL><LI> startup_stm32f103xb.o(RESET)
</UL>
<P><STRONG><a name="[1c]"></a>DMA1_Channel5_IRQHandler</STRONG> (Thumb, 0 bytes, Stack size 0 bytes, startup_stm32f103xb.o(.text))
<BR>[Address Reference Count : 1]<UL><LI> startup_stm32f103xb.o(RESET)
</UL>
<P><STRONG><a name="[1d]"></a>DMA1_Channel6_IRQHandler</STRONG> (Thumb, 0 bytes, Stack size 0 bytes, startup_stm32f103xb.o(.text))
<BR>[Address Reference Count : 1]<UL><LI> startup_stm32f103xb.o(RESET)
</UL>
<P><STRONG><a name="[1e]"></a>DMA1_Channel7_IRQHandler</STRONG> (Thumb, 0 bytes, Stack size 0 bytes, startup_stm32f103xb.o(.text))
<BR>[Address Reference Count : 1]<UL><LI> startup_stm32f103xb.o(RESET)
</UL>
<P><STRONG><a name="[13]"></a>EXTI0_IRQHandler</STRONG> (Thumb, 0 bytes, Stack size 0 bytes, startup_stm32f103xb.o(.text))
<BR>[Address Reference Count : 1]<UL><LI> startup_stm32f103xb.o(RESET)
</UL>
<P><STRONG><a name="[35]"></a>EXTI15_10_IRQHandler</STRONG> (Thumb, 0 bytes, Stack size 0 bytes, startup_stm32f103xb.o(.text))
<BR>[Address Reference Count : 1]<UL><LI> startup_stm32f103xb.o(RESET)
</UL>
<P><STRONG><a name="[14]"></a>EXTI1_IRQHandler</STRONG> (Thumb, 0 bytes, Stack size 0 bytes, startup_stm32f103xb.o(.text))
<BR>[Address Reference Count : 1]<UL><LI> startup_stm32f103xb.o(RESET)
</UL>
<P><STRONG><a name="[15]"></a>EXTI2_IRQHandler</STRONG> (Thumb, 0 bytes, Stack size 0 bytes, startup_stm32f103xb.o(.text))
<BR>[Address Reference Count : 1]<UL><LI> startup_stm32f103xb.o(RESET)
</UL>
<P><STRONG><a name="[16]"></a>EXTI3_IRQHandler</STRONG> (Thumb, 0 bytes, Stack size 0 bytes, startup_stm32f103xb.o(.text))
<BR>[Address Reference Count : 1]<UL><LI> startup_stm32f103xb.o(RESET)
</UL>
<P><STRONG><a name="[17]"></a>EXTI4_IRQHandler</STRONG> (Thumb, 0 bytes, Stack size 0 bytes, startup_stm32f103xb.o(.text))
<BR>[Address Reference Count : 1]<UL><LI> startup_stm32f103xb.o(RESET)
</UL>
<P><STRONG><a name="[24]"></a>EXTI9_5_IRQHandler</STRONG> (Thumb, 0 bytes, Stack size 0 bytes, startup_stm32f103xb.o(.text))
<BR>[Address Reference Count : 1]<UL><LI> startup_stm32f103xb.o(RESET)
</UL>
<P><STRONG><a name="[11]"></a>FLASH_IRQHandler</STRONG> (Thumb, 0 bytes, Stack size 0 bytes, startup_stm32f103xb.o(.text))
<BR>[Address Reference Count : 1]<UL><LI> startup_stm32f103xb.o(RESET)
</UL>
<P><STRONG><a name="[2d]"></a>I2C1_ER_IRQHandler</STRONG> (Thumb, 0 bytes, Stack size 0 bytes, startup_stm32f103xb.o(.text))
<BR>[Address Reference Count : 1]<UL><LI> startup_stm32f103xb.o(RESET)
</UL>
<P><STRONG><a name="[2c]"></a>I2C1_EV_IRQHandler</STRONG> (Thumb, 0 bytes, Stack size 0 bytes, startup_stm32f103xb.o(.text))
<BR>[Address Reference Count : 1]<UL><LI> startup_stm32f103xb.o(RESET)
</UL>
<P><STRONG><a name="[2f]"></a>I2C2_ER_IRQHandler</STRONG> (Thumb, 0 bytes, Stack size 0 bytes, startup_stm32f103xb.o(.text))
<BR>[Address Reference Count : 1]<UL><LI> startup_stm32f103xb.o(RESET)
</UL>
<P><STRONG><a name="[2e]"></a>I2C2_EV_IRQHandler</STRONG> (Thumb, 0 bytes, Stack size 0 bytes, startup_stm32f103xb.o(.text))
<BR>[Address Reference Count : 1]<UL><LI> startup_stm32f103xb.o(RESET)
</UL>
<P><STRONG><a name="[e]"></a>PVD_IRQHandler</STRONG> (Thumb, 0 bytes, Stack size 0 bytes, startup_stm32f103xb.o(.text))
<BR>[Address Reference Count : 1]<UL><LI> startup_stm32f103xb.o(RESET)
</UL>
<P><STRONG><a name="[12]"></a>RCC_IRQHandler</STRONG> (Thumb, 0 bytes, Stack size 0 bytes, startup_stm32f103xb.o(.text))
<BR>[Address Reference Count : 1]<UL><LI> startup_stm32f103xb.o(RESET)
</UL>
<P><STRONG><a name="[36]"></a>RTC_Alarm_IRQHandler</STRONG> (Thumb, 0 bytes, Stack size 0 bytes, startup_stm32f103xb.o(.text))
<BR>[Address Reference Count : 1]<UL><LI> startup_stm32f103xb.o(RESET)
</UL>
<P><STRONG><a name="[10]"></a>RTC_IRQHandler</STRONG> (Thumb, 0 bytes, Stack size 0 bytes, startup_stm32f103xb.o(.text))
<BR>[Address Reference Count : 1]<UL><LI> startup_stm32f103xb.o(RESET)
</UL>
<P><STRONG><a name="[30]"></a>SPI1_IRQHandler</STRONG> (Thumb, 0 bytes, Stack size 0 bytes, startup_stm32f103xb.o(.text))
<BR>[Address Reference Count : 1]<UL><LI> startup_stm32f103xb.o(RESET)
</UL>
<P><STRONG><a name="[31]"></a>SPI2_IRQHandler</STRONG> (Thumb, 0 bytes, Stack size 0 bytes, startup_stm32f103xb.o(.text))
<BR>[Address Reference Count : 1]<UL><LI> startup_stm32f103xb.o(RESET)
</UL>
<P><STRONG><a name="[f]"></a>TAMPER_IRQHandler</STRONG> (Thumb, 0 bytes, Stack size 0 bytes, startup_stm32f103xb.o(.text))
<BR>[Address Reference Count : 1]<UL><LI> startup_stm32f103xb.o(RESET)
</UL>
<P><STRONG><a name="[25]"></a>TIM1_BRK_IRQHandler</STRONG> (Thumb, 0 bytes, Stack size 0 bytes, startup_stm32f103xb.o(.text))
<BR>[Address Reference Count : 1]<UL><LI> startup_stm32f103xb.o(RESET)
</UL>
<P><STRONG><a name="[28]"></a>TIM1_CC_IRQHandler</STRONG> (Thumb, 0 bytes, Stack size 0 bytes, startup_stm32f103xb.o(.text))
<BR>[Address Reference Count : 1]<UL><LI> startup_stm32f103xb.o(RESET)
</UL>
<P><STRONG><a name="[27]"></a>TIM1_TRG_COM_IRQHandler</STRONG> (Thumb, 0 bytes, Stack size 0 bytes, startup_stm32f103xb.o(.text))
<BR>[Address Reference Count : 1]<UL><LI> startup_stm32f103xb.o(RESET)
</UL>
<P><STRONG><a name="[26]"></a>TIM1_UP_IRQHandler</STRONG> (Thumb, 0 bytes, Stack size 0 bytes, startup_stm32f103xb.o(.text))
<BR>[Address Reference Count : 1]<UL><LI> startup_stm32f103xb.o(RESET)
</UL>
<P><STRONG><a name="[29]"></a>TIM2_IRQHandler</STRONG> (Thumb, 0 bytes, Stack size 0 bytes, startup_stm32f103xb.o(.text))
<BR>[Address Reference Count : 1]<UL><LI> startup_stm32f103xb.o(RESET)
</UL>
<P><STRONG><a name="[2a]"></a>TIM3_IRQHandler</STRONG> (Thumb, 0 bytes, Stack size 0 bytes, startup_stm32f103xb.o(.text))
<BR>[Address Reference Count : 1]<UL><LI> startup_stm32f103xb.o(RESET)
</UL>
<P><STRONG><a name="[2b]"></a>TIM4_IRQHandler</STRONG> (Thumb, 0 bytes, Stack size 0 bytes, startup_stm32f103xb.o(.text))
<BR>[Address Reference Count : 1]<UL><LI> startup_stm32f103xb.o(RESET)
</UL>
<P><STRONG><a name="[32]"></a>USART1_IRQHandler</STRONG> (Thumb, 0 bytes, Stack size 0 bytes, startup_stm32f103xb.o(.text))
<BR>[Address Reference Count : 1]<UL><LI> startup_stm32f103xb.o(RESET)
</UL>
<P><STRONG><a name="[34]"></a>USART3_IRQHandler</STRONG> (Thumb, 0 bytes, Stack size 0 bytes, startup_stm32f103xb.o(.text))
<BR>[Address Reference Count : 1]<UL><LI> startup_stm32f103xb.o(RESET)
</UL>
<P><STRONG><a name="[37]"></a>USBWakeUp_IRQHandler</STRONG> (Thumb, 0 bytes, Stack size 0 bytes, startup_stm32f103xb.o(.text))
<BR>[Address Reference Count : 1]<UL><LI> startup_stm32f103xb.o(RESET)
</UL>
<P><STRONG><a name="[20]"></a>USB_HP_CAN1_TX_IRQHandler</STRONG> (Thumb, 0 bytes, Stack size 0 bytes, startup_stm32f103xb.o(.text))
<BR>[Address Reference Count : 1]<UL><LI> startup_stm32f103xb.o(RESET)
</UL>
<P><STRONG><a name="[21]"></a>USB_LP_CAN1_RX0_IRQHandler</STRONG> (Thumb, 0 bytes, Stack size 0 bytes, startup_stm32f103xb.o(.text))
<BR>[Address Reference Count : 1]<UL><LI> startup_stm32f103xb.o(RESET)
</UL>
<P><STRONG><a name="[d]"></a>WWDG_IRQHandler</STRONG> (Thumb, 0 bytes, Stack size 0 bytes, startup_stm32f103xb.o(.text))
<BR>[Address Reference Count : 1]<UL><LI> startup_stm32f103xb.o(RESET)
</UL>
<P><STRONG><a name="[49]"></a>__aeabi_uldivmod</STRONG> (Thumb, 98 bytes, Stack size 40 bytes, uldiv.o(.text))
<BR><BR>[Stack]<UL><LI>Max Depth = 40<LI>Call Chain = __aeabi_uldivmod
</UL>
<BR>[Calls]<UL><LI><a href="#[4a]">&gt;&gt;</a>&nbsp;&nbsp;&nbsp;__aeabi_llsr
<LI><a href="#[4b]">&gt;&gt;</a>&nbsp;&nbsp;&nbsp;__aeabi_llsl
</UL>
<BR>[Called By]<UL><LI><a href="#[90]">&gt;&gt;</a>&nbsp;&nbsp;&nbsp;LOS_MS2Tick
<LI><a href="#[d0]">&gt;&gt;</a>&nbsp;&nbsp;&nbsp;_printf_core
<LI><a href="#[d1]">&gt;&gt;</a>&nbsp;&nbsp;&nbsp;_fp_digits
</UL>

<P><STRONG><a name="[4a]"></a>__aeabi_llsr</STRONG> (Thumb, 32 bytes, Stack size 0 bytes, llushr.o(.text))
<BR><BR>[Called By]<UL><LI><a href="#[55]">&gt;&gt;</a>&nbsp;&nbsp;&nbsp;__aeabi_d2ulz
<LI><a href="#[49]">&gt;&gt;</a>&nbsp;&nbsp;&nbsp;__aeabi_uldivmod
<LI><a href="#[57]">&gt;&gt;</a>&nbsp;&nbsp;&nbsp;_double_epilogue
</UL>

<P><STRONG><a name="[120]"></a>_ll_ushift_r</STRONG> (Thumb, 0 bytes, Stack size 0 bytes, llushr.o(.text), UNUSED)

<P><STRONG><a name="[de]"></a>__aeabi_memcpy</STRONG> (Thumb, 36 bytes, Stack size 0 bytes, memcpya.o(.text))
<BR><BR>[Called By]<UL><LI><a href="#[d7]">&gt;&gt;</a>&nbsp;&nbsp;&nbsp;los_dev_uart_read
</UL>

<P><STRONG><a name="[121]"></a>__aeabi_memcpy4</STRONG> (Thumb, 0 bytes, Stack size 0 bytes, memcpya.o(.text), UNUSED)

<P><STRONG><a name="[122]"></a>__aeabi_memcpy8</STRONG> (Thumb, 0 bytes, Stack size 0 bytes, memcpya.o(.text), UNUSED)

<P><STRONG><a name="[4d]"></a>__aeabi_memset</STRONG> (Thumb, 14 bytes, Stack size 0 bytes, memseta.o(.text))
<BR><BR>[Called By]<UL><LI><a href="#[4e]">&gt;&gt;</a>&nbsp;&nbsp;&nbsp;_memset$wrapper
<LI><a href="#[4c]">&gt;&gt;</a>&nbsp;&nbsp;&nbsp;__aeabi_memclr
</UL>

<P><STRONG><a name="[123]"></a>__aeabi_memset4</STRONG> (Thumb, 0 bytes, Stack size 0 bytes, memseta.o(.text), UNUSED)

<P><STRONG><a name="[124]"></a>__aeabi_memset8</STRONG> (Thumb, 0 bytes, Stack size 0 bytes, memseta.o(.text), UNUSED)

<P><STRONG><a name="[4c]"></a>__aeabi_memclr</STRONG> (Thumb, 4 bytes, Stack size 0 bytes, memseta.o(.text))
<BR><BR>[Calls]<UL><LI><a href="#[4d]">&gt;&gt;</a>&nbsp;&nbsp;&nbsp;__aeabi_memset
</UL>
<BR>[Called By]<UL><LI><a href="#[d7]">&gt;&gt;</a>&nbsp;&nbsp;&nbsp;los_dev_uart_read
<LI><a href="#[f0]">&gt;&gt;</a>&nbsp;&nbsp;&nbsp;uart_data_flush
<LI><a href="#[e6]">&gt;&gt;</a>&nbsp;&nbsp;&nbsp;neul_bc95_set_band
<LI><a href="#[ef]">&gt;&gt;</a>&nbsp;&nbsp;&nbsp;neul_bc95_set_auto_connect
<LI><a href="#[f4]">&gt;&gt;</a>&nbsp;&nbsp;&nbsp;neul_bc95_send_coap_paylaod
<LI><a href="#[ed]">&gt;&gt;</a>&nbsp;&nbsp;&nbsp;neul_bc95_reboot
<LI><a href="#[f2]">&gt;&gt;</a>&nbsp;&nbsp;&nbsp;neul_bc95_read_coap_msg
<LI><a href="#[f1]">&gt;&gt;</a>&nbsp;&nbsp;&nbsp;neul_bc95_query_ip
<LI><a href="#[ee]">&gt;&gt;</a>&nbsp;&nbsp;&nbsp;neul_bc95_prepare_transmit
<LI><a href="#[eb]">&gt;&gt;</a>&nbsp;&nbsp;&nbsp;neul_bc95_hw_detect
<LI><a href="#[e8]">&gt;&gt;</a>&nbsp;&nbsp;&nbsp;neul_bc95_get_unrmsg_count
<LI><a href="#[e7]">&gt;&gt;</a>&nbsp;&nbsp;&nbsp;neul_bc95_get_netstat
<LI><a href="#[e2]">&gt;&gt;</a>&nbsp;&nbsp;&nbsp;neul_bc95_active_network
</UL>

<P><STRONG><a name="[fb]"></a>__aeabi_memclr4</STRONG> (Thumb, 0 bytes, Stack size 0 bytes, memseta.o(.text))
<BR><BR>[Called By]<UL><LI><a href="#[ff]">&gt;&gt;</a>&nbsp;&nbsp;&nbsp;osTaskInit
<LI><a href="#[fa]">&gt;&gt;</a>&nbsp;&nbsp;&nbsp;osIdleTaskCreate
<LI><a href="#[10f]">&gt;&gt;</a>&nbsp;&nbsp;&nbsp;osSwTmrTaskCreate
<LI><a href="#[103]">&gt;&gt;</a>&nbsp;&nbsp;&nbsp;osSwTmrInit
<LI><a href="#[102]">&gt;&gt;</a>&nbsp;&nbsp;&nbsp;osQueueInit
<LI><a href="#[a3]">&gt;&gt;</a>&nbsp;&nbsp;&nbsp;osQueueCreate
<LI><a href="#[a1]">&gt;&gt;</a>&nbsp;&nbsp;&nbsp;osThreadCreate
</UL>

<P><STRONG><a name="[125]"></a>__aeabi_memclr8</STRONG> (Thumb, 0 bytes, Stack size 0 bytes, memseta.o(.text), UNUSED)

<P><STRONG><a name="[4e]"></a>_memset$wrapper</STRONG> (Thumb, 18 bytes, Stack size 8 bytes, memseta.o(.text), UNUSED)
<BR><BR>[Calls]<UL><LI><a href="#[4d]">&gt;&gt;</a>&nbsp;&nbsp;&nbsp;__aeabi_memset
</UL>

<P><STRONG><a name="[e4]"></a>strstr</STRONG> (Thumb, 36 bytes, Stack size 12 bytes, strstr.o(.text))
<BR><BR>[Stack]<UL><LI>Max Depth = 12<LI>Call Chain = strstr
</UL>
<BR>[Called By]<UL><LI><a href="#[e6]">&gt;&gt;</a>&nbsp;&nbsp;&nbsp;neul_bc95_set_band
<LI><a href="#[ef]">&gt;&gt;</a>&nbsp;&nbsp;&nbsp;neul_bc95_set_auto_connect
<LI><a href="#[f4]">&gt;&gt;</a>&nbsp;&nbsp;&nbsp;neul_bc95_send_coap_paylaod
<LI><a href="#[ed]">&gt;&gt;</a>&nbsp;&nbsp;&nbsp;neul_bc95_reboot
<LI><a href="#[f2]">&gt;&gt;</a>&nbsp;&nbsp;&nbsp;neul_bc95_read_coap_msg
<LI><a href="#[f1]">&gt;&gt;</a>&nbsp;&nbsp;&nbsp;neul_bc95_query_ip
<LI><a href="#[eb]">&gt;&gt;</a>&nbsp;&nbsp;&nbsp;neul_bc95_hw_detect
<LI><a href="#[e8]">&gt;&gt;</a>&nbsp;&nbsp;&nbsp;neul_bc95_get_unrmsg_count
<LI><a href="#[e7]">&gt;&gt;</a>&nbsp;&nbsp;&nbsp;neul_bc95_get_netstat
<LI><a href="#[e2]">&gt;&gt;</a>&nbsp;&nbsp;&nbsp;neul_bc95_active_network
</UL>

<P><STRONG><a name="[e3]"></a>strlen</STRONG> (Thumb, 14 bytes, Stack size 0 bytes, strlen.o(.text))
<BR><BR>[Called By]<UL><LI><a href="#[e6]">&gt;&gt;</a>&nbsp;&nbsp;&nbsp;neul_bc95_set_band
<LI><a href="#[ef]">&gt;&gt;</a>&nbsp;&nbsp;&nbsp;neul_bc95_set_auto_connect
<LI><a href="#[f4]">&gt;&gt;</a>&nbsp;&nbsp;&nbsp;neul_bc95_send_coap_paylaod
<LI><a href="#[ed]">&gt;&gt;</a>&nbsp;&nbsp;&nbsp;neul_bc95_reboot
<LI><a href="#[f2]">&gt;&gt;</a>&nbsp;&nbsp;&nbsp;neul_bc95_read_coap_msg
<LI><a href="#[f1]">&gt;&gt;</a>&nbsp;&nbsp;&nbsp;neul_bc95_query_ip
<LI><a href="#[ee]">&gt;&gt;</a>&nbsp;&nbsp;&nbsp;neul_bc95_prepare_transmit
<LI><a href="#[eb]">&gt;&gt;</a>&nbsp;&nbsp;&nbsp;neul_bc95_hw_detect
<LI><a href="#[e8]">&gt;&gt;</a>&nbsp;&nbsp;&nbsp;neul_bc95_get_unrmsg_count
<LI><a href="#[e7]">&gt;&gt;</a>&nbsp;&nbsp;&nbsp;neul_bc95_get_netstat
<LI><a href="#[e2]">&gt;&gt;</a>&nbsp;&nbsp;&nbsp;neul_bc95_active_network
</UL>

<P><STRONG><a name="[4f]"></a>__0sscanf</STRONG> (Thumb, 48 bytes, Stack size 72 bytes, __0sscanf.o(.text))
<BR><BR>[Stack]<UL><LI>Max Depth = 216<LI>Call Chain = __0sscanf &rArr; __vfscanf_char &rArr; __vfscanf &rArr; _scanf_string
</UL>
<BR>[Calls]<UL><LI><a href="#[50]">&gt;&gt;</a>&nbsp;&nbsp;&nbsp;__vfscanf_char
</UL>
<BR>[Called By]<UL><LI><a href="#[f4]">&gt;&gt;</a>&nbsp;&nbsp;&nbsp;neul_bc95_send_coap_paylaod
<LI><a href="#[f2]">&gt;&gt;</a>&nbsp;&nbsp;&nbsp;neul_bc95_read_coap_msg
<LI><a href="#[e8]">&gt;&gt;</a>&nbsp;&nbsp;&nbsp;neul_bc95_get_unrmsg_count
</UL>

<P><STRONG><a name="[51]"></a>_scanf_int</STRONG> (Thumb, 332 bytes, Stack size 56 bytes, _scanf_int.o(.text))
<BR><BR>[Stack]<UL><LI>Max Depth = 56<LI>Call Chain = _scanf_int
</UL>
<BR>[Calls]<UL><LI><a href="#[52]">&gt;&gt;</a>&nbsp;&nbsp;&nbsp;_chval
</UL>
<BR>[Called By]<UL><LI><a href="#[56]">&gt;&gt;</a>&nbsp;&nbsp;&nbsp;__vfscanf
</UL>

<P><STRONG><a name="[5f]"></a>_scanf_string</STRONG> (Thumb, 224 bytes, Stack size 56 bytes, _scanf_str.o(.text))
<BR><BR>[Stack]<UL><LI>Max Depth = 56<LI>Call Chain = _scanf_string
</UL>
<BR>[Called By]<UL><LI><a href="#[56]">&gt;&gt;</a>&nbsp;&nbsp;&nbsp;__vfscanf
</UL>

<P><STRONG><a name="[53]"></a>__aeabi_ddiv</STRONG> (Thumb, 222 bytes, Stack size 32 bytes, ddiv.o(.text), UNUSED)
<BR><BR>[Calls]<UL><LI><a href="#[54]">&gt;&gt;</a>&nbsp;&nbsp;&nbsp;_double_round
</UL>
<BR>[Called By]<UL><LI><a href="#[d1]">&gt;&gt;</a>&nbsp;&nbsp;&nbsp;_fp_digits
</UL>

<P><STRONG><a name="[55]"></a>__aeabi_d2ulz</STRONG> (Thumb, 48 bytes, Stack size 0 bytes, dfixul.o(.text), UNUSED)
<BR><BR>[Calls]<UL><LI><a href="#[4a]">&gt;&gt;</a>&nbsp;&nbsp;&nbsp;__aeabi_llsr
<LI><a href="#[4b]">&gt;&gt;</a>&nbsp;&nbsp;&nbsp;__aeabi_llsl
</UL>
<BR>[Called By]<UL><LI><a href="#[d1]">&gt;&gt;</a>&nbsp;&nbsp;&nbsp;_fp_digits
</UL>

<P><STRONG><a name="[126]"></a>__aeabi_uidiv</STRONG> (Thumb, 0 bytes, Stack size 12 bytes, uidiv.o(.text), UNUSED)

<P><STRONG><a name="[d5]"></a>__aeabi_uidivmod</STRONG> (Thumb, 44 bytes, Stack size 12 bytes, uidiv.o(.text), UNUSED)
<BR><BR>[Called By]<UL><LI><a href="#[d0]">&gt;&gt;</a>&nbsp;&nbsp;&nbsp;_printf_core
</UL>

<P><STRONG><a name="[4b]"></a>__aeabi_llsl</STRONG> (Thumb, 30 bytes, Stack size 0 bytes, llshl.o(.text))
<BR><BR>[Called By]<UL><LI><a href="#[55]">&gt;&gt;</a>&nbsp;&nbsp;&nbsp;__aeabi_d2ulz
<LI><a href="#[49]">&gt;&gt;</a>&nbsp;&nbsp;&nbsp;__aeabi_uldivmod
<LI><a href="#[57]">&gt;&gt;</a>&nbsp;&nbsp;&nbsp;_double_epilogue
<LI><a href="#[58]">&gt;&gt;</a>&nbsp;&nbsp;&nbsp;__aeabi_dadd
</UL>

<P><STRONG><a name="[127]"></a>_ll_shift_l</STRONG> (Thumb, 0 bytes, Stack size 0 bytes, llshl.o(.text), UNUSED)

<P><STRONG><a name="[52]"></a>_chval</STRONG> (Thumb, 28 bytes, Stack size 0 bytes, _chval.o(.text))
<BR><BR>[Called By]<UL><LI><a href="#[51]">&gt;&gt;</a>&nbsp;&nbsp;&nbsp;_scanf_int
</UL>

<P><STRONG><a name="[50]"></a>__vfscanf_char</STRONG> (Thumb, 20 bytes, Stack size 0 bytes, scanf_char.o(.text))
<BR><BR>[Stack]<UL><LI>Max Depth = 144<LI>Call Chain = __vfscanf_char &rArr; __vfscanf &rArr; _scanf_string
</UL>
<BR>[Calls]<UL><LI><a href="#[56]">&gt;&gt;</a>&nbsp;&nbsp;&nbsp;__vfscanf
</UL>
<BR>[Called By]<UL><LI><a href="#[4f]">&gt;&gt;</a>&nbsp;&nbsp;&nbsp;__0sscanf
</UL>

<P><STRONG><a name="[3b]"></a>_sgetc</STRONG> (Thumb, 30 bytes, Stack size 0 bytes, _sgetc.o(.text))
<BR>[Address Reference Count : 1]<UL><LI> __0sscanf.o(.text)
</UL>
<P><STRONG><a name="[3c]"></a>_sbackspace</STRONG> (Thumb, 34 bytes, Stack size 0 bytes, _sgetc.o(.text))
<BR>[Address Reference Count : 1]<UL><LI> __0sscanf.o(.text)
</UL>
<P><STRONG><a name="[128]"></a>__I$use$fp</STRONG> (Thumb, 0 bytes, Stack size 8 bytes, iusefp.o(.text), UNUSED)

<P><STRONG><a name="[54]"></a>_double_round</STRONG> (Thumb, 30 bytes, Stack size 8 bytes, depilogue.o(.text), UNUSED)
<BR><BR>[Called By]<UL><LI><a href="#[53]">&gt;&gt;</a>&nbsp;&nbsp;&nbsp;__aeabi_ddiv
<LI><a href="#[57]">&gt;&gt;</a>&nbsp;&nbsp;&nbsp;_double_epilogue
<LI><a href="#[58]">&gt;&gt;</a>&nbsp;&nbsp;&nbsp;__aeabi_dadd
</UL>

<P><STRONG><a name="[57]"></a>_double_epilogue</STRONG> (Thumb, 156 bytes, Stack size 32 bytes, depilogue.o(.text), UNUSED)
<BR><BR>[Calls]<UL><LI><a href="#[4a]">&gt;&gt;</a>&nbsp;&nbsp;&nbsp;__aeabi_llsr
<LI><a href="#[4b]">&gt;&gt;</a>&nbsp;&nbsp;&nbsp;__aeabi_llsl
<LI><a href="#[54]">&gt;&gt;</a>&nbsp;&nbsp;&nbsp;_double_round
</UL>
<BR>[Called By]<UL><LI><a href="#[5c]">&gt;&gt;</a>&nbsp;&nbsp;&nbsp;__aeabi_dmul
<LI><a href="#[58]">&gt;&gt;</a>&nbsp;&nbsp;&nbsp;__aeabi_dadd
</UL>

<P><STRONG><a name="[58]"></a>__aeabi_dadd</STRONG> (Thumb, 322 bytes, Stack size 48 bytes, dadd.o(.text), UNUSED)
<BR><BR>[Calls]<UL><LI><a href="#[59]">&gt;&gt;</a>&nbsp;&nbsp;&nbsp;__aeabi_lasr
<LI><a href="#[4b]">&gt;&gt;</a>&nbsp;&nbsp;&nbsp;__aeabi_llsl
<LI><a href="#[57]">&gt;&gt;</a>&nbsp;&nbsp;&nbsp;_double_epilogue
<LI><a href="#[54]">&gt;&gt;</a>&nbsp;&nbsp;&nbsp;_double_round
</UL>
<BR>[Called By]<UL><LI><a href="#[5b]">&gt;&gt;</a>&nbsp;&nbsp;&nbsp;__aeabi_drsub
<LI><a href="#[5a]">&gt;&gt;</a>&nbsp;&nbsp;&nbsp;__aeabi_dsub
<LI><a href="#[d1]">&gt;&gt;</a>&nbsp;&nbsp;&nbsp;_fp_digits
</UL>

<P><STRONG><a name="[5a]"></a>__aeabi_dsub</STRONG> (Thumb, 6 bytes, Stack size 0 bytes, dadd.o(.text), UNUSED)
<BR><BR>[Calls]<UL><LI><a href="#[58]">&gt;&gt;</a>&nbsp;&nbsp;&nbsp;__aeabi_dadd
</UL>

<P><STRONG><a name="[5b]"></a>__aeabi_drsub</STRONG> (Thumb, 6 bytes, Stack size 0 bytes, dadd.o(.text), UNUSED)
<BR><BR>[Calls]<UL><LI><a href="#[58]">&gt;&gt;</a>&nbsp;&nbsp;&nbsp;__aeabi_dadd
</UL>

<P><STRONG><a name="[5c]"></a>__aeabi_dmul</STRONG> (Thumb, 228 bytes, Stack size 48 bytes, dmul.o(.text), UNUSED)
<BR><BR>[Calls]<UL><LI><a href="#[57]">&gt;&gt;</a>&nbsp;&nbsp;&nbsp;_double_epilogue
</UL>
<BR>[Called By]<UL><LI><a href="#[d1]">&gt;&gt;</a>&nbsp;&nbsp;&nbsp;_fp_digits
</UL>

<P><STRONG><a name="[d2]"></a>__aeabi_cdrcmple</STRONG> (Thumb, 48 bytes, Stack size 0 bytes, cdrcmple.o(.text), UNUSED)
<BR><BR>[Called By]<UL><LI><a href="#[d1]">&gt;&gt;</a>&nbsp;&nbsp;&nbsp;_fp_digits
</UL>

<P><STRONG><a name="[48]"></a>__scatterload</STRONG> (Thumb, 28 bytes, Stack size 0 bytes, init.o(.text))
<BR><BR>[Calls]<UL><LI><a href="#[5d]">&gt;&gt;</a>&nbsp;&nbsp;&nbsp;__main_after_scatterload
</UL>
<BR>[Called By]<UL><LI><a href="#[47]">&gt;&gt;</a>&nbsp;&nbsp;&nbsp;_main_scatterload
</UL>

<P><STRONG><a name="[129]"></a>__scatterload_rt2</STRONG> (Thumb, 0 bytes, Stack size 0 bytes, init.o(.text), UNUSED)

<P><STRONG><a name="[59]"></a>__aeabi_lasr</STRONG> (Thumb, 36 bytes, Stack size 0 bytes, llsshr.o(.text), UNUSED)
<BR><BR>[Called By]<UL><LI><a href="#[58]">&gt;&gt;</a>&nbsp;&nbsp;&nbsp;__aeabi_dadd
</UL>

<P><STRONG><a name="[12a]"></a>_ll_sshift_r</STRONG> (Thumb, 0 bytes, Stack size 0 bytes, llsshr.o(.text), UNUSED)

<P><STRONG><a name="[3e]"></a>isspace</STRONG> (Thumb, 10 bytes, Stack size 0 bytes, isspace_c.o(.text))
<BR><BR>[Calls]<UL><LI><a href="#[5e]">&gt;&gt;</a>&nbsp;&nbsp;&nbsp;__ctype_lookup
</UL>
<BR>[Address Reference Count : 1]<UL><LI> scanf_char.o(.text)
</UL>
<P><STRONG><a name="[56]"></a>__vfscanf</STRONG> (Thumb, 808 bytes, Stack size 88 bytes, _scanf.o(.text))
<BR><BR>[Stack]<UL><LI>Max Depth = 144<LI>Call Chain = __vfscanf &rArr; _scanf_string
</UL>
<BR>[Calls]<UL><LI><a href="#[5f]">&gt;&gt;</a>&nbsp;&nbsp;&nbsp;_scanf_string
<LI><a href="#[51]">&gt;&gt;</a>&nbsp;&nbsp;&nbsp;_scanf_int
</UL>
<BR>[Called By]<UL><LI><a href="#[50]">&gt;&gt;</a>&nbsp;&nbsp;&nbsp;__vfscanf_char
</UL>

<P><STRONG><a name="[5e]"></a>__ctype_lookup</STRONG> (Thumb, 34 bytes, Stack size 0 bytes, ctype_c.o(.text))
<BR><BR>[Called By]<UL><LI><a href="#[3e]">&gt;&gt;</a>&nbsp;&nbsp;&nbsp;isspace
</UL>

<P><STRONG><a name="[12b]"></a>__decompress</STRONG> (Thumb, 0 bytes, Stack size unknown bytes, __dczerorl2.o(.text), UNUSED)

<P><STRONG><a name="[12c]"></a>__decompress1</STRONG> (Thumb, 86 bytes, Stack size unknown bytes, __dczerorl2.o(.text), UNUSED)

<P><STRONG><a name="[fc]"></a>LOS_IntNumGet</STRONG> (Thumb, 0 bytes, Stack size unknown bytes, los_dispatch_keil.o(KERNEL))
<BR><BR>[Called By]<UL><LI><a href="#[f7]">&gt;&gt;</a>&nbsp;&nbsp;&nbsp;osIntNumGet
</UL>

<P><STRONG><a name="[115]"></a>osDisableIRQ</STRONG> (Thumb, 0 bytes, Stack size unknown bytes, los_dispatch_keil.o(KERNEL))
<BR><BR>[Called By]<UL><LI><a href="#[45]">&gt;&gt;</a>&nbsp;&nbsp;&nbsp;osTaskExit
</UL>

<P><STRONG><a name="[92]"></a>LOS_IntLock</STRONG> (Thumb, 0 bytes, Stack size unknown bytes, los_dispatch_keil.o(KERNEL))
<BR><BR>[Called By]<UL><LI><a href="#[b5]">&gt;&gt;</a>&nbsp;&nbsp;&nbsp;LOS_SemPost
<LI><a href="#[a7]">&gt;&gt;</a>&nbsp;&nbsp;&nbsp;LOS_Schedule
<LI><a href="#[96]">&gt;&gt;</a>&nbsp;&nbsp;&nbsp;LOS_MemFree
<LI><a href="#[95]">&gt;&gt;</a>&nbsp;&nbsp;&nbsp;LOS_MemAllocAlign
<LI><a href="#[46]">&gt;&gt;</a>&nbsp;&nbsp;&nbsp;osTaskEntry
<LI><a href="#[c2]">&gt;&gt;</a>&nbsp;&nbsp;&nbsp;LOS_TaskYield
<LI><a href="#[c4]">&gt;&gt;</a>&nbsp;&nbsp;&nbsp;LOS_TaskUnlock
<LI><a href="#[c3]">&gt;&gt;</a>&nbsp;&nbsp;&nbsp;LOS_TaskLock
<LI><a href="#[c1]">&gt;&gt;</a>&nbsp;&nbsp;&nbsp;LOS_TaskDelay
<LI><a href="#[bb]">&gt;&gt;</a>&nbsp;&nbsp;&nbsp;LOS_TaskCreateOnly
<LI><a href="#[ba]">&gt;&gt;</a>&nbsp;&nbsp;&nbsp;LOS_TaskCreate
<LI><a href="#[aa]">&gt;&gt;</a>&nbsp;&nbsp;&nbsp;LOS_QueueWrite
<LI><a href="#[a5]">&gt;&gt;</a>&nbsp;&nbsp;&nbsp;LOS_QueueRead
<LI><a href="#[a2]">&gt;&gt;</a>&nbsp;&nbsp;&nbsp;LOS_QueueCreate
<LI><a href="#[9f]">&gt;&gt;</a>&nbsp;&nbsp;&nbsp;LOS_MemboxInit
<LI><a href="#[9e]">&gt;&gt;</a>&nbsp;&nbsp;&nbsp;LOS_MemboxFree
<LI><a href="#[9d]">&gt;&gt;</a>&nbsp;&nbsp;&nbsp;LOS_MemboxAlloc
<LI><a href="#[91]">&gt;&gt;</a>&nbsp;&nbsp;&nbsp;LOS_MemAlloc
<LI><a href="#[c6]">&gt;&gt;</a>&nbsp;&nbsp;&nbsp;LOS_TickHandler
<LI><a href="#[99]">&gt;&gt;</a>&nbsp;&nbsp;&nbsp;LOS_MemInit
<LI><a href="#[b2]">&gt;&gt;</a>&nbsp;&nbsp;&nbsp;LOS_SemPend
<LI><a href="#[ae]">&gt;&gt;</a>&nbsp;&nbsp;&nbsp;LOS_SemCreate
</UL>

<P><STRONG><a name="[12d]"></a>LOS_IntUnLock</STRONG> (Thumb, 0 bytes, Stack size unknown bytes, los_dispatch_keil.o(KERNEL), UNUSED)

<P><STRONG><a name="[94]"></a>LOS_IntRestore</STRONG> (Thumb, 0 bytes, Stack size unknown bytes, los_dispatch_keil.o(KERNEL))
<BR><BR>[Called By]<UL><LI><a href="#[b5]">&gt;&gt;</a>&nbsp;&nbsp;&nbsp;LOS_SemPost
<LI><a href="#[a7]">&gt;&gt;</a>&nbsp;&nbsp;&nbsp;LOS_Schedule
<LI><a href="#[96]">&gt;&gt;</a>&nbsp;&nbsp;&nbsp;LOS_MemFree
<LI><a href="#[95]">&gt;&gt;</a>&nbsp;&nbsp;&nbsp;LOS_MemAllocAlign
<LI><a href="#[114]">&gt;&gt;</a>&nbsp;&nbsp;&nbsp;osTaskSelfDelete
<LI><a href="#[46]">&gt;&gt;</a>&nbsp;&nbsp;&nbsp;osTaskEntry
<LI><a href="#[c2]">&gt;&gt;</a>&nbsp;&nbsp;&nbsp;LOS_TaskYield
<LI><a href="#[c4]">&gt;&gt;</a>&nbsp;&nbsp;&nbsp;LOS_TaskUnlock
<LI><a href="#[c3]">&gt;&gt;</a>&nbsp;&nbsp;&nbsp;LOS_TaskLock
<LI><a href="#[c1]">&gt;&gt;</a>&nbsp;&nbsp;&nbsp;LOS_TaskDelay
<LI><a href="#[bb]">&gt;&gt;</a>&nbsp;&nbsp;&nbsp;LOS_TaskCreateOnly
<LI><a href="#[ba]">&gt;&gt;</a>&nbsp;&nbsp;&nbsp;LOS_TaskCreate
<LI><a href="#[aa]">&gt;&gt;</a>&nbsp;&nbsp;&nbsp;LOS_QueueWrite
<LI><a href="#[a5]">&gt;&gt;</a>&nbsp;&nbsp;&nbsp;LOS_QueueRead
<LI><a href="#[a2]">&gt;&gt;</a>&nbsp;&nbsp;&nbsp;LOS_QueueCreate
<LI><a href="#[9f]">&gt;&gt;</a>&nbsp;&nbsp;&nbsp;LOS_MemboxInit
<LI><a href="#[9e]">&gt;&gt;</a>&nbsp;&nbsp;&nbsp;LOS_MemboxFree
<LI><a href="#[9d]">&gt;&gt;</a>&nbsp;&nbsp;&nbsp;LOS_MemboxAlloc
<LI><a href="#[91]">&gt;&gt;</a>&nbsp;&nbsp;&nbsp;LOS_MemAlloc
<LI><a href="#[c6]">&gt;&gt;</a>&nbsp;&nbsp;&nbsp;LOS_TickHandler
<LI><a href="#[99]">&gt;&gt;</a>&nbsp;&nbsp;&nbsp;LOS_MemInit
<LI><a href="#[b2]">&gt;&gt;</a>&nbsp;&nbsp;&nbsp;LOS_SemPend
<LI><a href="#[ae]">&gt;&gt;</a>&nbsp;&nbsp;&nbsp;LOS_SemCreate
</UL>

<P><STRONG><a name="[ad]"></a>osTaskSchedule</STRONG> (Thumb, 0 bytes, Stack size unknown bytes, los_dispatch_keil.o(KERNEL))
<BR><BR>[Called By]<UL><LI><a href="#[bc]">&gt;&gt;</a>&nbsp;&nbsp;&nbsp;osSchedule
<LI><a href="#[a7]">&gt;&gt;</a>&nbsp;&nbsp;&nbsp;LOS_Schedule
</UL>

<P><STRONG><a name="[4]"></a>PendSV_Handler</STRONG> (Thumb, 0 bytes, Stack size unknown bytes, los_dispatch_keil.o(KERNEL))
<BR>[Address Reference Count : 2]<UL><LI> los_hwi.o(.vector.bss)
<LI> startup_stm32f103xb.o(RESET)
</UL>
<P><STRONG><a name="[9]"></a>BusFault_Handler</STRONG> (Thumb, 4 bytes, Stack size 0 bytes, stm32f1xx_it.o(i.BusFault_Handler))
<BR>[Address Reference Count : 1]<UL><LI> startup_stm32f103xb.o(RESET)
</UL>
<P><STRONG><a name="[c]"></a>DebugMon_Handler</STRONG> (Thumb, 2 bytes, Stack size 0 bytes, stm32f1xx_it.o(i.DebugMon_Handler))
<BR>[Address Reference Count : 1]<UL><LI> startup_stm32f103xb.o(RESET)
</UL>
<P><STRONG><a name="[60]"></a>HAL_Delay</STRONG> (Thumb, 26 bytes, Stack size 16 bytes, stm32f1xx_hal.o(i.HAL_Delay))
<BR><BR>[Stack]<UL><LI>Max Depth = 16<LI>Call Chain = HAL_Delay
</UL>
<BR>[Calls]<UL><LI><a href="#[61]">&gt;&gt;</a>&nbsp;&nbsp;&nbsp;HAL_GetTick
</UL>
<BR>[Called By]<UL><LI><a href="#[6f]">&gt;&gt;</a>&nbsp;&nbsp;&nbsp;HAL_RCC_OscConfig
</UL>

<P><STRONG><a name="[79]"></a>HAL_GPIO_Init</STRONG> (Thumb, 790 bytes, Stack size 36 bytes, stm32f1xx_hal_gpio.o(i.HAL_GPIO_Init))
<BR><BR>[Stack]<UL><LI>Max Depth = 36<LI>Call Chain = HAL_GPIO_Init
</UL>
<BR>[Called By]<UL><LI><a href="#[77]">&gt;&gt;</a>&nbsp;&nbsp;&nbsp;HAL_UART_MspInit
<LI><a href="#[8c]">&gt;&gt;</a>&nbsp;&nbsp;&nbsp;LOS_MAX7219_Init_CS
<LI><a href="#[8b]">&gt;&gt;</a>&nbsp;&nbsp;&nbsp;SPIx_MspInit
</UL>

<P><STRONG><a name="[88]"></a>HAL_GPIO_WritePin</STRONG> (Thumb, 12 bytes, Stack size 0 bytes, stm32f1xx_hal_gpio.o(i.HAL_GPIO_WritePin))
<BR><BR>[Called By]<UL><LI><a href="#[8c]">&gt;&gt;</a>&nbsp;&nbsp;&nbsp;LOS_MAX7219_Init_CS
<LI><a href="#[87]">&gt;&gt;</a>&nbsp;&nbsp;&nbsp;LOS_MAX7219_Ctrl_CS
</UL>

<P><STRONG><a name="[61]"></a>HAL_GetTick</STRONG> (Thumb, 6 bytes, Stack size 0 bytes, stm32f1xx_hal.o(i.HAL_GetTick))
<BR><BR>[Called By]<UL><LI><a href="#[60]">&gt;&gt;</a>&nbsp;&nbsp;&nbsp;HAL_Delay
<LI><a href="#[6f]">&gt;&gt;</a>&nbsp;&nbsp;&nbsp;HAL_RCC_OscConfig
<LI><a href="#[6b]">&gt;&gt;</a>&nbsp;&nbsp;&nbsp;HAL_RCC_ClockConfig
<LI><a href="#[75]">&gt;&gt;</a>&nbsp;&nbsp;&nbsp;SPI_WaitOnFlagUntilTimeout
</UL>

<P><STRONG><a name="[c8]"></a>HAL_IncTick</STRONG> (Thumb, 12 bytes, Stack size 0 bytes, stm32f1xx_hal.o(i.HAL_IncTick))
<BR><BR>[Called By]<UL><LI><a href="#[5]">&gt;&gt;</a>&nbsp;&nbsp;&nbsp;SysTick_Handler
</UL>

<P><STRONG><a name="[62]"></a>HAL_Init</STRONG> (Thumb, 34 bytes, Stack size 8 bytes, stm32f1xx_hal.o(i.HAL_Init))
<BR><BR>[Stack]<UL><LI>Max Depth = 72<LI>Call Chain = HAL_Init &rArr; HAL_InitTick &rArr; HAL_NVIC_SetPriority &rArr; NVIC_SetPriority
</UL>
<BR>[Calls]<UL><LI><a href="#[64]">&gt;&gt;</a>&nbsp;&nbsp;&nbsp;HAL_InitTick
<LI><a href="#[63]">&gt;&gt;</a>&nbsp;&nbsp;&nbsp;HAL_NVIC_SetPriorityGrouping
<LI><a href="#[65]">&gt;&gt;</a>&nbsp;&nbsp;&nbsp;HAL_MspInit
</UL>
<BR>[Called By]<UL><LI><a href="#[38]">&gt;&gt;</a>&nbsp;&nbsp;&nbsp;main
</UL>

<P><STRONG><a name="[64]"></a>HAL_InitTick</STRONG> (Thumb, 36 bytes, Stack size 16 bytes, stm32f1xx_hal.o(i.HAL_InitTick))
<BR><BR>[Stack]<UL><LI>Max Depth = 64<LI>Call Chain = HAL_InitTick &rArr; HAL_NVIC_SetPriority &rArr; NVIC_SetPriority
</UL>
<BR>[Calls]<UL><LI><a href="#[67]">&gt;&gt;</a>&nbsp;&nbsp;&nbsp;HAL_SYSTICK_Config
<LI><a href="#[66]">&gt;&gt;</a>&nbsp;&nbsp;&nbsp;HAL_RCC_GetHCLKFreq
<LI><a href="#[68]">&gt;&gt;</a>&nbsp;&nbsp;&nbsp;HAL_NVIC_SetPriority
</UL>
<BR>[Called By]<UL><LI><a href="#[62]">&gt;&gt;</a>&nbsp;&nbsp;&nbsp;HAL_Init
<LI><a href="#[6b]">&gt;&gt;</a>&nbsp;&nbsp;&nbsp;HAL_RCC_ClockConfig
</UL>

<P><STRONG><a name="[65]"></a>HAL_MspInit</STRONG> (Thumb, 114 bytes, Stack size 8 bytes, stm32f1xx_hal_msp.o(i.HAL_MspInit))
<BR><BR>[Stack]<UL><LI>Max Depth = 56<LI>Call Chain = HAL_MspInit &rArr; HAL_NVIC_SetPriority &rArr; NVIC_SetPriority
</UL>
<BR>[Calls]<UL><LI><a href="#[63]">&gt;&gt;</a>&nbsp;&nbsp;&nbsp;HAL_NVIC_SetPriorityGrouping
<LI><a href="#[68]">&gt;&gt;</a>&nbsp;&nbsp;&nbsp;HAL_NVIC_SetPriority
</UL>
<BR>[Called By]<UL><LI><a href="#[62]">&gt;&gt;</a>&nbsp;&nbsp;&nbsp;HAL_Init
</UL>

<P><STRONG><a name="[7a]"></a>HAL_NVIC_EnableIRQ</STRONG> (Thumb, 26 bytes, Stack size 0 bytes, stm32f1xx_hal_cortex.o(i.HAL_NVIC_EnableIRQ))
<BR><BR>[Called By]<UL><LI><a href="#[77]">&gt;&gt;</a>&nbsp;&nbsp;&nbsp;HAL_UART_MspInit
</UL>

<P><STRONG><a name="[68]"></a>HAL_NVIC_SetPriority</STRONG> (Thumb, 124 bytes, Stack size 40 bytes, stm32f1xx_hal_cortex.o(i.HAL_NVIC_SetPriority))
<BR><BR>[Stack]<UL><LI>Max Depth = 48<LI>Call Chain = HAL_NVIC_SetPriority &rArr; NVIC_SetPriority
</UL>
<BR>[Calls]<UL><LI><a href="#[6a]">&gt;&gt;</a>&nbsp;&nbsp;&nbsp;NVIC_SetPriority
<LI><a href="#[69]">&gt;&gt;</a>&nbsp;&nbsp;&nbsp;NVIC_GetPriorityGrouping
</UL>
<BR>[Called By]<UL><LI><a href="#[64]">&gt;&gt;</a>&nbsp;&nbsp;&nbsp;HAL_InitTick
<LI><a href="#[77]">&gt;&gt;</a>&nbsp;&nbsp;&nbsp;HAL_UART_MspInit
<LI><a href="#[65]">&gt;&gt;</a>&nbsp;&nbsp;&nbsp;HAL_MspInit
<LI><a href="#[c9]">&gt;&gt;</a>&nbsp;&nbsp;&nbsp;SystemClock_Config
</UL>

<P><STRONG><a name="[63]"></a>HAL_NVIC_SetPriorityGrouping</STRONG> (Thumb, 32 bytes, Stack size 0 bytes, stm32f1xx_hal_cortex.o(i.HAL_NVIC_SetPriorityGrouping))
<BR><BR>[Called By]<UL><LI><a href="#[62]">&gt;&gt;</a>&nbsp;&nbsp;&nbsp;HAL_Init
<LI><a href="#[65]">&gt;&gt;</a>&nbsp;&nbsp;&nbsp;HAL_MspInit
</UL>

<P><STRONG><a name="[6b]"></a>HAL_RCC_ClockConfig</STRONG> (Thumb, 648 bytes, Stack size 16 bytes, stm32f1xx_hal_rcc.o(i.HAL_RCC_ClockConfig))
<BR><BR>[Stack]<UL><LI>Max Depth = 80<LI>Call Chain = HAL_RCC_ClockConfig &rArr; HAL_InitTick &rArr; HAL_NVIC_SetPriority &rArr; NVIC_SetPriority
</UL>
<BR>[Calls]<UL><LI><a href="#[64]">&gt;&gt;</a>&nbsp;&nbsp;&nbsp;HAL_InitTick
<LI><a href="#[61]">&gt;&gt;</a>&nbsp;&nbsp;&nbsp;HAL_GetTick
<LI><a href="#[6c]">&gt;&gt;</a>&nbsp;&nbsp;&nbsp;HAL_RCC_GetSysClockFreq
</UL>
<BR>[Called By]<UL><LI><a href="#[c9]">&gt;&gt;</a>&nbsp;&nbsp;&nbsp;SystemClock_Config
</UL>

<P><STRONG><a name="[66]"></a>HAL_RCC_GetHCLKFreq</STRONG> (Thumb, 6 bytes, Stack size 0 bytes, stm32f1xx_hal_rcc.o(i.HAL_RCC_GetHCLKFreq))
<BR><BR>[Called By]<UL><LI><a href="#[64]">&gt;&gt;</a>&nbsp;&nbsp;&nbsp;HAL_InitTick
<LI><a href="#[6e]">&gt;&gt;</a>&nbsp;&nbsp;&nbsp;HAL_RCC_GetPCLK2Freq
<LI><a href="#[6d]">&gt;&gt;</a>&nbsp;&nbsp;&nbsp;HAL_RCC_GetPCLK1Freq
<LI><a href="#[c9]">&gt;&gt;</a>&nbsp;&nbsp;&nbsp;SystemClock_Config
</UL>

<P><STRONG><a name="[6d]"></a>HAL_RCC_GetPCLK1Freq</STRONG> (Thumb, 36 bytes, Stack size 4 bytes, stm32f1xx_hal_rcc.o(i.HAL_RCC_GetPCLK1Freq))
<BR><BR>[Stack]<UL><LI>Max Depth = 4<LI>Call Chain = HAL_RCC_GetPCLK1Freq
</UL>
<BR>[Calls]<UL><LI><a href="#[66]">&gt;&gt;</a>&nbsp;&nbsp;&nbsp;HAL_RCC_GetHCLKFreq
</UL>
<BR>[Called By]<UL><LI><a href="#[78]">&gt;&gt;</a>&nbsp;&nbsp;&nbsp;UART_SetConfig
</UL>

<P><STRONG><a name="[6e]"></a>HAL_RCC_GetPCLK2Freq</STRONG> (Thumb, 36 bytes, Stack size 4 bytes, stm32f1xx_hal_rcc.o(i.HAL_RCC_GetPCLK2Freq))
<BR><BR>[Stack]<UL><LI>Max Depth = 4<LI>Call Chain = HAL_RCC_GetPCLK2Freq
</UL>
<BR>[Calls]<UL><LI><a href="#[66]">&gt;&gt;</a>&nbsp;&nbsp;&nbsp;HAL_RCC_GetHCLKFreq
</UL>
<BR>[Called By]<UL><LI><a href="#[78]">&gt;&gt;</a>&nbsp;&nbsp;&nbsp;UART_SetConfig
</UL>

<P><STRONG><a name="[6c]"></a>HAL_RCC_GetSysClockFreq</STRONG> (Thumb, 146 bytes, Stack size 40 bytes, stm32f1xx_hal_rcc.o(i.HAL_RCC_GetSysClockFreq))
<BR><BR>[Stack]<UL><LI>Max Depth = 40<LI>Call Chain = HAL_RCC_GetSysClockFreq
</UL>
<BR>[Called By]<UL><LI><a href="#[6b]">&gt;&gt;</a>&nbsp;&nbsp;&nbsp;HAL_RCC_ClockConfig
</UL>

<P><STRONG><a name="[6f]"></a>HAL_RCC_OscConfig</STRONG> (Thumb, 2164 bytes, Stack size 16 bytes, stm32f1xx_hal_rcc.o(i.HAL_RCC_OscConfig))
<BR><BR>[Stack]<UL><LI>Max Depth = 32<LI>Call Chain = HAL_RCC_OscConfig &rArr; HAL_Delay
</UL>
<BR>[Calls]<UL><LI><a href="#[61]">&gt;&gt;</a>&nbsp;&nbsp;&nbsp;HAL_GetTick
<LI><a href="#[60]">&gt;&gt;</a>&nbsp;&nbsp;&nbsp;HAL_Delay
</UL>
<BR>[Called By]<UL><LI><a href="#[c9]">&gt;&gt;</a>&nbsp;&nbsp;&nbsp;SystemClock_Config
</UL>

<P><STRONG><a name="[70]"></a>HAL_SPI_DeInit</STRONG> (Thumb, 54 bytes, Stack size 8 bytes, stm32f1xx_hal_spi.o(i.HAL_SPI_DeInit))
<BR><BR>[Stack]<UL><LI>Max Depth = 8<LI>Call Chain = HAL_SPI_DeInit
</UL>
<BR>[Calls]<UL><LI><a href="#[71]">&gt;&gt;</a>&nbsp;&nbsp;&nbsp;HAL_SPI_MspDeInit
</UL>
<BR>[Called By]<UL><LI><a href="#[ab]">&gt;&gt;</a>&nbsp;&nbsp;&nbsp;LOS_SPIx_Error
</UL>

<P><STRONG><a name="[8a]"></a>HAL_SPI_GetState</STRONG> (Thumb, 8 bytes, Stack size 0 bytes, stm32f1xx_hal_spi.o(i.HAL_SPI_GetState))
<BR><BR>[Called By]<UL><LI><a href="#[89]">&gt;&gt;</a>&nbsp;&nbsp;&nbsp;LOS_MAX7219_Driver_Init
</UL>

<P><STRONG><a name="[72]"></a>HAL_SPI_Init</STRONG> (Thumb, 124 bytes, Stack size 8 bytes, stm32f1xx_hal_spi.o(i.HAL_SPI_Init))
<BR><BR>[Stack]<UL><LI>Max Depth = 8<LI>Call Chain = HAL_SPI_Init
</UL>
<BR>[Calls]<UL><LI><a href="#[73]">&gt;&gt;</a>&nbsp;&nbsp;&nbsp;HAL_SPI_MspInit
</UL>
<BR>[Called By]<UL><LI><a href="#[89]">&gt;&gt;</a>&nbsp;&nbsp;&nbsp;LOS_MAX7219_Driver_Init
</UL>

<P><STRONG><a name="[71]"></a>HAL_SPI_MspDeInit</STRONG> (Thumb, 2 bytes, Stack size 0 bytes, stm32f1xx_hal_spi.o(i.HAL_SPI_MspDeInit))
<BR><BR>[Called By]<UL><LI><a href="#[70]">&gt;&gt;</a>&nbsp;&nbsp;&nbsp;HAL_SPI_DeInit
</UL>

<P><STRONG><a name="[73]"></a>HAL_SPI_MspInit</STRONG> (Thumb, 2 bytes, Stack size 0 bytes, stm32f1xx_hal_spi.o(i.HAL_SPI_MspInit))
<BR><BR>[Called By]<UL><LI><a href="#[72]">&gt;&gt;</a>&nbsp;&nbsp;&nbsp;HAL_SPI_Init
</UL>

<P><STRONG><a name="[74]"></a>HAL_SPI_Transmit</STRONG> (Thumb, 448 bytes, Stack size 24 bytes, stm32f1xx_hal_spi.o(i.HAL_SPI_Transmit))
<BR><BR>[Stack]<UL><LI>Max Depth = 48<LI>Call Chain = HAL_SPI_Transmit &rArr; SPI_WaitOnFlagUntilTimeout
</UL>
<BR>[Calls]<UL><LI><a href="#[75]">&gt;&gt;</a>&nbsp;&nbsp;&nbsp;SPI_WaitOnFlagUntilTimeout
</UL>
<BR>[Called By]<UL><LI><a href="#[8f]">&gt;&gt;</a>&nbsp;&nbsp;&nbsp;LOS_SPIx_Write
</UL>

<P><STRONG><a name="[cb]"></a>HAL_SYSTICK_CLKSourceConfig</STRONG> (Thumb, 40 bytes, Stack size 0 bytes, stm32f1xx_hal_cortex.o(i.HAL_SYSTICK_CLKSourceConfig))
<BR><BR>[Called By]<UL><LI><a href="#[c9]">&gt;&gt;</a>&nbsp;&nbsp;&nbsp;SystemClock_Config
</UL>

<P><STRONG><a name="[67]"></a>HAL_SYSTICK_Config</STRONG> (Thumb, 52 bytes, Stack size 16 bytes, stm32f1xx_hal_cortex.o(i.HAL_SYSTICK_Config))
<BR><BR>[Stack]<UL><LI>Max Depth = 24<LI>Call Chain = HAL_SYSTICK_Config &rArr; NVIC_SetPriority
</UL>
<BR>[Calls]<UL><LI><a href="#[6a]">&gt;&gt;</a>&nbsp;&nbsp;&nbsp;NVIC_SetPriority
</UL>
<BR>[Called By]<UL><LI><a href="#[64]">&gt;&gt;</a>&nbsp;&nbsp;&nbsp;HAL_InitTick
<LI><a href="#[c9]">&gt;&gt;</a>&nbsp;&nbsp;&nbsp;SystemClock_Config
</UL>

<P><STRONG><a name="[76]"></a>HAL_UART_Init</STRONG> (Thumb, 110 bytes, Stack size 8 bytes, stm32f1xx_hal_uart.o(i.HAL_UART_Init))
<BR><BR>[Stack]<UL><LI>Max Depth = 88<LI>Call Chain = HAL_UART_Init &rArr; HAL_UART_MspInit &rArr; HAL_NVIC_SetPriority &rArr; NVIC_SetPriority
</UL>
<BR>[Calls]<UL><LI><a href="#[77]">&gt;&gt;</a>&nbsp;&nbsp;&nbsp;HAL_UART_MspInit
<LI><a href="#[78]">&gt;&gt;</a>&nbsp;&nbsp;&nbsp;UART_SetConfig
</UL>
<BR>[Called By]<UL><LI><a href="#[d6]">&gt;&gt;</a>&nbsp;&nbsp;&nbsp;los_dev_uart_init
</UL>

<P><STRONG><a name="[77]"></a>HAL_UART_MspInit</STRONG> (Thumb, 100 bytes, Stack size 32 bytes, stm32f1xx_hal_msp.o(i.HAL_UART_MspInit))
<BR><BR>[Stack]<UL><LI>Max Depth = 80<LI>Call Chain = HAL_UART_MspInit &rArr; HAL_NVIC_SetPriority &rArr; NVIC_SetPriority
</UL>
<BR>[Calls]<UL><LI><a href="#[68]">&gt;&gt;</a>&nbsp;&nbsp;&nbsp;HAL_NVIC_SetPriority
<LI><a href="#[7a]">&gt;&gt;</a>&nbsp;&nbsp;&nbsp;HAL_NVIC_EnableIRQ
<LI><a href="#[79]">&gt;&gt;</a>&nbsp;&nbsp;&nbsp;HAL_GPIO_Init
</UL>
<BR>[Called By]<UL><LI><a href="#[76]">&gt;&gt;</a>&nbsp;&nbsp;&nbsp;HAL_UART_Init
</UL>

<P><STRONG><a name="[e0]"></a>HAL_UART_Transmit_IT</STRONG> (Thumb, 110 bytes, Stack size 12 bytes, stm32f1xx_hal_uart.o(i.HAL_UART_Transmit_IT))
<BR><BR>[Stack]<UL><LI>Max Depth = 12<LI>Call Chain = HAL_UART_Transmit_IT
</UL>
<BR>[Called By]<UL><LI><a href="#[d8]">&gt;&gt;</a>&nbsp;&nbsp;&nbsp;los_dev_uart_write
</UL>

<P><STRONG><a name="[cd]"></a>HAL_UART_TxCpltCallback</STRONG> (Thumb, 2 bytes, Stack size 0 bytes, stm32f1xx_hal_uart.o(i.HAL_UART_TxCpltCallback))
<BR><BR>[Called By]<UL><LI><a href="#[cc]">&gt;&gt;</a>&nbsp;&nbsp;&nbsp;UART_EndTransmit_IT
</UL>

<P><STRONG><a name="[7]"></a>HardFault_Handler</STRONG> (Thumb, 4 bytes, Stack size 0 bytes, stm32f1xx_it.o(i.HardFault_Handler))
<BR>[Address Reference Count : 1]<UL><LI> startup_stm32f103xb.o(RESET)
</UL>
<P><STRONG><a name="[bd]"></a>LOS_Align</STRONG> (Thumb, 28 bytes, Stack size 0 bytes, los_misc.o(i.LOS_Align))
<BR><BR>[Called By]<UL><LI><a href="#[bb]">&gt;&gt;</a>&nbsp;&nbsp;&nbsp;LOS_TaskCreateOnly
</UL>

<P><STRONG><a name="[9a]"></a>LOS_DLnkInitMultiHead</STRONG> (Thumb, 30 bytes, Stack size 8 bytes, los_multipledlinkhead.o(i.LOS_DLnkInitMultiHead))
<BR><BR>[Stack]<UL><LI>Max Depth = 8<LI>Call Chain = LOS_DLnkInitMultiHead
</UL>
<BR>[Called By]<UL><LI><a href="#[99]">&gt;&gt;</a>&nbsp;&nbsp;&nbsp;LOS_MemInit
</UL>

<P><STRONG><a name="[7b]"></a>LOS_DLnkMultiHead</STRONG> (Thumb, 42 bytes, Stack size 24 bytes, los_multipledlinkhead.o(i.LOS_DLnkMultiHead))
<BR><BR>[Stack]<UL><LI>Max Depth = 24<LI>Call Chain = LOS_DLnkMultiHead
</UL>
<BR>[Calls]<UL><LI><a href="#[7c]">&gt;&gt;</a>&nbsp;&nbsp;&nbsp;LOS_Log2
</UL>
<BR>[Called By]<UL><LI><a href="#[99]">&gt;&gt;</a>&nbsp;&nbsp;&nbsp;LOS_MemInit
<LI><a href="#[106]">&gt;&gt;</a>&nbsp;&nbsp;&nbsp;osMemSpitNode
<LI><a href="#[98]">&gt;&gt;</a>&nbsp;&nbsp;&nbsp;osMemFreeNode
<LI><a href="#[105]">&gt;&gt;</a>&nbsp;&nbsp;&nbsp;osMemFindSuitableFreeBlock
</UL>

<P><STRONG><a name="[7d]"></a>LOS_EnableTick</STRONG> (Thumb, 18 bytes, Stack size 8 bytes, los_config.o(i.LOS_EnableTick))
<BR><BR>[Stack]<UL><LI>Max Depth = 24<LI>Call Chain = LOS_EnableTick &rArr; osTickStart
</UL>
<BR>[Calls]<UL><LI><a href="#[7e]">&gt;&gt;</a>&nbsp;&nbsp;&nbsp;osTickStart
</UL>
<BR>[Called By]<UL><LI><a href="#[38]">&gt;&gt;</a>&nbsp;&nbsp;&nbsp;main
</UL>

<P><STRONG><a name="[7f]"></a>LOS_KernelInit</STRONG> (Thumb, 18 bytes, Stack size 8 bytes, los_config.o(i.LOS_KernelInit))
<BR><BR>[Stack]<UL><LI>Max Depth = 280 + Unknown Stack Size
<LI>Call Chain = LOS_KernelInit &rArr; osMain &rArr; osSwTmrInit &rArr; osSwTmrTaskCreate &rArr; LOS_TaskCreate &rArr; LOS_TaskCreateOnly &rArr; LOS_MemAllocAlign &rArr; osMemAllocWithCheck &rArr; osMemSpitNode &rArr; LOS_DLnkMultiHead
</UL>
<BR>[Calls]<UL><LI><a href="#[80]">&gt;&gt;</a>&nbsp;&nbsp;&nbsp;osMain
</UL>
<BR>[Called By]<UL><LI><a href="#[38]">&gt;&gt;</a>&nbsp;&nbsp;&nbsp;main
</UL>

<P><STRONG><a name="[87]"></a>LOS_MAX7219_Ctrl_CS</STRONG> (Thumb, 30 bytes, Stack size 8 bytes, max7219_driver_func.o(i.LOS_MAX7219_Ctrl_CS))
<BR><BR>[Stack]<UL><LI>Max Depth = 8<LI>Call Chain = LOS_MAX7219_Ctrl_CS
</UL>
<BR>[Calls]<UL><LI><a href="#[88]">&gt;&gt;</a>&nbsp;&nbsp;&nbsp;HAL_GPIO_WritePin
</UL>
<BR>[Called By]<UL><LI><a href="#[8e]">&gt;&gt;</a>&nbsp;&nbsp;&nbsp;LOS_MAX7219_Write
</UL>

<P><STRONG><a name="[89]"></a>LOS_MAX7219_Driver_Init</STRONG> (Thumb, 78 bytes, Stack size 8 bytes, max7219_driver_func.o(i.LOS_MAX7219_Driver_Init))
<BR><BR>[Stack]<UL><LI>Max Depth = 76<LI>Call Chain = LOS_MAX7219_Driver_Init &rArr; SPIx_MspInit &rArr; HAL_GPIO_Init
</UL>
<BR>[Calls]<UL><LI><a href="#[72]">&gt;&gt;</a>&nbsp;&nbsp;&nbsp;HAL_SPI_Init
<LI><a href="#[8a]">&gt;&gt;</a>&nbsp;&nbsp;&nbsp;HAL_SPI_GetState
<LI><a href="#[8c]">&gt;&gt;</a>&nbsp;&nbsp;&nbsp;LOS_MAX7219_Init_CS
<LI><a href="#[8b]">&gt;&gt;</a>&nbsp;&nbsp;&nbsp;SPIx_MspInit
</UL>
<BR>[Called By]<UL><LI><a href="#[8d]">&gt;&gt;</a>&nbsp;&nbsp;&nbsp;LOS_MAX7219_Init
<LI><a href="#[ab]">&gt;&gt;</a>&nbsp;&nbsp;&nbsp;LOS_SPIx_Error
</UL>

<P><STRONG><a name="[8d]"></a>LOS_MAX7219_Init</STRONG> (Thumb, 48 bytes, Stack size 8 bytes, max7219_driver_func.o(i.LOS_MAX7219_Init))
<BR><BR>[Stack]<UL><LI>Max Depth = 124<LI>Call Chain = LOS_MAX7219_Init &rArr; LOS_MAX7219_Write &rArr; LOS_SPIx_Write &rArr; LOS_SPIx_Error &rArr; LOS_MAX7219_Driver_Init &rArr; SPIx_MspInit &rArr; HAL_GPIO_Init
</UL>
<BR>[Calls]<UL><LI><a href="#[8e]">&gt;&gt;</a>&nbsp;&nbsp;&nbsp;LOS_MAX7219_Write
<LI><a href="#[89]">&gt;&gt;</a>&nbsp;&nbsp;&nbsp;LOS_MAX7219_Driver_Init
</UL>
<BR>[Called By]<UL><LI><a href="#[3f]">&gt;&gt;</a>&nbsp;&nbsp;&nbsp;oceancon_nb_sampletask
</UL>

<P><STRONG><a name="[8c]"></a>LOS_MAX7219_Init_CS</STRONG> (Thumb, 70 bytes, Stack size 24 bytes, max7219_driver_func.o(i.LOS_MAX7219_Init_CS))
<BR><BR>[Stack]<UL><LI>Max Depth = 60<LI>Call Chain = LOS_MAX7219_Init_CS &rArr; HAL_GPIO_Init
</UL>
<BR>[Calls]<UL><LI><a href="#[79]">&gt;&gt;</a>&nbsp;&nbsp;&nbsp;HAL_GPIO_Init
<LI><a href="#[88]">&gt;&gt;</a>&nbsp;&nbsp;&nbsp;HAL_GPIO_WritePin
</UL>
<BR>[Called By]<UL><LI><a href="#[89]">&gt;&gt;</a>&nbsp;&nbsp;&nbsp;LOS_MAX7219_Driver_Init
</UL>

<P><STRONG><a name="[8e]"></a>LOS_MAX7219_Write</STRONG> (Thumb, 32 bytes, Stack size 16 bytes, max7219_driver_func.o(i.LOS_MAX7219_Write))
<BR><BR>[Stack]<UL><LI>Max Depth = 116<LI>Call Chain = LOS_MAX7219_Write &rArr; LOS_SPIx_Write &rArr; LOS_SPIx_Error &rArr; LOS_MAX7219_Driver_Init &rArr; SPIx_MspInit &rArr; HAL_GPIO_Init
</UL>
<BR>[Calls]<UL><LI><a href="#[8f]">&gt;&gt;</a>&nbsp;&nbsp;&nbsp;LOS_SPIx_Write
<LI><a href="#[87]">&gt;&gt;</a>&nbsp;&nbsp;&nbsp;LOS_MAX7219_Ctrl_CS
</UL>
<BR>[Called By]<UL><LI><a href="#[8d]">&gt;&gt;</a>&nbsp;&nbsp;&nbsp;LOS_MAX7219_Init
</UL>

<P><STRONG><a name="[90]"></a>LOS_MS2Tick</STRONG> (Thumb, 40 bytes, Stack size 16 bytes, los_sys.o(i.LOS_MS2Tick))
<BR><BR>[Stack]<UL><LI>Max Depth = 56<LI>Call Chain = LOS_MS2Tick &rArr; __aeabi_uldivmod
</UL>
<BR>[Calls]<UL><LI><a href="#[49]">&gt;&gt;</a>&nbsp;&nbsp;&nbsp;__aeabi_uldivmod
</UL>
<BR>[Called By]<UL><LI><a href="#[d9]">&gt;&gt;</a>&nbsp;&nbsp;&nbsp;osDelay
</UL>

<P><STRONG><a name="[91]"></a>LOS_MemAlloc</STRONG> (Thumb, 58 bytes, Stack size 24 bytes, los_memory.o(i.LOS_MemAlloc))
<BR><BR>[Stack]<UL><LI>Max Depth = 104 + Unknown Stack Size
<LI>Call Chain = LOS_MemAlloc &rArr; osMemAllocWithCheck &rArr; osMemSpitNode &rArr; LOS_DLnkMultiHead
</UL>
<BR>[Calls]<UL><LI><a href="#[94]">&gt;&gt;</a>&nbsp;&nbsp;&nbsp;LOS_IntRestore
<LI><a href="#[92]">&gt;&gt;</a>&nbsp;&nbsp;&nbsp;LOS_IntLock
<LI><a href="#[93]">&gt;&gt;</a>&nbsp;&nbsp;&nbsp;osMemAllocWithCheck
</UL>
<BR>[Called By]<UL><LI><a href="#[101]">&gt;&gt;</a>&nbsp;&nbsp;&nbsp;osMuxInit
<LI><a href="#[ff]">&gt;&gt;</a>&nbsp;&nbsp;&nbsp;osTaskInit
<LI><a href="#[103]">&gt;&gt;</a>&nbsp;&nbsp;&nbsp;osSwTmrInit
<LI><a href="#[10d]">&gt;&gt;</a>&nbsp;&nbsp;&nbsp;osPriqueueInit
<LI><a href="#[100]">&gt;&gt;</a>&nbsp;&nbsp;&nbsp;osSemInit
<LI><a href="#[102]">&gt;&gt;</a>&nbsp;&nbsp;&nbsp;osQueueInit
<LI><a href="#[a3]">&gt;&gt;</a>&nbsp;&nbsp;&nbsp;osQueueCreate
</UL>

<P><STRONG><a name="[95]"></a>LOS_MemAllocAlign</STRONG> (Thumb, 108 bytes, Stack size 40 bytes, los_memory.o(i.LOS_MemAllocAlign))
<BR><BR>[Stack]<UL><LI>Max Depth = 120 + Unknown Stack Size
<LI>Call Chain = LOS_MemAllocAlign &rArr; osMemAllocWithCheck &rArr; osMemSpitNode &rArr; LOS_DLnkMultiHead
</UL>
<BR>[Calls]<UL><LI><a href="#[94]">&gt;&gt;</a>&nbsp;&nbsp;&nbsp;LOS_IntRestore
<LI><a href="#[92]">&gt;&gt;</a>&nbsp;&nbsp;&nbsp;LOS_IntLock
<LI><a href="#[93]">&gt;&gt;</a>&nbsp;&nbsp;&nbsp;osMemAllocWithCheck
</UL>
<BR>[Called By]<UL><LI><a href="#[bb]">&gt;&gt;</a>&nbsp;&nbsp;&nbsp;LOS_TaskCreateOnly
</UL>

<P><STRONG><a name="[96]"></a>LOS_MemFree</STRONG> (Thumb, 84 bytes, Stack size 32 bytes, los_memory.o(i.LOS_MemFree))
<BR><BR>[Stack]<UL><LI>Max Depth = 84 + Unknown Stack Size
<LI>Call Chain = LOS_MemFree &rArr; osMemCheckUsedNode &rArr; osMemIsNodeValid
</UL>
<BR>[Calls]<UL><LI><a href="#[94]">&gt;&gt;</a>&nbsp;&nbsp;&nbsp;LOS_IntRestore
<LI><a href="#[92]">&gt;&gt;</a>&nbsp;&nbsp;&nbsp;LOS_IntLock
<LI><a href="#[98]">&gt;&gt;</a>&nbsp;&nbsp;&nbsp;osMemFreeNode
<LI><a href="#[97]">&gt;&gt;</a>&nbsp;&nbsp;&nbsp;osMemCheckUsedNode
</UL>
<BR>[Called By]<UL><LI><a href="#[bb]">&gt;&gt;</a>&nbsp;&nbsp;&nbsp;LOS_TaskCreateOnly
</UL>

<P><STRONG><a name="[99]"></a>LOS_MemInit</STRONG> (Thumb, 166 bytes, Stack size 32 bytes, los_memory.o(i.LOS_MemInit))
<BR><BR>[Stack]<UL><LI>Max Depth = 56 + Unknown Stack Size
<LI>Call Chain = LOS_MemInit &rArr; LOS_DLnkMultiHead
</UL>
<BR>[Calls]<UL><LI><a href="#[94]">&gt;&gt;</a>&nbsp;&nbsp;&nbsp;LOS_IntRestore
<LI><a href="#[92]">&gt;&gt;</a>&nbsp;&nbsp;&nbsp;LOS_IntLock
<LI><a href="#[7b]">&gt;&gt;</a>&nbsp;&nbsp;&nbsp;LOS_DLnkMultiHead
<LI><a href="#[9a]">&gt;&gt;</a>&nbsp;&nbsp;&nbsp;LOS_DLnkInitMultiHead
<LI><a href="#[9c]">&gt;&gt;</a>&nbsp;&nbsp;&nbsp;osMemSetMagicNumAndTaskid
<LI><a href="#[9b]">&gt;&gt;</a>&nbsp;&nbsp;&nbsp;LOS_ListAdd
</UL>
<BR>[Called By]<UL><LI><a href="#[fe]">&gt;&gt;</a>&nbsp;&nbsp;&nbsp;osMemSystemInit
</UL>

<P><STRONG><a name="[9d]"></a>LOS_MemboxAlloc</STRONG> (Thumb, 60 bytes, Stack size 24 bytes, los_membox.o(i.LOS_MemboxAlloc))
<BR><BR>[Stack]<UL><LI>Max Depth = 24 + Unknown Stack Size
<LI>Call Chain = LOS_MemboxAlloc
</UL>
<BR>[Calls]<UL><LI><a href="#[94]">&gt;&gt;</a>&nbsp;&nbsp;&nbsp;LOS_IntRestore
<LI><a href="#[92]">&gt;&gt;</a>&nbsp;&nbsp;&nbsp;LOS_IntLock
</UL>
<BR>[Called By]<UL><LI><a href="#[110]">&gt;&gt;</a>&nbsp;&nbsp;&nbsp;osSwTmrTimeoutHandle
</UL>

<P><STRONG><a name="[9e]"></a>LOS_MemboxFree</STRONG> (Thumb, 158 bytes, Stack size 32 bytes, los_membox.o(i.LOS_MemboxFree))
<BR><BR>[Stack]<UL><LI>Max Depth = 32 + Unknown Stack Size
<LI>Call Chain = LOS_MemboxFree
</UL>
<BR>[Calls]<UL><LI><a href="#[94]">&gt;&gt;</a>&nbsp;&nbsp;&nbsp;LOS_IntRestore
<LI><a href="#[92]">&gt;&gt;</a>&nbsp;&nbsp;&nbsp;LOS_IntLock
</UL>
<BR>[Called By]<UL><LI><a href="#[44]">&gt;&gt;</a>&nbsp;&nbsp;&nbsp;osSwTmrTask
<LI><a href="#[110]">&gt;&gt;</a>&nbsp;&nbsp;&nbsp;osSwTmrTimeoutHandle
</UL>

<P><STRONG><a name="[9f]"></a>LOS_MemboxInit</STRONG> (Thumb, 128 bytes, Stack size 32 bytes, los_membox.o(i.LOS_MemboxInit))
<BR><BR>[Stack]<UL><LI>Max Depth = 32 + Unknown Stack Size
<LI>Call Chain = LOS_MemboxInit
</UL>
<BR>[Calls]<UL><LI><a href="#[94]">&gt;&gt;</a>&nbsp;&nbsp;&nbsp;LOS_IntRestore
<LI><a href="#[92]">&gt;&gt;</a>&nbsp;&nbsp;&nbsp;LOS_IntLock
</UL>
<BR>[Called By]<UL><LI><a href="#[103]">&gt;&gt;</a>&nbsp;&nbsp;&nbsp;osSwTmrInit
</UL>

<P><STRONG><a name="[a0]"></a>LOS_OceanCon_NB_Sample</STRONG> (Thumb, 38 bytes, Stack size 24 bytes, ocean_nb_sample.o(i.LOS_OceanCon_NB_Sample))
<BR><BR>[Stack]<UL><LI>Max Depth = 272 + Unknown Stack Size
<LI>Call Chain = LOS_OceanCon_NB_Sample &rArr; osThreadCreate &rArr; LOS_TaskCreate &rArr; LOS_TaskCreateOnly &rArr; LOS_MemAllocAlign &rArr; osMemAllocWithCheck &rArr; osMemSpitNode &rArr; LOS_DLnkMultiHead
</UL>
<BR>[Calls]<UL><LI><a href="#[a1]">&gt;&gt;</a>&nbsp;&nbsp;&nbsp;osThreadCreate
</UL>
<BR>[Called By]<UL><LI><a href="#[38]">&gt;&gt;</a>&nbsp;&nbsp;&nbsp;main
</UL>

<P><STRONG><a name="[b3]"></a>LOS_PriqueueDequeue</STRONG> (Thumb, 24 bytes, Stack size 0 bytes, los_priqueue.o(i.LOS_PriqueueDequeue))
<BR><BR>[Called By]<UL><LI><a href="#[a6]">&gt;&gt;</a>&nbsp;&nbsp;&nbsp;osQueuePend
<LI><a href="#[114]">&gt;&gt;</a>&nbsp;&nbsp;&nbsp;osTaskSelfDelete
<LI><a href="#[46]">&gt;&gt;</a>&nbsp;&nbsp;&nbsp;osTaskEntry
<LI><a href="#[c1]">&gt;&gt;</a>&nbsp;&nbsp;&nbsp;LOS_TaskDelay
<LI><a href="#[b2]">&gt;&gt;</a>&nbsp;&nbsp;&nbsp;LOS_SemPend
</UL>

<P><STRONG><a name="[b7]"></a>LOS_PriqueueEnqueue</STRONG> (Thumb, 32 bytes, Stack size 8 bytes, los_priqueue.o(i.LOS_PriqueueEnqueue))
<BR><BR>[Stack]<UL><LI>Max Depth = 8<LI>Call Chain = LOS_PriqueueEnqueue
</UL>
<BR>[Called By]<UL><LI><a href="#[a9]">&gt;&gt;</a>&nbsp;&nbsp;&nbsp;osQueueWakeUp
<LI><a href="#[b5]">&gt;&gt;</a>&nbsp;&nbsp;&nbsp;LOS_SemPost
<LI><a href="#[117]">&gt;&gt;</a>&nbsp;&nbsp;&nbsp;osTaskScan
<LI><a href="#[c2]">&gt;&gt;</a>&nbsp;&nbsp;&nbsp;LOS_TaskYield
<LI><a href="#[ba]">&gt;&gt;</a>&nbsp;&nbsp;&nbsp;LOS_TaskCreate
</UL>

<P><STRONG><a name="[c5]"></a>LOS_PriqueueSize</STRONG> (Thumb, 36 bytes, Stack size 0 bytes, los_priqueue.o(i.LOS_PriqueueSize))
<BR><BR>[Called By]<UL><LI><a href="#[c2]">&gt;&gt;</a>&nbsp;&nbsp;&nbsp;LOS_TaskYield
</UL>

<P><STRONG><a name="[ac]"></a>LOS_PriqueueTop</STRONG> (Thumb, 54 bytes, Stack size 0 bytes, los_priqueue.o(i.LOS_PriqueueTop))
<BR><BR>[Called By]<UL><LI><a href="#[a7]">&gt;&gt;</a>&nbsp;&nbsp;&nbsp;LOS_Schedule
<LI><a href="#[114]">&gt;&gt;</a>&nbsp;&nbsp;&nbsp;osTaskSelfDelete
<LI><a href="#[ba]">&gt;&gt;</a>&nbsp;&nbsp;&nbsp;LOS_TaskCreate
</UL>

<P><STRONG><a name="[a2]"></a>LOS_QueueCreate</STRONG> (Thumb, 118 bytes, Stack size 40 bytes, los_queue.o(i.LOS_QueueCreate))
<BR><BR>[Stack]<UL><LI>Max Depth = 176 + Unknown Stack Size
<LI>Call Chain = LOS_QueueCreate &rArr; osQueueCreate &rArr; LOS_MemAlloc &rArr; osMemAllocWithCheck &rArr; osMemSpitNode &rArr; LOS_DLnkMultiHead
</UL>
<BR>[Calls]<UL><LI><a href="#[a4]">&gt;&gt;</a>&nbsp;&nbsp;&nbsp;LOS_ListInit
<LI><a href="#[94]">&gt;&gt;</a>&nbsp;&nbsp;&nbsp;LOS_IntRestore
<LI><a href="#[92]">&gt;&gt;</a>&nbsp;&nbsp;&nbsp;LOS_IntLock
<LI><a href="#[a3]">&gt;&gt;</a>&nbsp;&nbsp;&nbsp;osQueueCreate
</UL>
<BR>[Called By]<UL><LI><a href="#[103]">&gt;&gt;</a>&nbsp;&nbsp;&nbsp;osSwTmrInit
</UL>

<P><STRONG><a name="[a5]"></a>LOS_QueueRead</STRONG> (Thumb, 282 bytes, Stack size 48 bytes, los_queue.o(i.LOS_QueueRead))
<BR><BR>[Stack]<UL><LI>Max Depth = 120 + Unknown Stack Size
<LI>Call Chain = LOS_QueueRead &rArr; osQueuePend &rArr; osTaskAdd2TimerList &rArr; LOS_ListTailInsert
</UL>
<BR>[Calls]<UL><LI><a href="#[a9]">&gt;&gt;</a>&nbsp;&nbsp;&nbsp;osQueueWakeUp
<LI><a href="#[a6]">&gt;&gt;</a>&nbsp;&nbsp;&nbsp;osQueuePend
<LI><a href="#[a8]">&gt;&gt;</a>&nbsp;&nbsp;&nbsp;LOS_ListEmpty
<LI><a href="#[a7]">&gt;&gt;</a>&nbsp;&nbsp;&nbsp;LOS_Schedule
<LI><a href="#[94]">&gt;&gt;</a>&nbsp;&nbsp;&nbsp;LOS_IntRestore
<LI><a href="#[92]">&gt;&gt;</a>&nbsp;&nbsp;&nbsp;LOS_IntLock
</UL>
<BR>[Called By]<UL><LI><a href="#[44]">&gt;&gt;</a>&nbsp;&nbsp;&nbsp;osSwTmrTask
</UL>

<P><STRONG><a name="[aa]"></a>LOS_QueueWrite</STRONG> (Thumb, 296 bytes, Stack size 48 bytes, los_queue.o(i.LOS_QueueWrite))
<BR><BR>[Stack]<UL><LI>Max Depth = 120 + Unknown Stack Size
<LI>Call Chain = LOS_QueueWrite &rArr; osQueuePend &rArr; osTaskAdd2TimerList &rArr; LOS_ListTailInsert
</UL>
<BR>[Calls]<UL><LI><a href="#[a9]">&gt;&gt;</a>&nbsp;&nbsp;&nbsp;osQueueWakeUp
<LI><a href="#[a6]">&gt;&gt;</a>&nbsp;&nbsp;&nbsp;osQueuePend
<LI><a href="#[a8]">&gt;&gt;</a>&nbsp;&nbsp;&nbsp;LOS_ListEmpty
<LI><a href="#[a7]">&gt;&gt;</a>&nbsp;&nbsp;&nbsp;LOS_Schedule
<LI><a href="#[94]">&gt;&gt;</a>&nbsp;&nbsp;&nbsp;LOS_IntRestore
<LI><a href="#[92]">&gt;&gt;</a>&nbsp;&nbsp;&nbsp;LOS_IntLock
</UL>
<BR>[Called By]<UL><LI><a href="#[110]">&gt;&gt;</a>&nbsp;&nbsp;&nbsp;osSwTmrTimeoutHandle
</UL>

<P><STRONG><a name="[8f]"></a>LOS_SPIx_Write</STRONG> (Thumb, 28 bytes, Stack size 16 bytes, max7219_driver_func.o(i.LOS_SPIx_Write))
<BR><BR>[Stack]<UL><LI>Max Depth = 100<LI>Call Chain = LOS_SPIx_Write &rArr; LOS_SPIx_Error &rArr; LOS_MAX7219_Driver_Init &rArr; SPIx_MspInit &rArr; HAL_GPIO_Init
</UL>
<BR>[Calls]<UL><LI><a href="#[74]">&gt;&gt;</a>&nbsp;&nbsp;&nbsp;HAL_SPI_Transmit
<LI><a href="#[ab]">&gt;&gt;</a>&nbsp;&nbsp;&nbsp;LOS_SPIx_Error
</UL>
<BR>[Called By]<UL><LI><a href="#[8e]">&gt;&gt;</a>&nbsp;&nbsp;&nbsp;LOS_MAX7219_Write
</UL>

<P><STRONG><a name="[a7]"></a>LOS_Schedule</STRONG> (Thumb, 56 bytes, Stack size 8 bytes, los_hw.o(i.LOS_Schedule))
<BR><BR>[Stack]<UL><LI>Max Depth = 8 + Unknown Stack Size
<LI>Call Chain = LOS_Schedule
</UL>
<BR>[Calls]<UL><LI><a href="#[94]">&gt;&gt;</a>&nbsp;&nbsp;&nbsp;LOS_IntRestore
<LI><a href="#[92]">&gt;&gt;</a>&nbsp;&nbsp;&nbsp;LOS_IntLock
<LI><a href="#[ac]">&gt;&gt;</a>&nbsp;&nbsp;&nbsp;LOS_PriqueueTop
<LI><a href="#[ad]">&gt;&gt;</a>&nbsp;&nbsp;&nbsp;osTaskSchedule
</UL>
<BR>[Called By]<UL><LI><a href="#[b5]">&gt;&gt;</a>&nbsp;&nbsp;&nbsp;LOS_SemPost
<LI><a href="#[117]">&gt;&gt;</a>&nbsp;&nbsp;&nbsp;osTaskScan
<LI><a href="#[46]">&gt;&gt;</a>&nbsp;&nbsp;&nbsp;osTaskEntry
<LI><a href="#[c2]">&gt;&gt;</a>&nbsp;&nbsp;&nbsp;LOS_TaskYield
<LI><a href="#[c4]">&gt;&gt;</a>&nbsp;&nbsp;&nbsp;LOS_TaskUnlock
<LI><a href="#[c1]">&gt;&gt;</a>&nbsp;&nbsp;&nbsp;LOS_TaskDelay
<LI><a href="#[aa]">&gt;&gt;</a>&nbsp;&nbsp;&nbsp;LOS_QueueWrite
<LI><a href="#[a5]">&gt;&gt;</a>&nbsp;&nbsp;&nbsp;LOS_QueueRead
<LI><a href="#[b2]">&gt;&gt;</a>&nbsp;&nbsp;&nbsp;LOS_SemPend
</UL>

<P><STRONG><a name="[ae]"></a>LOS_SemCreate</STRONG> (Thumb, 98 bytes, Stack size 24 bytes, los_sem.o(i.LOS_SemCreate))
<BR><BR>[Stack]<UL><LI>Max Depth = 24 + Unknown Stack Size
<LI>Call Chain = LOS_SemCreate
</UL>
<BR>[Calls]<UL><LI><a href="#[94]">&gt;&gt;</a>&nbsp;&nbsp;&nbsp;LOS_IntRestore
<LI><a href="#[92]">&gt;&gt;</a>&nbsp;&nbsp;&nbsp;LOS_IntLock
<LI><a href="#[b1]">&gt;&gt;</a>&nbsp;&nbsp;&nbsp;LOS_ListInit
<LI><a href="#[af]">&gt;&gt;</a>&nbsp;&nbsp;&nbsp;LOS_ListEmpty
<LI><a href="#[b0]">&gt;&gt;</a>&nbsp;&nbsp;&nbsp;LOS_ListDelete
</UL>
<BR>[Called By]<UL><LI><a href="#[d6]">&gt;&gt;</a>&nbsp;&nbsp;&nbsp;los_dev_uart_init
</UL>

<P><STRONG><a name="[b2]"></a>LOS_SemPend</STRONG> (Thumb, 236 bytes, Stack size 32 bytes, los_sem.o(i.LOS_SemPend))
<BR><BR>[Stack]<UL><LI>Max Depth = 80 + Unknown Stack Size
<LI>Call Chain = LOS_SemPend &rArr; osTaskAdd2TimerList &rArr; LOS_ListTailInsert
</UL>
<BR>[Calls]<UL><LI><a href="#[a7]">&gt;&gt;</a>&nbsp;&nbsp;&nbsp;LOS_Schedule
<LI><a href="#[b4]">&gt;&gt;</a>&nbsp;&nbsp;&nbsp;osTaskAdd2TimerList
<LI><a href="#[94]">&gt;&gt;</a>&nbsp;&nbsp;&nbsp;LOS_IntRestore
<LI><a href="#[92]">&gt;&gt;</a>&nbsp;&nbsp;&nbsp;LOS_IntLock
<LI><a href="#[b3]">&gt;&gt;</a>&nbsp;&nbsp;&nbsp;LOS_PriqueueDequeue
<LI><a href="#[85]">&gt;&gt;</a>&nbsp;&nbsp;&nbsp;LOS_ListTailInsert
</UL>
<BR>[Called By]<UL><LI><a href="#[d8]">&gt;&gt;</a>&nbsp;&nbsp;&nbsp;los_dev_uart_write
<LI><a href="#[d7]">&gt;&gt;</a>&nbsp;&nbsp;&nbsp;los_dev_uart_read
</UL>

<P><STRONG><a name="[b5]"></a>LOS_SemPost</STRONG> (Thumb, 176 bytes, Stack size 24 bytes, los_sem.o(i.LOS_SemPost))
<BR><BR>[Stack]<UL><LI>Max Depth = 48 + Unknown Stack Size
<LI>Call Chain = LOS_SemPost &rArr; osTimerListDelete
</UL>
<BR>[Calls]<UL><LI><a href="#[a7]">&gt;&gt;</a>&nbsp;&nbsp;&nbsp;LOS_Schedule
<LI><a href="#[b6]">&gt;&gt;</a>&nbsp;&nbsp;&nbsp;osTimerListDelete
<LI><a href="#[94]">&gt;&gt;</a>&nbsp;&nbsp;&nbsp;LOS_IntRestore
<LI><a href="#[92]">&gt;&gt;</a>&nbsp;&nbsp;&nbsp;LOS_IntLock
<LI><a href="#[b7]">&gt;&gt;</a>&nbsp;&nbsp;&nbsp;LOS_PriqueueEnqueue
<LI><a href="#[af]">&gt;&gt;</a>&nbsp;&nbsp;&nbsp;LOS_ListEmpty
<LI><a href="#[b0]">&gt;&gt;</a>&nbsp;&nbsp;&nbsp;LOS_ListDelete
</UL>
<BR>[Called By]<UL><LI><a href="#[46]">&gt;&gt;</a>&nbsp;&nbsp;&nbsp;osTaskEntry
<LI><a href="#[ce]">&gt;&gt;</a>&nbsp;&nbsp;&nbsp;los_dev_uart_irqhandler
<LI><a href="#[d8]">&gt;&gt;</a>&nbsp;&nbsp;&nbsp;los_dev_uart_write
<LI><a href="#[dc]">&gt;&gt;</a>&nbsp;&nbsp;&nbsp;los_receive_it
</UL>

<P><STRONG><a name="[119]"></a>LOS_SetTickSycle</STRONG> (Thumb, 6 bytes, Stack size 0 bytes, los_hw_tick.o(i.LOS_SetTickSycle))
<BR><BR>[Called By]<UL><LI><a href="#[7e]">&gt;&gt;</a>&nbsp;&nbsp;&nbsp;osTickStart
</UL>

<P><STRONG><a name="[b8]"></a>LOS_Start</STRONG> (Thumb, 12 bytes, Stack size 8 bytes, los_config.o(i.LOS_Start))
<BR><BR>[Stack]<UL><LI>Max Depth = 8 + Unknown Stack Size
<LI>Call Chain = LOS_Start
</UL>
<BR>[Calls]<UL><LI><a href="#[b9]">&gt;&gt;</a>&nbsp;&nbsp;&nbsp;LOS_StartToRun
</UL>
<BR>[Called By]<UL><LI><a href="#[38]">&gt;&gt;</a>&nbsp;&nbsp;&nbsp;main
</UL>

<P><STRONG><a name="[ba]"></a>LOS_TaskCreate</STRONG> (Thumb, 140 bytes, Stack size 24 bytes, los_task.o(i.LOS_TaskCreate))
<BR><BR>[Stack]<UL><LI>Max Depth = 184 + Unknown Stack Size
<LI>Call Chain = LOS_TaskCreate &rArr; LOS_TaskCreateOnly &rArr; LOS_MemAllocAlign &rArr; osMemAllocWithCheck &rArr; osMemSpitNode &rArr; LOS_DLnkMultiHead
</UL>
<BR>[Calls]<UL><LI><a href="#[bc]">&gt;&gt;</a>&nbsp;&nbsp;&nbsp;osSchedule
<LI><a href="#[bb]">&gt;&gt;</a>&nbsp;&nbsp;&nbsp;LOS_TaskCreateOnly
<LI><a href="#[94]">&gt;&gt;</a>&nbsp;&nbsp;&nbsp;LOS_IntRestore
<LI><a href="#[92]">&gt;&gt;</a>&nbsp;&nbsp;&nbsp;LOS_IntLock
<LI><a href="#[ac]">&gt;&gt;</a>&nbsp;&nbsp;&nbsp;LOS_PriqueueTop
<LI><a href="#[b7]">&gt;&gt;</a>&nbsp;&nbsp;&nbsp;LOS_PriqueueEnqueue
</UL>
<BR>[Called By]<UL><LI><a href="#[fa]">&gt;&gt;</a>&nbsp;&nbsp;&nbsp;osIdleTaskCreate
<LI><a href="#[10f]">&gt;&gt;</a>&nbsp;&nbsp;&nbsp;osSwTmrTaskCreate
<LI><a href="#[a1]">&gt;&gt;</a>&nbsp;&nbsp;&nbsp;osThreadCreate
</UL>

<P><STRONG><a name="[bb]"></a>LOS_TaskCreateOnly</STRONG> (Thumb, 368 bytes, Stack size 40 bytes, los_task.o(i.LOS_TaskCreateOnly))
<BR><BR>[Stack]<UL><LI>Max Depth = 160 + Unknown Stack Size
<LI>Call Chain = LOS_TaskCreateOnly &rArr; LOS_MemAllocAlign &rArr; osMemAllocWithCheck &rArr; osMemSpitNode &rArr; LOS_DLnkMultiHead
</UL>
<BR>[Calls]<UL><LI><a href="#[c0]">&gt;&gt;</a>&nbsp;&nbsp;&nbsp;osTskStackInit
<LI><a href="#[96]">&gt;&gt;</a>&nbsp;&nbsp;&nbsp;LOS_MemFree
<LI><a href="#[95]">&gt;&gt;</a>&nbsp;&nbsp;&nbsp;LOS_MemAllocAlign
<LI><a href="#[bd]">&gt;&gt;</a>&nbsp;&nbsp;&nbsp;LOS_Align
<LI><a href="#[bf]">&gt;&gt;</a>&nbsp;&nbsp;&nbsp;LOS_ListEmpty
<LI><a href="#[be]">&gt;&gt;</a>&nbsp;&nbsp;&nbsp;LOS_ListDelete
<LI><a href="#[82]">&gt;&gt;</a>&nbsp;&nbsp;&nbsp;LOS_ListAdd
<LI><a href="#[94]">&gt;&gt;</a>&nbsp;&nbsp;&nbsp;LOS_IntRestore
<LI><a href="#[92]">&gt;&gt;</a>&nbsp;&nbsp;&nbsp;LOS_IntLock
</UL>
<BR>[Called By]<UL><LI><a href="#[ba]">&gt;&gt;</a>&nbsp;&nbsp;&nbsp;LOS_TaskCreate
</UL>

<P><STRONG><a name="[c1]"></a>LOS_TaskDelay</STRONG> (Thumb, 106 bytes, Stack size 16 bytes, los_task.o(i.LOS_TaskDelay))
<BR><BR>[Stack]<UL><LI>Max Depth = 64 + Unknown Stack Size
<LI>Call Chain = LOS_TaskDelay &rArr; osTaskAdd2TimerList &rArr; LOS_ListTailInsert
</UL>
<BR>[Calls]<UL><LI><a href="#[a7]">&gt;&gt;</a>&nbsp;&nbsp;&nbsp;LOS_Schedule
<LI><a href="#[b4]">&gt;&gt;</a>&nbsp;&nbsp;&nbsp;osTaskAdd2TimerList
<LI><a href="#[c2]">&gt;&gt;</a>&nbsp;&nbsp;&nbsp;LOS_TaskYield
<LI><a href="#[94]">&gt;&gt;</a>&nbsp;&nbsp;&nbsp;LOS_IntRestore
<LI><a href="#[92]">&gt;&gt;</a>&nbsp;&nbsp;&nbsp;LOS_IntLock
<LI><a href="#[b3]">&gt;&gt;</a>&nbsp;&nbsp;&nbsp;LOS_PriqueueDequeue
</UL>
<BR>[Called By]<UL><LI><a href="#[d9]">&gt;&gt;</a>&nbsp;&nbsp;&nbsp;osDelay
<LI><a href="#[e5]">&gt;&gt;</a>&nbsp;&nbsp;&nbsp;neul_bc95_sleep
</UL>

<P><STRONG><a name="[c3]"></a>LOS_TaskLock</STRONG> (Thumb, 26 bytes, Stack size 8 bytes, los_task.o(i.LOS_TaskLock))
<BR><BR>[Stack]<UL><LI>Max Depth = 8 + Unknown Stack Size
<LI>Call Chain = LOS_TaskLock
</UL>
<BR>[Calls]<UL><LI><a href="#[94]">&gt;&gt;</a>&nbsp;&nbsp;&nbsp;LOS_IntRestore
<LI><a href="#[92]">&gt;&gt;</a>&nbsp;&nbsp;&nbsp;LOS_IntLock
</UL>
<BR>[Called By]<UL><LI><a href="#[46]">&gt;&gt;</a>&nbsp;&nbsp;&nbsp;osTaskEntry
<LI><a href="#[3f]">&gt;&gt;</a>&nbsp;&nbsp;&nbsp;oceancon_nb_sampletask
<LI><a href="#[f5]">&gt;&gt;</a>&nbsp;&nbsp;&nbsp;ocean_recv_dev_cmd
</UL>

<P><STRONG><a name="[c4]"></a>LOS_TaskUnlock</STRONG> (Thumb, 54 bytes, Stack size 8 bytes, los_task.o(i.LOS_TaskUnlock))
<BR><BR>[Stack]<UL><LI>Max Depth = 16 + Unknown Stack Size
<LI>Call Chain = LOS_TaskUnlock &rArr; LOS_Schedule
</UL>
<BR>[Calls]<UL><LI><a href="#[a7]">&gt;&gt;</a>&nbsp;&nbsp;&nbsp;LOS_Schedule
<LI><a href="#[94]">&gt;&gt;</a>&nbsp;&nbsp;&nbsp;LOS_IntRestore
<LI><a href="#[92]">&gt;&gt;</a>&nbsp;&nbsp;&nbsp;LOS_IntLock
</UL>
<BR>[Called By]<UL><LI><a href="#[46]">&gt;&gt;</a>&nbsp;&nbsp;&nbsp;osTaskEntry
<LI><a href="#[3f]">&gt;&gt;</a>&nbsp;&nbsp;&nbsp;oceancon_nb_sampletask
<LI><a href="#[f5]">&gt;&gt;</a>&nbsp;&nbsp;&nbsp;ocean_recv_dev_cmd
</UL>

<P><STRONG><a name="[c2]"></a>LOS_TaskYield</STRONG> (Thumb, 118 bytes, Stack size 16 bytes, los_task.o(i.LOS_TaskYield))
<BR><BR>[Stack]<UL><LI>Max Depth = 24 + Unknown Stack Size
<LI>Call Chain = LOS_TaskYield &rArr; LOS_Schedule
</UL>
<BR>[Calls]<UL><LI><a href="#[a7]">&gt;&gt;</a>&nbsp;&nbsp;&nbsp;LOS_Schedule
<LI><a href="#[be]">&gt;&gt;</a>&nbsp;&nbsp;&nbsp;LOS_ListDelete
<LI><a href="#[94]">&gt;&gt;</a>&nbsp;&nbsp;&nbsp;LOS_IntRestore
<LI><a href="#[92]">&gt;&gt;</a>&nbsp;&nbsp;&nbsp;LOS_IntLock
<LI><a href="#[c5]">&gt;&gt;</a>&nbsp;&nbsp;&nbsp;LOS_PriqueueSize
<LI><a href="#[b7]">&gt;&gt;</a>&nbsp;&nbsp;&nbsp;LOS_PriqueueEnqueue
</UL>
<BR>[Called By]<UL><LI><a href="#[118]">&gt;&gt;</a>&nbsp;&nbsp;&nbsp;osTimesliceCheck
<LI><a href="#[c1]">&gt;&gt;</a>&nbsp;&nbsp;&nbsp;LOS_TaskDelay
</UL>

<P><STRONG><a name="[df]"></a>LOS_TickCountGet</STRONG> (Thumb, 6 bytes, Stack size 0 bytes, los_sys.o(i.LOS_TickCountGet))
<BR><BR>[Called By]<UL><LI><a href="#[d7]">&gt;&gt;</a>&nbsp;&nbsp;&nbsp;los_dev_uart_read
</UL>

<P><STRONG><a name="[c6]"></a>LOS_TickHandler</STRONG> (Thumb, 52 bytes, Stack size 8 bytes, los_hw_tick.o(i.LOS_TickHandler))
<BR><BR>[Stack]<UL><LI>Max Depth = 160 + Unknown Stack Size
<LI>Call Chain = LOS_TickHandler &rArr; osTickHandler &rArr; osSwtmrScan &rArr; osSwTmrTimeoutHandle &rArr; LOS_QueueWrite &rArr; osQueuePend &rArr; osTaskAdd2TimerList &rArr; LOS_ListTailInsert
</UL>
<BR>[Calls]<UL><LI><a href="#[c7]">&gt;&gt;</a>&nbsp;&nbsp;&nbsp;osTickHandler
<LI><a href="#[94]">&gt;&gt;</a>&nbsp;&nbsp;&nbsp;LOS_IntRestore
<LI><a href="#[92]">&gt;&gt;</a>&nbsp;&nbsp;&nbsp;LOS_IntLock
</UL>
<BR>[Called By]<UL><LI><a href="#[5]">&gt;&gt;</a>&nbsp;&nbsp;&nbsp;SysTick_Handler
</UL>

<P><STRONG><a name="[f9]"></a>LosAdapIntInit</STRONG> (Thumb, 2 bytes, Stack size 0 bytes, los_bsp_adapter.o(i.LosAdapIntInit))
<BR><BR>[Called By]<UL><LI><a href="#[f8]">&gt;&gt;</a>&nbsp;&nbsp;&nbsp;osHwiInit
</UL>

<P><STRONG><a name="[8]"></a>MemManage_Handler</STRONG> (Thumb, 4 bytes, Stack size 0 bytes, stm32f1xx_it.o(i.MemManage_Handler))
<BR>[Address Reference Count : 1]<UL><LI> startup_stm32f103xb.o(RESET)
</UL>
<P><STRONG><a name="[6]"></a>NMI_Handler</STRONG> (Thumb, 2 bytes, Stack size 0 bytes, stm32f1xx_it.o(i.NMI_Handler))
<BR>[Address Reference Count : 1]<UL><LI> startup_stm32f103xb.o(RESET)
</UL>
<P><STRONG><a name="[b]"></a>SVC_Handler</STRONG> (Thumb, 2 bytes, Stack size 0 bytes, stm32f1xx_it.o(i.SVC_Handler))
<BR>[Address Reference Count : 1]<UL><LI> startup_stm32f103xb.o(RESET)
</UL>
<P><STRONG><a name="[5]"></a>SysTick_Handler</STRONG> (Thumb, 12 bytes, Stack size 8 bytes, los_bsp_adapter.o(i.SysTick_Handler))
<BR><BR>[Stack]<UL><LI>Max Depth = 168 + Unknown Stack Size
<LI>Call Chain = SysTick_Handler &rArr; LOS_TickHandler &rArr; osTickHandler &rArr; osSwtmrScan &rArr; osSwTmrTimeoutHandle &rArr; LOS_QueueWrite &rArr; osQueuePend &rArr; osTaskAdd2TimerList &rArr; LOS_ListTailInsert
</UL>
<BR>[Calls]<UL><LI><a href="#[c6]">&gt;&gt;</a>&nbsp;&nbsp;&nbsp;LOS_TickHandler
<LI><a href="#[c8]">&gt;&gt;</a>&nbsp;&nbsp;&nbsp;HAL_IncTick
</UL>
<BR>[Address Reference Count : 2]<UL><LI> los_hwi.o(.vector.bss)
<LI> startup_stm32f103xb.o(RESET)
</UL>
<P><STRONG><a name="[c9]"></a>SystemClock_Config</STRONG> (Thumb, 128 bytes, Stack size 72 bytes, main.o(i.SystemClock_Config))
<BR><BR>[Stack]<UL><LI>Max Depth = 152<LI>Call Chain = SystemClock_Config &rArr; HAL_RCC_ClockConfig &rArr; HAL_InitTick &rArr; HAL_NVIC_SetPriority &rArr; NVIC_SetPriority
</UL>
<BR>[Calls]<UL><LI><a href="#[cb]">&gt;&gt;</a>&nbsp;&nbsp;&nbsp;HAL_SYSTICK_CLKSourceConfig
<LI><a href="#[67]">&gt;&gt;</a>&nbsp;&nbsp;&nbsp;HAL_SYSTICK_Config
<LI><a href="#[66]">&gt;&gt;</a>&nbsp;&nbsp;&nbsp;HAL_RCC_GetHCLKFreq
<LI><a href="#[68]">&gt;&gt;</a>&nbsp;&nbsp;&nbsp;HAL_NVIC_SetPriority
<LI><a href="#[ca]">&gt;&gt;</a>&nbsp;&nbsp;&nbsp;_Error_Handler
<LI><a href="#[6f]">&gt;&gt;</a>&nbsp;&nbsp;&nbsp;HAL_RCC_OscConfig
<LI><a href="#[6b]">&gt;&gt;</a>&nbsp;&nbsp;&nbsp;HAL_RCC_ClockConfig
</UL>
<BR>[Called By]<UL><LI><a href="#[38]">&gt;&gt;</a>&nbsp;&nbsp;&nbsp;main
</UL>

<P><STRONG><a name="[39]"></a>SystemInit</STRONG> (Thumb, 70 bytes, Stack size 0 bytes, system_stm32f1xx.o(i.SystemInit))
<BR>[Address Reference Count : 1]<UL><LI> startup_stm32f103xb.o(.text)
</UL>
<P><STRONG><a name="[cc]"></a>UART_EndTransmit_IT</STRONG> (Thumb, 48 bytes, Stack size 8 bytes, stm32f1xx_hal_uart.o(i.UART_EndTransmit_IT))
<BR><BR>[Stack]<UL><LI>Max Depth = 8<LI>Call Chain = UART_EndTransmit_IT
</UL>
<BR>[Calls]<UL><LI><a href="#[cd]">&gt;&gt;</a>&nbsp;&nbsp;&nbsp;HAL_UART_TxCpltCallback
</UL>
<BR>[Called By]<UL><LI><a href="#[ce]">&gt;&gt;</a>&nbsp;&nbsp;&nbsp;los_dev_uart_irqhandler
</UL>

<P><STRONG><a name="[dd]"></a>UART_Transmit_IT</STRONG> (Thumb, 112 bytes, Stack size 8 bytes, stm32f1xx_hal_uart.o(i.UART_Transmit_IT))
<BR><BR>[Stack]<UL><LI>Max Depth = 8<LI>Call Chain = UART_Transmit_IT
</UL>
<BR>[Called By]<UL><LI><a href="#[ce]">&gt;&gt;</a>&nbsp;&nbsp;&nbsp;los_dev_uart_irqhandler
</UL>

<P><STRONG><a name="[33]"></a>USART2_IRQHandler</STRONG> (Thumb, 10 bytes, Stack size 8 bytes, stm32f1xx_it.o(i.USART2_IRQHandler))
<BR><BR>[Stack]<UL><LI>Max Depth = 104 + Unknown Stack Size
<LI>Call Chain = USART2_IRQHandler &rArr; los_dev_uart_irqhandler &rArr; los_receive_it &rArr; LOS_SemPost &rArr; osTimerListDelete
</UL>
<BR>[Calls]<UL><LI><a href="#[ce]">&gt;&gt;</a>&nbsp;&nbsp;&nbsp;los_dev_uart_irqhandler
</UL>
[...]
<BR><BR>[Stack]<UL><LI>Max Depth = 12<LI>Call Chain = osTskStackInit
</UL>
<BR>[Called By]<UL><LI><a href="#[bb]">&gt;&gt;</a>&nbsp;&nbsp;&nbsp;LOS_TaskCreateOnly
</UL>

<P><STRONG><a name="[f0]"></a>uart_data_flush</STRONG> (Thumb, 16 bytes, Stack size 8 bytes, neul_bc95.o(i.uart_data_flush))
<BR><BR>[Stack]<UL><LI>Max Depth = 8<LI>Call Chain = uart_data_flush
</UL>
<BR>[Calls]<UL><LI><a href="#[4c]">&gt;&gt;</a>&nbsp;&nbsp;&nbsp;__aeabi_memclr
</UL>
<BR>[Called By]<UL><LI><a href="#[ee]">&gt;&gt;</a>&nbsp;&nbsp;&nbsp;neul_bc95_prepare_transmit
</UL>

<P><STRONG><a name="[0]"></a>uart_data_read</STRONG> (Thumb, 68 bytes, Stack size 24 bytes, neul_bc95.o(i.uart_data_read))
<BR><BR>[Stack]<UL><LI>Max Depth = 152 + Unknown Stack Size
<LI>Call Chain = uart_data_read &rArr; los_dev_uart_read &rArr; LOS_SemPend &rArr; osTaskAdd2TimerList &rArr; LOS_ListTailInsert
</UL>
<BR>[Calls]<UL><LI><a href="#[d7]">&gt;&gt;</a>&nbsp;&nbsp;&nbsp;los_dev_uart_read
</UL>
<BR>[Address Reference Count : 1]<UL><LI> neul_bc95.o(.data)
</UL>
<P><STRONG><a name="[1]"></a>uart_data_write</STRONG> (Thumb, 36 bytes, Stack size 16 bytes, neul_bc95.o(i.uart_data_write))
<BR><BR>[Stack]<UL><LI>Max Depth = 120 + Unknown Stack Size
<LI>Call Chain = uart_data_write &rArr; los_dev_uart_write &rArr; LOS_SemPend &rArr; osTaskAdd2TimerList &rArr; LOS_ListTailInsert
</UL>
<BR>[Calls]<UL><LI><a href="#[d8]">&gt;&gt;</a>&nbsp;&nbsp;&nbsp;los_dev_uart_write
</UL>
<BR>[Address Reference Count : 1]<UL><LI> neul_bc95.o(.data)
</UL><P>
<H3>
Local Symbols
</H3>
<P><STRONG><a name="[110]"></a>osSwTmrTimeoutHandle</STRONG> (Thumb, 126 bytes, Stack size 16 bytes, los_swtmr.o(i.osSwTmrTimeoutHandle))
<BR><BR>[Stack]<UL><LI>Max Depth = 136 + Unknown Stack Size
<LI>Call Chain = osSwTmrTimeoutHandle &rArr; LOS_QueueWrite &rArr; osQueuePend &rArr; osTaskAdd2TimerList &rArr; LOS_ListTailInsert
</UL>
<BR>[Calls]<UL><LI><a href="#[aa]">&gt;&gt;</a>&nbsp;&nbsp;&nbsp;LOS_QueueWrite
<LI><a href="#[9e]">&gt;&gt;</a>&nbsp;&nbsp;&nbsp;LOS_MemboxFree
<LI><a href="#[9d]">&gt;&gt;</a>&nbsp;&nbsp;&nbsp;LOS_MemboxAlloc
<LI><a href="#[112]">&gt;&gt;</a>&nbsp;&nbsp;&nbsp;osSwTmrStart
<LI><a href="#[111]">&gt;&gt;</a>&nbsp;&nbsp;&nbsp;osSwtmrDelete
</UL>
<BR>[Called By]<UL><LI><a href="#[113]">&gt;&gt;</a>&nbsp;&nbsp;&nbsp;osSwtmrScan
</UL>

<P><STRONG><a name="[111]"></a>osSwtmrDelete</STRONG> (Thumb, 16 bytes, Stack size 0 bytes, los_swtmr.o(i.osSwtmrDelete))
<BR><BR>[Called By]<UL><LI><a href="#[110]">&gt;&gt;</a>&nbsp;&nbsp;&nbsp;osSwTmrTimeoutHandle
</UL>

<P><STRONG><a name="[82]"></a>LOS_ListAdd</STRONG> (Thumb, 14 bytes, Stack size 0 bytes, los_task.o(i.LOS_ListAdd))
<BR><BR>[Called By]<UL><LI><a href="#[bb]">&gt;&gt;</a>&nbsp;&nbsp;&nbsp;LOS_TaskCreateOnly
<LI><a href="#[81]">&gt;&gt;</a>&nbsp;&nbsp;&nbsp;LOS_ListTailInsert
</UL>

<P><STRONG><a name="[be]"></a>LOS_ListDelete</STRONG> (Thumb, 20 bytes, Stack size 0 bytes, los_task.o(i.LOS_ListDelete))
<BR><BR>[Called By]<UL><LI><a href="#[b6]">&gt;&gt;</a>&nbsp;&nbsp;&nbsp;osTimerListDelete
<LI><a href="#[114]">&gt;&gt;</a>&nbsp;&nbsp;&nbsp;osTaskSelfDelete
<LI><a href="#[117]">&gt;&gt;</a>&nbsp;&nbsp;&nbsp;osTaskScan
<LI><a href="#[c2]">&gt;&gt;</a>&nbsp;&nbsp;&nbsp;LOS_TaskYield
<LI><a href="#[bb]">&gt;&gt;</a>&nbsp;&nbsp;&nbsp;LOS_TaskCreateOnly
</UL>

<P><STRONG><a name="[bf]"></a>LOS_ListEmpty</STRONG> (Thumb, 16 bytes, Stack size 0 bytes, los_task.o(i.LOS_ListEmpty))
<BR><BR>[Called By]<UL><LI><a href="#[bb]">&gt;&gt;</a>&nbsp;&nbsp;&nbsp;LOS_TaskCreateOnly
</UL>

<P><STRONG><a name="[116]"></a>LOS_ListInit</STRONG> (Thumb, 6 bytes, Stack size 0 bytes, los_task.o(i.LOS_ListInit))
<BR><BR>[Called By]<UL><LI><a href="#[ff]">&gt;&gt;</a>&nbsp;&nbsp;&nbsp;osTaskInit
</UL>

<P><STRONG><a name="[81]"></a>LOS_ListTailInsert</STRONG> (Thumb, 16 bytes, Stack size 16 bytes, los_task.o(i.LOS_ListTailInsert))
<BR><BR>[Stack]<UL><LI>Max Depth = 16<LI>Call Chain = LOS_ListTailInsert
</UL>
<BR>[Calls]<UL><LI><a href="#[82]">&gt;&gt;</a>&nbsp;&nbsp;&nbsp;LOS_ListAdd
</UL>
<BR>[Called By]<UL><LI><a href="#[114]">&gt;&gt;</a>&nbsp;&nbsp;&nbsp;osTaskSelfDelete
<LI><a href="#[ff]">&gt;&gt;</a>&nbsp;&nbsp;&nbsp;osTaskInit
<LI><a href="#[b4]">&gt;&gt;</a>&nbsp;&nbsp;&nbsp;osTaskAdd2TimerList
</UL>

<P><STRONG><a name="[84]"></a>LOS_ListAdd</STRONG> (Thumb, 14 bytes, Stack size 0 bytes, los_mux.o(i.LOS_ListAdd))
<BR><BR>[Called By]<UL><LI><a href="#[83]">&gt;&gt;</a>&nbsp;&nbsp;&nbsp;LOS_ListTailInsert
</UL>

<P><STRONG><a name="[10c]"></a>LOS_ListInit</STRONG> (Thumb, 6 bytes, Stack size 0 bytes, los_mux.o(i.LOS_ListInit))
<BR><BR>[Called By]<UL><LI><a href="#[101]">&gt;&gt;</a>&nbsp;&nbsp;&nbsp;osMuxInit
</UL>

<P><STRONG><a name="[83]"></a>LOS_ListTailInsert</STRONG> (Thumb, 16 bytes, Stack size 16 bytes, los_mux.o(i.LOS_ListTailInsert))
<BR><BR>[Stack]<UL><LI>Max Depth = 16<LI>Call Chain = LOS_ListTailInsert
</UL>
<BR>[Calls]<UL><LI><a href="#[84]">&gt;&gt;</a>&nbsp;&nbsp;&nbsp;LOS_ListAdd
</UL>
<BR>[Called By]<UL><LI><a href="#[101]">&gt;&gt;</a>&nbsp;&nbsp;&nbsp;osMuxInit
</UL>

<P><STRONG><a name="[10e]"></a>LOS_ListAdd</STRONG> (Thumb, 14 bytes, Stack size 0 bytes, los_queue.o(i.LOS_ListAdd))
<BR><BR>[Called By]<UL><LI><a href="#[a6]">&gt;&gt;</a>&nbsp;&nbsp;&nbsp;osQueuePend
</UL>

<P><STRONG><a name="[a8]"></a>LOS_ListEmpty</STRONG> (Thumb, 16 bytes, Stack size 0 bytes, los_queue.o(i.LOS_ListEmpty))
<BR><BR>[Called By]<UL><LI><a href="#[a6]">&gt;&gt;</a>&nbsp;&nbsp;&nbsp;osQueuePend
<LI><a href="#[aa]">&gt;&gt;</a>&nbsp;&nbsp;&nbsp;LOS_QueueWrite
<LI><a href="#[a5]">&gt;&gt;</a>&nbsp;&nbsp;&nbsp;LOS_QueueRead
</UL>

<P><STRONG><a name="[a4]"></a>LOS_ListInit</STRONG> (Thumb, 6 bytes, Stack size 0 bytes, los_queue.o(i.LOS_ListInit))
<BR><BR>[Called By]<UL><LI><a href="#[a2]">&gt;&gt;</a>&nbsp;&nbsp;&nbsp;LOS_QueueCreate
</UL>

<P><STRONG><a name="[a6]"></a>osQueuePend</STRONG> (Thumb, 132 bytes, Stack size 24 bytes, los_queue.o(i.osQueuePend))
<BR><BR>[Stack]<UL><LI>Max Depth = 72<LI>Call Chain = osQueuePend &rArr; osTaskAdd2TimerList &rArr; LOS_ListTailInsert
</UL>
<BR>[Calls]<UL><LI><a href="#[a8]">&gt;&gt;</a>&nbsp;&nbsp;&nbsp;LOS_ListEmpty
<LI><a href="#[10e]">&gt;&gt;</a>&nbsp;&nbsp;&nbsp;LOS_ListAdd
<LI><a href="#[b4]">&gt;&gt;</a>&nbsp;&nbsp;&nbsp;osTaskAdd2TimerList
<LI><a href="#[b3]">&gt;&gt;</a>&nbsp;&nbsp;&nbsp;LOS_PriqueueDequeue
</UL>
<BR>[Called By]<UL><LI><a href="#[aa]">&gt;&gt;</a>&nbsp;&nbsp;&nbsp;LOS_QueueWrite
<LI><a href="#[a5]">&gt;&gt;</a>&nbsp;&nbsp;&nbsp;LOS_QueueRead
</UL>

<P><STRONG><a name="[a9]"></a>osQueueWakeUp</STRONG> (Thumb, 90 bytes, Stack size 16 bytes, los_queue.o(i.osQueueWakeUp))
<BR><BR>[Stack]<UL><LI>Max Depth = 40<LI>Call Chain = osQueueWakeUp &rArr; osTimerListDelete
</UL>
<BR>[Calls]<UL><LI><a href="#[b6]">&gt;&gt;</a>&nbsp;&nbsp;&nbsp;osTimerListDelete
<LI><a href="#[b7]">&gt;&gt;</a>&nbsp;&nbsp;&nbsp;LOS_PriqueueEnqueue
</UL>
<BR>[Called By]<UL><LI><a href="#[aa]">&gt;&gt;</a>&nbsp;&nbsp;&nbsp;LOS_QueueWrite
<LI><a href="#[a5]">&gt;&gt;</a>&nbsp;&nbsp;&nbsp;LOS_QueueRead
</UL>

<P><STRONG><a name="[86]"></a>LOS_ListAdd</STRONG> (Thumb, 14 bytes, Stack size 0 bytes, los_sem.o(i.LOS_ListAdd))
<BR><BR>[Called By]<UL><LI><a href="#[85]">&gt;&gt;</a>&nbsp;&nbsp;&nbsp;LOS_ListTailInsert
</UL>

<P><STRONG><a name="[b0]"></a>LOS_ListDelete</STRONG> (Thumb, 20 bytes, Stack size 0 bytes, los_sem.o(i.LOS_ListDelete))
<BR><BR>[Called By]<UL><LI><a href="#[b5]">&gt;&gt;</a>&nbsp;&nbsp;&nbsp;LOS_SemPost
<LI><a href="#[ae]">&gt;&gt;</a>&nbsp;&nbsp;&nbsp;LOS_SemCreate
</UL>

<P><STRONG><a name="[af]"></a>LOS_ListEmpty</STRONG> (Thumb, 16 bytes, Stack size 0 bytes, los_sem.o(i.LOS_ListEmpty))
<BR><BR>[Called By]<UL><LI><a href="#[b5]">&gt;&gt;</a>&nbsp;&nbsp;&nbsp;LOS_SemPost
<LI><a href="#[ae]">&gt;&gt;</a>&nbsp;&nbsp;&nbsp;LOS_SemCreate
</UL>

<P><STRONG><a name="[b1]"></a>LOS_ListInit</STRONG> (Thumb, 6 bytes, Stack size 0 bytes, los_sem.o(i.LOS_ListInit))
<BR><BR>[Called By]<UL><LI><a href="#[100]">&gt;&gt;</a>&nbsp;&nbsp;&nbsp;osSemInit
<LI><a href="#[ae]">&gt;&gt;</a>&nbsp;&nbsp;&nbsp;LOS_SemCreate
</UL>

<P><STRONG><a name="[85]"></a>LOS_ListTailInsert</STRONG> (Thumb, 16 bytes, Stack size 16 bytes, los_sem.o(i.LOS_ListTailInsert))
<BR><BR>[Stack]<UL><LI>Max Depth = 16<LI>Call Chain = LOS_ListTailInsert
</UL>
<BR>[Calls]<UL><LI><a href="#[86]">&gt;&gt;</a>&nbsp;&nbsp;&nbsp;LOS_ListAdd
</UL>
<BR>[Called By]<UL><LI><a href="#[100]">&gt;&gt;</a>&nbsp;&nbsp;&nbsp;osSemInit
<LI><a href="#[b2]">&gt;&gt;</a>&nbsp;&nbsp;&nbsp;LOS_SemPend
</UL>

<P><STRONG><a name="[9b]"></a>LOS_ListAdd</STRONG> (Thumb, 14 bytes, Stack size 0 bytes, los_memory.o(i.LOS_ListAdd))
<BR><BR>[Called By]<UL><LI><a href="#[99]">&gt;&gt;</a>&nbsp;&nbsp;&nbsp;LOS_MemInit
<LI><a href="#[106]">&gt;&gt;</a>&nbsp;&nbsp;&nbsp;osMemSpitNode
<LI><a href="#[98]">&gt;&gt;</a>&nbsp;&nbsp;&nbsp;osMemFreeNode
</UL>

<P><STRONG><a name="[107]"></a>LOS_ListDelete</STRONG> (Thumb, 20 bytes, Stack size 0 bytes, los_memory.o(i.LOS_ListDelete))
<BR><BR>[Called By]<UL><LI><a href="#[106]">&gt;&gt;</a>&nbsp;&nbsp;&nbsp;osMemSpitNode
<LI><a href="#[98]">&gt;&gt;</a>&nbsp;&nbsp;&nbsp;osMemFreeNode
<LI><a href="#[93]">&gt;&gt;</a>&nbsp;&nbsp;&nbsp;osMemAllocWithCheck
</UL>

<P><STRONG><a name="[93]"></a>osMemAllocWithCheck</STRONG> (Thumb, 92 bytes, Stack size 24 bytes, los_memory.o(i.osMemAllocWithCheck))
<BR><BR>[Stack]<UL><LI>Max Depth = 80<LI>Call Chain = osMemAllocWithCheck &rArr; osMemSpitNode &rArr; LOS_DLnkMultiHead
</UL>
<BR>[Calls]<UL><LI><a href="#[108]">&gt;&gt;</a>&nbsp;&nbsp;&nbsp;osTaskMemUsedInc
<LI><a href="#[106]">&gt;&gt;</a>&nbsp;&nbsp;&nbsp;osMemSpitNode
<LI><a href="#[9c]">&gt;&gt;</a>&nbsp;&nbsp;&nbsp;osMemSetMagicNumAndTaskid
<LI><a href="#[105]">&gt;&gt;</a>&nbsp;&nbsp;&nbsp;osMemFindSuitableFreeBlock
<LI><a href="#[107]">&gt;&gt;</a>&nbsp;&nbsp;&nbsp;LOS_ListDelete
</UL>
<BR>[Called By]<UL><LI><a href="#[95]">&gt;&gt;</a>&nbsp;&nbsp;&nbsp;LOS_MemAllocAlign
<LI><a href="#[91]">&gt;&gt;</a>&nbsp;&nbsp;&nbsp;LOS_MemAlloc
</UL>

<P><STRONG><a name="[97]"></a>osMemCheckUsedNode</STRONG> (Thumb, 152 bytes, Stack size 40 bytes, los_memory.o(i.osMemCheckUsedNode))
<BR><BR>[Stack]<UL><LI>Max Depth = 52<LI>Call Chain = osMemCheckUsedNode &rArr; osMemIsNodeValid
</UL>
<BR>[Calls]<UL><LI><a href="#[109]">&gt;&gt;</a>&nbsp;&nbsp;&nbsp;osMemIsNodeValid
</UL>
<BR>[Called By]<UL><LI><a href="#[96]">&gt;&gt;</a>&nbsp;&nbsp;&nbsp;LOS_MemFree
</UL>

<P><STRONG><a name="[105]"></a>osMemFindSuitableFreeBlock</STRONG> (Thumb, 80 bytes, Stack size 16 bytes, los_memory.o(i.osMemFindSuitableFreeBlock))
<BR><BR>[Stack]<UL><LI>Max Depth = 40<LI>Call Chain = osMemFindSuitableFreeBlock &rArr; LOS_DLnkMultiHead
</UL>
<BR>[Calls]<UL><LI><a href="#[7b]">&gt;&gt;</a>&nbsp;&nbsp;&nbsp;LOS_DLnkMultiHead
</UL>
<BR>[Called By]<UL><LI><a href="#[93]">&gt;&gt;</a>&nbsp;&nbsp;&nbsp;osMemAllocWithCheck
</UL>

<P><STRONG><a name="[98]"></a>osMemFreeNode</STRONG> (Thumb, 178 bytes, Stack size 24 bytes, los_memory.o(i.osMemFreeNode))
<BR><BR>[Stack]<UL><LI>Max Depth = 48<LI>Call Chain = osMemFreeNode &rArr; LOS_DLnkMultiHead
</UL>
<BR>[Calls]<UL><LI><a href="#[10a]">&gt;&gt;</a>&nbsp;&nbsp;&nbsp;osTaskMemUsedDec
<LI><a href="#[7b]">&gt;&gt;</a>&nbsp;&nbsp;&nbsp;LOS_DLnkMultiHead
<LI><a href="#[10b]">&gt;&gt;</a>&nbsp;&nbsp;&nbsp;osMemMergeNode
<LI><a href="#[107]">&gt;&gt;</a>&nbsp;&nbsp;&nbsp;LOS_ListDelete
<LI><a href="#[9b]">&gt;&gt;</a>&nbsp;&nbsp;&nbsp;LOS_ListAdd
</UL>
<BR>[Called By]<UL><LI><a href="#[96]">&gt;&gt;</a>&nbsp;&nbsp;&nbsp;LOS_MemFree
</UL>

<P><STRONG><a name="[109]"></a>osMemIsNodeValid</STRONG> (Thumb, 62 bytes, Stack size 12 bytes, los_memory.o(i.osMemIsNodeValid))
<BR><BR>[Stack]<UL><LI>Max Depth = 12<LI>Call Chain = osMemIsNodeValid
</UL>
<BR>[Called By]<UL><LI><a href="#[97]">&gt;&gt;</a>&nbsp;&nbsp;&nbsp;osMemCheckUsedNode
</UL>

<P><STRONG><a name="[10b]"></a>osMemMergeNode</STRONG> (Thumb, 36 bytes, Stack size 0 bytes, los_memory.o(i.osMemMergeNode))
<BR><BR>[Called By]<UL><LI><a href="#[106]">&gt;&gt;</a>&nbsp;&nbsp;&nbsp;osMemSpitNode
<LI><a href="#[98]">&gt;&gt;</a>&nbsp;&nbsp;&nbsp;osMemFreeNode
</UL>

<P><STRONG><a name="[9c]"></a>osMemSetMagicNumAndTaskid</STRONG> (Thumb, 28 bytes, Stack size 0 bytes, los_memory.o(i.osMemSetMagicNumAndTaskid))
<BR><BR>[Called By]<UL><LI><a href="#[99]">&gt;&gt;</a>&nbsp;&nbsp;&nbsp;LOS_MemInit
<LI><a href="#[93]">&gt;&gt;</a>&nbsp;&nbsp;&nbsp;osMemAllocWithCheck
</UL>

<P><STRONG><a name="[106]"></a>osMemSpitNode</STRONG> (Thumb, 92 bytes, Stack size 32 bytes, los_memory.o(i.osMemSpitNode))
<BR><BR>[Stack]<UL><LI>Max Depth = 56<LI>Call Chain = osMemSpitNode &rArr; LOS_DLnkMultiHead
</UL>
<BR>[Calls]<UL><LI><a href="#[7b]">&gt;&gt;</a>&nbsp;&nbsp;&nbsp;LOS_DLnkMultiHead
<LI><a href="#[10b]">&gt;&gt;</a>&nbsp;&nbsp;&nbsp;osMemMergeNode
<LI><a href="#[107]">&gt;&gt;</a>&nbsp;&nbsp;&nbsp;LOS_ListDelete
<LI><a href="#[9b]">&gt;&gt;</a>&nbsp;&nbsp;&nbsp;LOS_ListAdd
</UL>
<BR>[Called By]<UL><LI><a href="#[93]">&gt;&gt;</a>&nbsp;&nbsp;&nbsp;osMemAllocWithCheck
</UL>

<P><STRONG><a name="[7c]"></a>LOS_Log2</STRONG> (Thumb, 320 bytes, Stack size 0 bytes, los_multipledlinkhead.o(i.LOS_Log2))
<BR><BR>[Called By]<UL><LI><a href="#[7b]">&gt;&gt;</a>&nbsp;&nbsp;&nbsp;LOS_DLnkMultiHead
</UL>

<P><STRONG><a name="[69]"></a>NVIC_GetPriorityGrouping</STRONG> (Thumb, 10 bytes, Stack size 0 bytes, stm32f1xx_hal_cortex.o(i.NVIC_GetPriorityGrouping))
<BR><BR>[Called By]<UL><LI><a href="#[68]">&gt;&gt;</a>&nbsp;&nbsp;&nbsp;HAL_NVIC_SetPriority
</UL>

<P><STRONG><a name="[6a]"></a>NVIC_SetPriority</STRONG> (Thumb, 32 bytes, Stack size 8 bytes, stm32f1xx_hal_cortex.o(i.NVIC_SetPriority))
<BR><BR>[Stack]<UL><LI>Max Depth = 8<LI>Call Chain = NVIC_SetPriority
</UL>
<BR>[Called By]<UL><LI><a href="#[67]">&gt;&gt;</a>&nbsp;&nbsp;&nbsp;HAL_SYSTICK_Config
<LI><a href="#[68]">&gt;&gt;</a>&nbsp;&nbsp;&nbsp;HAL_NVIC_SetPriority
</UL>

<P><STRONG><a name="[78]"></a>UART_SetConfig</STRONG> (Thumb, 450 bytes, Stack size 24 bytes, stm32f1xx_hal_uart.o(i.UART_SetConfig))
<BR><BR>[Stack]<UL><LI>Max Depth = 28<LI>Call Chain = UART_SetConfig &rArr; HAL_RCC_GetPCLK2Freq
</UL>
<BR>[Calls]<UL><LI><a href="#[6e]">&gt;&gt;</a>&nbsp;&nbsp;&nbsp;HAL_RCC_GetPCLK2Freq
<LI><a href="#[6d]">&gt;&gt;</a>&nbsp;&nbsp;&nbsp;HAL_RCC_GetPCLK1Freq
</UL>
<BR>[Called By]<UL><LI><a href="#[76]">&gt;&gt;</a>&nbsp;&nbsp;&nbsp;HAL_UART_Init
</UL>

<P><STRONG><a name="[75]"></a>SPI_WaitOnFlagUntilTimeout</STRONG> (Thumb, 276 bytes, Stack size 24 bytes, stm32f1xx_hal_spi.o(i.SPI_WaitOnFlagUntilTimeout))
<BR><BR>[Stack]<UL><LI>Max Depth = 24<LI>Call Chain = SPI_WaitOnFlagUntilTimeout
</UL>
<BR>[Calls]<UL><LI><a href="#[61]">&gt;&gt;</a>&nbsp;&nbsp;&nbsp;HAL_GetTick
</UL>
<BR>[Called By]<UL><LI><a href="#[74]">&gt;&gt;</a>&nbsp;&nbsp;&nbsp;HAL_SPI_Transmit
</UL>

<P><STRONG><a name="[e9]"></a>neul_bc95_hex_to_str</STRONG> (Thumb, 54 bytes, Stack size 24 bytes, neul_bc95.o(i.neul_bc95_hex_to_str))
<BR><BR>[Stack]<UL><LI>Max Depth = 48<LI>Call Chain = neul_bc95_hex_to_str &rArr; __2sprintf
</UL>
<BR>[Calls]<UL><LI><a href="#[ea]">&gt;&gt;</a>&nbsp;&nbsp;&nbsp;__2sprintf
</UL>
<BR>[Called By]<UL><LI><a href="#[f4]">&gt;&gt;</a>&nbsp;&nbsp;&nbsp;neul_bc95_send_coap_paylaod
</UL>

<P><STRONG><a name="[f3]"></a>neul_bc95_str_to_hex</STRONG> (Thumb, 100 bytes, Stack size 20 bytes, neul_bc95.o(i.neul_bc95_str_to_hex))
<BR><BR>[Stack]<UL><LI>Max Depth = 20<LI>Call Chain = neul_bc95_str_to_hex
</UL>
<BR>[Called By]<UL><LI><a href="#[f2]">&gt;&gt;</a>&nbsp;&nbsp;&nbsp;neul_bc95_read_coap_msg
</UL>

<P><STRONG><a name="[e1]"></a>MX_GPIO_Init</STRONG> (Thumb, 32 bytes, Stack size 8 bytes, main.o(i.MX_GPIO_Init))
<BR><BR>[Stack]<UL><LI>Max Depth = 8<LI>Call Chain = MX_GPIO_Init
</UL>
<BR>[Called By]<UL><LI><a href="#[38]">&gt;&gt;</a>&nbsp;&nbsp;&nbsp;main
</UL>

<P><STRONG><a name="[ab]"></a>LOS_SPIx_Error</STRONG> (Thumb, 14 bytes, Stack size 8 bytes, max7219_driver_func.o(i.LOS_SPIx_Error))
<BR><BR>[Stack]<UL><LI>Max Depth = 84<LI>Call Chain = LOS_SPIx_Error &rArr; LOS_MAX7219_Driver_Init &rArr; SPIx_MspInit &rArr; HAL_GPIO_Init
</UL>
<BR>[Calls]<UL><LI><a href="#[70]">&gt;&gt;</a>&nbsp;&nbsp;&nbsp;HAL_SPI_DeInit
<LI><a href="#[89]">&gt;&gt;</a>&nbsp;&nbsp;&nbsp;LOS_MAX7219_Driver_Init
</UL>
<BR>[Called By]<UL><LI><a href="#[8f]">&gt;&gt;</a>&nbsp;&nbsp;&nbsp;LOS_SPIx_Write
</UL>

<P><STRONG><a name="[8b]"></a>SPIx_MspInit</STRONG> (Thumb, 88 bytes, Stack size 32 bytes, max7219_driver_func.o(i.SPIx_MspInit))
<BR><BR>[Stack]<UL><LI>Max Depth = 68<LI>Call Chain = SPIx_MspInit &rArr; HAL_GPIO_Init
</UL>
<BR>[Calls]<UL><LI><a href="#[79]">&gt;&gt;</a>&nbsp;&nbsp;&nbsp;HAL_GPIO_Init
</UL>
<BR>[Called By]<UL><LI><a href="#[89]">&gt;&gt;</a>&nbsp;&nbsp;&nbsp;LOS_MAX7219_Driver_Init
</UL>

<P><STRONG><a name="[da]"></a>los_dev_uart_gpio_init</STRONG> (Thumb, 32 bytes, Stack size 8 bytes, los_dev_st_uart.o(i.los_dev_uart_gpio_init))
<BR><BR>[Stack]<UL><LI>Max Depth = 8<LI>Call Chain = los_dev_uart_gpio_init
</UL>
<BR>[Called By]<UL><LI><a href="#[d6]">&gt;&gt;</a>&nbsp;&nbsp;&nbsp;los_dev_uart_init
</UL>

<P><STRONG><a name="[db]"></a>los_dev_uart_start</STRONG> (Thumb, 146 bytes, Stack size 12 bytes, los_dev_st_uart.o(i.los_dev_uart_start))
<BR><BR>[Stack]<UL><LI>Max Depth = 12<LI>Call Chain = los_dev_uart_start
</UL>
<BR>[Called By]<UL><LI><a href="#[d6]">&gt;&gt;</a>&nbsp;&nbsp;&nbsp;los_dev_uart_init
</UL>

<P><STRONG><a name="[dc]"></a>los_receive_it</STRONG> (Thumb, 334 bytes, Stack size 24 bytes, los_dev_st_uart.o(i.los_receive_it))
<BR><BR>[Stack]<UL><LI>Max Depth = 72 + Unknown Stack Size
<LI>Call Chain = los_receive_it &rArr; LOS_SemPost &rArr; osTimerListDelete
</UL>
<BR>[Calls]<UL><LI><a href="#[b5]">&gt;&gt;</a>&nbsp;&nbsp;&nbsp;LOS_SemPost
</UL>
<BR>[Called By]<UL><LI><a href="#[ce]">&gt;&gt;</a>&nbsp;&nbsp;&nbsp;los_dev_uart_irqhandler
</UL>

<P><STRONG><a name="[d1]"></a>_fp_digits</STRONG> (Thumb, 366 bytes, Stack size 64 bytes, printfa.o(i._fp_digits), UNUSED)
<BR><BR>[Calls]<UL><LI><a href="#[53]">&gt;&gt;</a>&nbsp;&nbsp;&nbsp;__aeabi_ddiv
<LI><a href="#[55]">&gt;&gt;</a>&nbsp;&nbsp;&nbsp;__aeabi_d2ulz
<LI><a href="#[49]">&gt;&gt;</a>&nbsp;&nbsp;&nbsp;__aeabi_uldivmod
<LI><a href="#[5c]">&gt;&gt;</a>&nbsp;&nbsp;&nbsp;__aeabi_dmul
<LI><a href="#[58]">&gt;&gt;</a>&nbsp;&nbsp;&nbsp;__aeabi_dadd
<LI><a href="#[d2]">&gt;&gt;</a>&nbsp;&nbsp;&nbsp;__aeabi_cdrcmple
</UL>
<BR>[Called By]<UL><LI><a href="#[d0]">&gt;&gt;</a>&nbsp;&nbsp;&nbsp;_printf_core
</UL>

<P><STRONG><a name="[d0]"></a>_printf_core</STRONG> (Thumb, 1744 bytes, Stack size 136 bytes, printfa.o(i._printf_core), UNUSED)
<BR><BR>[Calls]<UL><LI><a href="#[49]">&gt;&gt;</a>&nbsp;&nbsp;&nbsp;__aeabi_uldivmod
<LI><a href="#[d5]">&gt;&gt;</a>&nbsp;&nbsp;&nbsp;__aeabi_uidivmod
<LI><a href="#[d3]">&gt;&gt;</a>&nbsp;&nbsp;&nbsp;_printf_pre_padding
<LI><a href="#[d4]">&gt;&gt;</a>&nbsp;&nbsp;&nbsp;_printf_post_padding
<LI><a href="#[d1]">&gt;&gt;</a>&nbsp;&nbsp;&nbsp;_fp_digits
</UL>
<BR>[Called By]<UL><LI><a href="#[cf]">&gt;&gt;</a>&nbsp;&nbsp;&nbsp;__0sprintf
</UL>

<P><STRONG><a name="[d4]"></a>_printf_post_padding</STRONG> (Thumb, 36 bytes, Stack size 24 bytes, printfa.o(i._printf_post_padding), UNUSED)
<BR><BR>[Called By]<UL><LI><a href="#[d0]">&gt;&gt;</a>&nbsp;&nbsp;&nbsp;_printf_core
</UL>

<P><STRONG><a name="[d3]"></a>_printf_pre_padding</STRONG> (Thumb, 46 bytes, Stack size 24 bytes, printfa.o(i._printf_pre_padding), UNUSED)
<BR><BR>[Called By]<UL><LI><a href="#[d0]">&gt;&gt;</a>&nbsp;&nbsp;&nbsp;_printf_core
</UL>

<P><STRONG><a name="[40]"></a>_sputc</STRONG> (Thumb, 10 bytes, Stack size 0 bytes, printfa.o(i._sputc))
<BR><BR>[Called By]<UL><LI><a href="#[cf]">&gt;&gt;</a>&nbsp;&nbsp;&nbsp;__0sprintf
</UL>
<BR>[Address Reference Count : 1]<UL><LI> printfa.o(i.__0sprintf)
</UL>
<P><STRONG><a name="[3d]"></a>_scanf_char_input</STRONG> (Thumb, 12 bytes, Stack size 0 bytes, scanf_char.o(.text))
<BR>[Address Reference Count : 1]<UL><LI> scanf_char.o(.text)
</UL><P>
<H3>
Undefined Global Symbols
</H3><HR></body></html>
