Component: ARM Compiler 5.06 update 4 (build 422) Tool: armlink [4d35d2]

==============================================================================

Section Cross References

    los_priqueue.o(i.LOS_PriqueueEnqueue) refers to los_priqueue.o(.data) for g_pstLosPriorityQueueList
    los_priqueue.o(i.LOS_PriqueueSize) refers to los_priqueue.o(.data) for g_pstLosPriorityQueueList
    los_priqueue.o(i.LOS_PriqueueTop) refers to los_priqueue.o(.data) for g_pstLosPriorityQueueList
    los_priqueue.o(i.LOS_PriqueueTotalSize) refers to los_priqueue.o(i.LOS_PriqueueSize) for LOS_PriqueueSize
    los_priqueue.o(i.osPriqueueInit) refers to los_memory.o(i.LOS_MemAlloc) for LOS_MemAlloc
    los_priqueue.o(i.osPriqueueInit) refers to los_config.o(.data) for m_aucSysMem0
    los_priqueue.o(i.osPriqueueInit) refers to los_priqueue.o(.data) for g_pstLosPriorityQueueList
    los_swtmr.o(i.LOS_SwtmrCreate) refers to los_dispatch_keil.o(KERNEL) for LOS_IntLock
    los_swtmr.o(i.LOS_SwtmrCreate) refers to los_swtmr.o(.data) for m_pstSwtmrFreeList
    los_swtmr.o(i.LOS_SwtmrDelete) refers to los_dispatch_keil.o(KERNEL) for LOS_IntLock
    los_swtmr.o(i.LOS_SwtmrDelete) refers to los_swtmr.o(i.osSwtmrStop) for osSwtmrStop
    los_swtmr.o(i.LOS_SwtmrDelete) refers to los_swtmr.o(i.osSwtmrDelete) for osSwtmrDelete
    los_swtmr.o(i.LOS_SwtmrDelete) refers to los_swtmr.o(.data) for m_pstSwtmrCBArray
    los_swtmr.o(i.LOS_SwtmrStart) refers to los_dispatch_keil.o(KERNEL) for LOS_IntLock
    los_swtmr.o(i.LOS_SwtmrStart) refers to los_swtmr.o(i.osSwtmrStop) for osSwtmrStop
    los_swtmr.o(i.LOS_SwtmrStart) refers to los_swtmr.o(i.osSwTmrStart) for osSwTmrStart
    los_swtmr.o(i.LOS_SwtmrStart) refers to los_swtmr.o(.data) for m_pstSwtmrCBArray
    los_swtmr.o(i.LOS_SwtmrStop) refers to los_dispatch_keil.o(KERNEL) for LOS_IntLock
    los_swtmr.o(i.LOS_SwtmrStop) refers to los_swtmr.o(i.osSwtmrStop) for osSwtmrStop
    los_swtmr.o(i.LOS_SwtmrStop) refers to los_swtmr.o(.data) for m_pstSwtmrCBArray
    los_swtmr.o(i.osSwTmrAdjust) refers to los_swtmr.o(i.osSwTmrTimeoutHandle) for osSwTmrTimeoutHandle
    los_swtmr.o(i.osSwTmrAdjust) refers to los_swtmr.o(.data) for m_pstSwtmrSortList
    los_swtmr.o(i.osSwTmrGetNextTimeout) refers to los_swtmr.o(.data) for m_pstSwtmrSortList
    los_swtmr.o(i.osSwTmrInit) refers to los_memory.o(i.LOS_MemAlloc) for LOS_MemAlloc
    los_swtmr.o(i.osSwTmrInit) refers to memseta.o(.text) for __aeabi_memclr4
    los_swtmr.o(i.osSwTmrInit) refers to los_membox.o(i.LOS_MemboxInit) for LOS_MemboxInit
    los_swtmr.o(i.osSwTmrInit) refers to los_queue.o(i.LOS_QueueCreate) for LOS_QueueCreate
    los_swtmr.o(i.osSwTmrInit) refers to los_swtmr.o(i.osSwTmrTaskCreate) for osSwTmrTaskCreate
    los_swtmr.o(i.osSwTmrInit) refers to los_swtmr.o(.data) for m_pstSwtmrSortList
    los_swtmr.o(i.osSwTmrInit) refers to los_config.o(.data) for m_aucSysMem0
    los_swtmr.o(i.osSwTmrInit) refers to los_swtmr.o(.bss) for m_aucSwTmrHandlerPool
    los_swtmr.o(i.osSwTmrStart) refers to los_swtmr.o(.data) for m_pstSwtmrSortList
    los_swtmr.o(i.osSwTmrTask) refers to los_queue.o(i.LOS_QueueRead) for LOS_QueueRead
    los_swtmr.o(i.osSwTmrTask) refers to los_membox.o(i.LOS_MemboxFree) for LOS_MemboxFree
    los_swtmr.o(i.osSwTmrTask) refers to los_swtmr.o(.data) for m_uwSwTmrHandlerQueue
    los_swtmr.o(i.osSwTmrTask) refers to los_swtmr.o(.bss) for m_aucSwTmrHandlerPool
    los_swtmr.o(i.osSwTmrTaskCreate) refers to memseta.o(.text) for __aeabi_memclr4
    los_swtmr.o(i.osSwTmrTaskCreate) refers to los_task.o(i.LOS_TaskCreate) for LOS_TaskCreate
    los_swtmr.o(i.osSwTmrTaskCreate) refers to los_swtmr.o(i.osSwTmrTask) for osSwTmrTask
    los_swtmr.o(i.osSwTmrTaskCreate) refers to los_task.o(.data) for g_uwSwtmrTaskID
    los_swtmr.o(i.osSwTmrTimeoutHandle) refers to los_membox.o(i.LOS_MemboxAlloc) for LOS_MemboxAlloc
    los_swtmr.o(i.osSwTmrTimeoutHandle) refers to los_queue.o(i.LOS_QueueWrite) for LOS_QueueWrite
    los_swtmr.o(i.osSwTmrTimeoutHandle) refers to los_membox.o(i.LOS_MemboxFree) for LOS_MemboxFree
    los_swtmr.o(i.osSwTmrTimeoutHandle) refers to los_swtmr.o(i.osSwtmrDelete) for osSwtmrDelete
    los_swtmr.o(i.osSwTmrTimeoutHandle) refers to los_swtmr.o(i.osSwTmrStart) for osSwTmrStart
    los_swtmr.o(i.osSwTmrTimeoutHandle) refers to los_swtmr.o(.data) for m_pstSwtmrSortList
    los_swtmr.o(i.osSwTmrTimeoutHandle) refers to los_swtmr.o(.bss) for m_aucSwTmrHandlerPool
    los_swtmr.o(i.osSwtmrDelete) refers to los_swtmr.o(.data) for m_pstSwtmrFreeList
    los_swtmr.o(i.osSwtmrScan) refers to los_swtmr.o(i.osSwTmrTimeoutHandle) for osSwTmrTimeoutHandle
    los_swtmr.o(i.osSwtmrScan) refers to los_swtmr.o(.data) for m_pstSwtmrSortList
    los_swtmr.o(i.osSwtmrStop) refers to los_swtmr.o(.data) for m_pstSwtmrSortList
    los_sys.o(i.LOS_MS2Tick) refers to uldiv.o(.text) for __aeabi_uldivmod
    los_sys.o(i.LOS_Reboot) refers to los_dispatch_keil.o(KERNEL) for LOS_IntLock
[...]
    LOS_Log2                                 0x08002545   Thumb Code   320  los_multipledlinkhead.o(i.LOS_Log2)
    i.LOS_MAX7219_Ctrl_CS                    0x08002688   Section        0  max7219_driver_func.o(i.LOS_MAX7219_Ctrl_CS)
    i.LOS_MAX7219_Driver_Init                0x080026ac   Section        0  max7219_driver_func.o(i.LOS_MAX7219_Driver_Init)
    i.LOS_MAX7219_Init                       0x08002704   Section        0  max7219_driver_func.o(i.LOS_MAX7219_Init)
    i.LOS_MAX7219_Init_CS                    0x08002734   Section        0  max7219_driver_func.o(i.LOS_MAX7219_Init_CS)
    i.LOS_MAX7219_Write                      0x08002784   Section        0  max7219_driver_func.o(i.LOS_MAX7219_Write)
    i.LOS_MS2Tick                            0x080027a4   Section        0  los_sys.o(i.LOS_MS2Tick)
    i.LOS_MemAlloc                           0x080027cc   Section        0  los_memory.o(i.LOS_MemAlloc)
    i.LOS_MemAllocAlign                      0x08002806   Section        0  los_memory.o(i.LOS_MemAllocAlign)
    i.LOS_MemFree                            0x08002872   Section        0  los_memory.o(i.LOS_MemFree)
    i.LOS_MemInit                            0x080028c6   Section        0  los_memory.o(i.LOS_MemInit)
    i.LOS_MemboxAlloc                        0x0800296c   Section        0  los_membox.o(i.LOS_MemboxAlloc)
    i.LOS_MemboxFree                         0x080029ac   Section        0  los_membox.o(i.LOS_MemboxFree)
    i.LOS_MemboxInit                         0x08002a50   Section        0  los_membox.o(i.LOS_MemboxInit)
    i.LOS_OceanCon_NB_Sample                 0x08002ad0   Section        0  ocean_nb_sample.o(i.LOS_OceanCon_NB_Sample)
    i.LOS_PriqueueDequeue                    0x08002b08   Section        0  los_priqueue.o(i.LOS_PriqueueDequeue)
    i.LOS_PriqueueEnqueue                    0x08002b20   Section        0  los_priqueue.o(i.LOS_PriqueueEnqueue)
    i.LOS_PriqueueSize                       0x08002b44   Section        0  los_priqueue.o(i.LOS_PriqueueSize)
    i.LOS_PriqueueTop                        0x08002b6c   Section        0  los_priqueue.o(i.LOS_PriqueueTop)
    i.LOS_QueueCreate                        0x08002ba8   Section        0  los_queue.o(i.LOS_QueueCreate)
    i.LOS_QueueRead                          0x08002c24   Section        0  los_queue.o(i.LOS_QueueRead)
    i.LOS_QueueWrite                         0x08002d54   Section        0  los_queue.o(i.LOS_QueueWrite)
    i.LOS_SPIx_Error                         0x08002e90   Section        0  max7219_driver_func.o(i.LOS_SPIx_Error)
    LOS_SPIx_Error                           0x08002e91   Thumb Code    14  max7219_driver_func.o(i.LOS_SPIx_Error)
    i.LOS_SPIx_Write                         0x08002ea4   Section        0  max7219_driver_func.o(i.LOS_SPIx_Write)
    i.LOS_Schedule                           0x08002ec8   Section        0  los_hw.o(i.LOS_Schedule)
    i.LOS_SemCreate                          0x08002f08   Section        0  los_sem.o(i.LOS_SemCreate)
    i.LOS_SemPend                            0x08002f74   Section        0  los_sem.o(i.LOS_SemPend)
    i.LOS_SemPost                            0x08003074   Section        0  los_sem.o(i.LOS_SemPost)
    i.LOS_SetTickSycle                       0x0800312c   Section        0  los_hw_tick.o(i.LOS_SetTickSycle)
    i.LOS_Start                              0x08003138   Section        0  los_config.o(i.LOS_Start)
    i.LOS_TaskCreate                         0x08003144   Section        0  los_task.o(i.LOS_TaskCreate)
    i.LOS_TaskCreateOnly                     0x080031e0   Section        0  los_task.o(i.LOS_TaskCreateOnly)
    i.LOS_TaskDelay                          0x08003364   Section        0  los_task.o(i.LOS_TaskDelay)
    i.LOS_TaskLock                           0x080033e4   Section        0  los_task.o(i.LOS_TaskLock)
    i.LOS_TaskUnlock                         0x08003404   Section        0  los_task.o(i.LOS_TaskUnlock)
    i.LOS_TaskYield                          0x08003440   Section        0  los_task.o(i.LOS_TaskYield)
    i.LOS_TickCountGet                       0x080034c4   Section        0  los_sys.o(i.LOS_TickCountGet)
    i.LOS_TickHandler                        0x080034d0   Section        0  los_hw_tick.o(i.LOS_TickHandler)
    i.LosAdapIntInit                         0x08003508   Section        0  los_bsp_adapter.o(i.LosAdapIntInit)
    i.MX_GPIO_Init                           0x0800350c   Section        0  main.o(i.MX_GPIO_Init)
    MX_GPIO_Init                             0x0800350d   Thumb Code    32  main.o(i.MX_GPIO_Init)
    i.MemManage_Handler                      0x08003530   Section        0  stm32f1xx_it.o(i.MemManage_Handler)
    i.NMI_Handler                            0x08003534   Section        0  stm32f1xx_it.o(i.NMI_Handler)
    i.NVIC_GetPriorityGrouping               0x08003538   Section        0  stm32f1xx_hal_cortex.o(i.NVIC_GetPriorityGrouping)
    NVIC_GetPriorityGrouping                 0x08003539   Thumb Code    10  stm32f1xx_hal_cortex.o(i.NVIC_GetPriorityGrouping)
    i.NVIC_SetPriority                       0x08003548   Section        0  stm32f1xx_hal_cortex.o(i.NVIC_SetPriority)
    NVIC_SetPriority                         0x08003549   Thumb Code    32  stm32f1xx_hal_cortex.o(i.NVIC_SetPriority)
    i.SPI_WaitOnFlagUntilTimeout             0x08003570   Section        0  stm32f1xx_hal_spi.o(i.SPI_WaitOnFlagUntilTimeout)
    SPI_WaitOnFlagUntilTimeout               0x08003571   Thumb Code   276  stm32f1xx_hal_spi.o(i.SPI_WaitOnFlagUntilTimeout)
    i.SPIx_MspInit                           0x08003684   Section        0  max7219_driver_func.o(i.SPIx_MspInit)
    SPIx_MspInit                             0x08003685   Thumb Code    88  max7219_driver_func.o(i.SPIx_MspInit)
    i.SVC_Handler                            0x080036e4   Section        0  stm32f1xx_it.o(i.SVC_Handler)
    i.SysTick_Handler                        0x080036e6   Section        0  los_bsp_adapter.o(i.SysTick_Handler)
    i.SystemClock_Config                     0x080036f4   Section        0  main.o(i.SystemClock_Config)
    i.SystemInit                             0x08003788   Section        0  system_stm32f1xx.o(i.SystemInit)
    i.UART_EndTransmit_IT                    0x080037e0   Section        0  stm32f1xx_hal_uart.o(i.UART_EndTransmit_IT)
    i.UART_SetConfig                         0x08003810   Section        0  stm32f1xx_hal_uart.o(i.UART_SetConfig)
    UART_SetConfig                           0x08003811   Thumb Code   450  stm32f1xx_hal_uart.o(i.UART_SetConfig)
    i.UART_Transmit_IT                       0x080039d8   Section        0  stm32f1xx_hal_uart.o(i.UART_Transmit_IT)
    i.USART2_IRQHandler                      0x08003a48   Section        0  stm32f1xx_it.o(i.USART2_IRQHandler)
    i.UsageFault_Handler                     0x08003a52   Section        0  stm32f1xx_it.o(i.UsageFault_Handler)
    i._Error_Handler                         0x08003a56   Section        0  los_bsp_uart.o(i._Error_Handler)
    i.__0sprintf                             0x08003a5c   Section        0  printfa.o(i.__0sprintf)
    i.__scatterload_copy                     0x08003a84   Section       14  handlers.o(i.__scatterload_copy)
    i.__scatterload_null                     0x08003a92   Section        2  handlers.o(i.__scatterload_null)
    i.__scatterload_zeroinit                 0x08003a94   Section       14  handlers.o(i.__scatterload_zeroinit)
    i._fp_digits                             0x08003aa4   Section        0  printfa.o(i._fp_digits)
    _fp_digits                               0x08003aa5   Thumb Code   366  printfa.o(i._fp_digits)
    i._printf_core                           0x08003c28   Section        0  printfa.o(i._printf_core)
    _printf_core                             0x08003c29   Thumb Code  1744  printfa.o(i._printf_core)
    i._printf_post_padding                   0x08004304   Section        0  printfa.o(i._printf_post_padding)
    _printf_post_padding                     0x08004305   Thumb Code    36  printfa.o(i._printf_post_padding)
    i._printf_pre_padding                    0x08004328   Section        0  printfa.o(i._printf_pre_padding)
    _printf_pre_padding                      0x08004329   Thumb Code    46  printfa.o(i._printf_pre_padding)
    i._sputc                                 0x08004356   Section        0  printfa.o(i._sputc)
    _sputc                                   0x08004357   Thumb Code    10  printfa.o(i._sputc)
    i.init_testuart                          0x08004360   Section        0  main.o(i.init_testuart)
    i.init_testuart2                         0x080043ac   Section        0  main.o(i.init_testuart2)
    i.los_dev_uart_gpio_init                 0x080043f8   Section        0  los_dev_st_uart.o(i.los_dev_uart_gpio_init)
    los_dev_uart_gpio_init                   0x080043f9   Thumb Code    32  los_dev_st_uart.o(i.los_dev_uart_gpio_init)
    i.los_dev_uart_init                      0x0800441c   Section        0  los_dev_st_uart.o(i.los_dev_uart_init)
    i.los_dev_uart_irqhandler                0x080045e0   Section        0  los_dev_st_uart.o(i.los_dev_uart_irqhandler)
    i.los_dev_uart_read                      0x08004794   Section        0  los_dev_st_uart.o(i.los_dev_uart_read)
    i.los_dev_uart_start                     0x08004b94   Section        0  los_dev_st_uart.o(i.los_dev_uart_start)
    los_dev_uart_start                       0x08004b95   Thumb Code   146  los_dev_st_uart.o(i.los_dev_uart_start)
    i.los_dev_uart_write                     0x08004c28   Section        0  los_dev_st_uart.o(i.los_dev_uart_write)
    i.los_receive_it                         0x08004cb4   Section        0  los_dev_st_uart.o(i.los_receive_it)
    los_receive_it                           0x08004cb5   Thumb Code   334  los_dev_st_uart.o(i.los_receive_it)
    i.main                                   0x08004e08   Section        0  main.o(i.main)
    i.max7219_nbget_show_data                0x08004e7c   Section        0  ocean_nb_sample.o(i.max7219_nbget_show_data)
    i.neul_bc95_active_network               0x08004eb0   Section        0  neul_bc95.o(i.neul_bc95_active_network)
    i.neul_bc95_get_netstat                  0x08005140   Section        0  neul_bc95.o(i.neul_bc95_get_netstat)
    i.neul_bc95_get_unrmsg_count             0x080051c4   Section        0  neul_bc95.o(i.neul_bc95_get_unrmsg_count)
    i.neul_bc95_hex_to_str                   0x08005274   Section        0  neul_bc95.o(i.neul_bc95_hex_to_str)
    neul_bc95_hex_to_str                     0x08005275   Thumb Code    54  neul_bc95.o(i.neul_bc95_hex_to_str)
    i.neul_bc95_hw_detect                    0x080052b4   Section        0  neul_bc95.o(i.neul_bc95_hw_detect)
    i.neul_bc95_hw_init                      0x08005350   Section        0  neul_bc95.o(i.neul_bc95_hw_init)
    i.neul_bc95_prepare_transmit             0x0800538c   Section        0  neul_bc95.o(i.neul_bc95_prepare_transmit)
    i.neul_bc95_query_ip                     0x080053e4   Section        0  neul_bc95.o(i.neul_bc95_query_ip)
    i.neul_bc95_read_coap_msg                0x0800546c   Section        0  neul_bc95.o(i.neul_bc95_read_coap_msg)
    i.neul_bc95_reboot                       0x0800554c   Section        0  neul_bc95.o(i.neul_bc95_reboot)
    i.neul_bc95_send_coap_paylaod            0x080055d0   Section        0  neul_bc95.o(i.neul_bc95_send_coap_paylaod)
    i.neul_bc95_set_auto_connect             0x0800575c   Section        0  neul_bc95.o(i.neul_bc95_set_auto_connect)
    i.neul_bc95_set_band                     0x0800582c   Section        0  neul_bc95.o(i.neul_bc95_set_band)
    i.neul_bc95_sleep                        0x080058ec   Section        0  neul_bc95.o(i.neul_bc95_sleep)
    i.neul_bc95_str_to_hex                   0x080058fa   Section        0  neul_bc95.o(i.neul_bc95_str_to_hex)
    neul_bc95_str_to_hex                     0x080058fb   Thumb Code   100  neul_bc95.o(i.neul_bc95_str_to_hex)
    i.ocean_recv_dev_cmd                     0x08005960   Section        0  ocean_nb_sample.o(i.ocean_recv_dev_cmd)
    i.oceancon_nb_sampletask                 0x080059bc   Section        0  ocean_nb_sample.o(i.oceancon_nb_sampletask)
    i.osDelay                                0x08005ad8   Section        0  cmsis_liteos.o(i.osDelay)
    i.osHwiDefaultHandler                    0x08005b0c   Section        0  los_hwi.o(i.osHwiDefaultHandler)
    i.osHwiInit                              0x08005b14   Section        0  los_hwi.o(i.osHwiInit)
    i.osIdleTask                             0x08005b38   Section        0  los_task.o(i.osIdleTask)
    i.osIdleTaskCreate                       0x08005b3c   Section        0  los_task.o(i.osIdleTaskCreate)
    i.osIntNumGet                            0x08005b88   Section        0  los_hwi.o(i.osIntNumGet)
    i.osMain                                 0x08005b94   Section        0  los_config.o(i.osMain)
    i.osMemAllocWithCheck                    0x08005c04   Section        0  los_memory.o(i.osMemAllocWithCheck)
    osMemAllocWithCheck                      0x08005c05   Thumb Code    92  los_memory.o(i.osMemAllocWithCheck)
    i.osMemCheckUsedNode                     0x08005c60   Section        0  los_memory.o(i.osMemCheckUsedNode)
    osMemCheckUsedNode                       0x08005c61   Thumb Code   152  los_memory.o(i.osMemCheckUsedNode)
    i.osMemFindSuitableFreeBlock             0x08005cf8   Section        0  los_memory.o(i.osMemFindSuitableFreeBlock)
    osMemFindSuitableFreeBlock               0x08005cf9   Thumb Code    80  los_memory.o(i.osMemFindSuitableFreeBlock)
    i.osMemFreeNode                          0x08005d48   Section        0  los_memory.o(i.osMemFreeNode)
    osMemFreeNode                            0x08005d49   Thumb Code   178  los_memory.o(i.osMemFreeNode)
    i.osMemIsNodeValid                       0x08005dfa   Section        0  los_memory.o(i.osMemIsNodeValid)
    osMemIsNodeValid                         0x08005dfb   Thumb Code    62  los_memory.o(i.osMemIsNodeValid)
    i.osMemMergeNode                         0x08005e38   Section        0  los_memory.o(i.osMemMergeNode)
    osMemMergeNode                           0x08005e39   Thumb Code    36  los_memory.o(i.osMemMergeNode)
    i.osMemSetMagicNumAndTaskid              0x08005e5c   Section        0  los_memory.o(i.osMemSetMagicNumAndTaskid)
    osMemSetMagicNumAndTaskid                0x08005e5d   Thumb Code    28  los_memory.o(i.osMemSetMagicNumAndTaskid)
    i.osMemSpitNode                          0x08005e7c   Section        0  los_memory.o(i.osMemSpitNode)
    osMemSpitNode                            0x08005e7d   Thumb Code    92  los_memory.o(i.osMemSpitNode)
    i.osMemSystemInit                        0x08005ed8   Section        0  los_memory.o(i.osMemSystemInit)
    i.osMuxInit                              0x08005efc   Section        0  los_mux.o(i.osMuxInit)
    i.osPriqueueInit                         0x08005f58   Section        0  los_priqueue.o(i.osPriqueueInit)
    i.osQueueCreate                          0x08005fa0   Section        0  los_queue.o(i.osQueueCreate)
    i.osQueueInit                            0x08006010   Section        0  los_queue.o(i.osQueueInit)
    i.osQueuePend                            0x08006048   Section        0  los_queue.o(i.osQueuePend)
    osQueuePend                              0x08006049   Thumb Code   132  los_queue.o(i.osQueuePend)
    i.osQueueWakeUp                          0x080060cc   Section        0  los_queue.o(i.osQueueWakeUp)
    osQueueWakeUp                            0x080060cd   Thumb Code    90  los_queue.o(i.osQueueWakeUp)
    i.osRegister                             0x08006128   Section        0  los_config.o(i.osRegister)
    i.osSchedule                             0x08006144   Section        0  los_hw.o(i.osSchedule)
    i.osSemInit                              0x0800614c   Section        0  los_sem.o(i.osSemInit)
    i.osSwTmrInit                            0x080061a4   Section        0  los_swtmr.o(i.osSwTmrInit)
    i.osSwTmrStart                           0x08006250   Section        0  los_swtmr.o(i.osSwTmrStart)
    i.osSwTmrTask                            0x080062b0   Section        0  los_swtmr.o(i.osSwTmrTask)
    i.osSwTmrTaskCreate                      0x08006300   Section        0  los_swtmr.o(i.osSwTmrTaskCreate)
    i.osSwTmrTimeoutHandle                   0x08006348   Section        0  los_swtmr.o(i.osSwTmrTimeoutHandle)
    osSwTmrTimeoutHandle                     0x08006349   Thumb Code   126  los_swtmr.o(i.osSwTmrTimeoutHandle)
    i.osSwtmrDelete                          0x080063d4   Section        0  los_swtmr.o(i.osSwtmrDelete)
    osSwtmrDelete                            0x080063d5   Thumb Code    16  los_swtmr.o(i.osSwtmrDelete)
    i.osSwtmrScan                            0x080063e8   Section        0  los_swtmr.o(i.osSwtmrScan)
    i.osTaskAdd2TimerList                    0x0800640c   Section        0  los_task.o(i.osTaskAdd2TimerList)
    i.osTaskEntry                            0x080064cc   Section        0  los_task.o(i.osTaskEntry)
    i.osTaskExit                             0x08006570   Section        0  los_hw.o(i.osTaskExit)
    i.osTaskInit                             0x08006578   Section        0  los_task.o(i.osTaskInit)
    i.osTaskMemUsedDec                       0x080066a0   Section        0  los_memstat.o(i.osTaskMemUsedDec)
    i.osTaskMemUsedInc                       0x080066d4   Section        0  los_memstat.o(i.osTaskMemUsedInc)
    i.osTaskScan                             0x08006710   Section        0  los_task.o(i.osTaskScan)
    i.osTaskSelfDelete                       0x080067ec   Section        0  los_task.o(i.osTaskSelfDelete)
    i.osThreadCreate                         0x080068e8   Section        0  cmsis_liteos.o(i.osThreadCreate)
    i.osTickHandler                          0x08006960   Section        0  los_tick.o(i.osTickHandler)
    i.osTickStart                            0x08006988   Section        0  los_bsp_adapter.o(i.osTickStart)
    i.osTimerListDelete                      0x080069f4   Section        0  los_task.o(i.osTimerListDelete)
    i.osTimesliceCheck                       0x08006a3c   Section        0  los_timeslice.o(i.osTimesliceCheck)
    i.osTimesliceInit                        0x08006a88   Section        0  los_timeslice.o(i.osTimesliceInit)
    i.osTskStackInit                         0x08006a98   Section        0  los_hw.o(i.osTskStackInit)
    i.uart_data_flush                        0x08006b20   Section        0  neul_bc95.o(i.uart_data_flush)
    i.uart_data_read                         0x08006b34   Section        0  neul_bc95.o(i.uart_data_read)
    i.uart_data_write                        0x08006b78   Section        0  neul_bc95.o(i.uart_data_write)
    .constdata                               0x08006b9c   Section        9  los_bsp_adapter.o(.constdata)
    .constdata                               0x08006ba5   Section       24  system_stm32f1xx.o(.constdata)
    .constdata                               0x08006bbd   Section       64  ctype_c.o(.constdata)
    .data                                    0x20000000   Section        4  los_priqueue.o(.data)
    .data                                    0x20000004   Section       16  los_swtmr.o(.data)
    .data                                    0x20000014   Section       68  los_task.o(.data)
    .data                                    0x20000058   Section       16  los_tick.o(.data)
    .data                                    0x20000068   Section        8  los_timeslice.o(.data)
    .data                                    0x20000070   Section       12  los_mux.o(.data)
    .data                                    0x2000007c   Section        4  los_queue.o(.data)
    .data                                    0x20000080   Section       12  los_sem.o(.data)
    .data                                    0x2000008c   Section        4  los_hw_tick.o(.data)
    .data                                    0x20000090   Section        4  los_hwi.o(.data)
    .data                                    0x20000094   Section        8  los_config.o(.data)
    .data                                    0x2000009c   Section        4  los_bsp_adapter.o(.data)
    g_ucycle_per_tick                        0x2000009c   Data           4  los_bsp_adapter.o(.data)
    .data                                    0x200000a0   Section        4  system_stm32f1xx.o(.data)
    .data                                    0x200000a4   Section        4  stm32f1xx_hal.o(.data)
    uwTick                                   0x200000a4   Data           4  stm32f1xx_hal.o(.data)
    .data                                    0x200000a8   Section       72  neul_bc95.o(.data)
    neul_ops                                 0x200000a8   Data           8  neul_bc95.o(.data)
    udp_socket                               0x200000b0   Data          24  neul_bc95.o(.data)
    neul_dev                                 0x200000c8   Data          36  neul_bc95.o(.data)
    sndcnt                                   0x200000ec   Data           4  neul_bc95.o(.data)
    .data                                    0x200000f0   Section      308  max7219_driver_func.o(.data)
    .data                                    0x20000224   Section       16  los_dev_st_uart.o(.data)
    .data                                    0x20000234   Section        8  ocean_nb_sample.o(.data)
    nb_get_cmd                               0x20000234   Data           4  ocean_nb_sample.o(.data)
    nb_uset_value                            0x20000238   Data           4  ocean_nb_sample.o(.data)
    .vector.bss                              0x2000023c   Section     1024  los_hwi.o(.vector.bss)
    .bss                                     0x2000063c   Section      100  los_swtmr.o(.bss)
    .bss                                     0x200006a0   Section    10240  los_memory.o(.bss)
    .bss                                     0x20002ea0   Section       32  los_memstat.o(.bss)
    .bss                                     0x20002ec0   Section     3192  neul_bc95.o(.bss)
    neul_bc95_buf                            0x20002ec0   Data        1064  neul_bc95.o(.bss)
    neul_bc95_wbuf                           0x200032e8   Data        1064  neul_bc95.o(.bss)
    neul_bc95_tmpbuf                         0x20003710   Data        1064  neul_bc95.o(.bss)
    .bss                                     0x20003b38   Section     2000  main.o(.bss)
    tb1                                      0x20003b38   Data         500  main.o(.bss)
    rtb1                                     0x20003d2c   Data         500  main.o(.bss)
    tb12                                     0x20003f20   Data         500  main.o(.bss)
    rtb12                                    0x20004114   Data         500  main.o(.bss)
    .bss                                     0x20004308   Section       88  max7219_driver_func.o(.bss)
    .bss                                     0x20004360   Section      368  los_dev_st_uart.o(.bss)
    .bss                                     0x200044d0   Section     1560  ocean_nb_sample.o(.bss)
    coapmsg                                  0x200048d0   Data         536  ocean_nb_sample.o(.bss)
    STACK                                    0x20004ae8   Section     1024  startup_stm32f103xb.o(STACK)

    Global Symbols

    Symbol Name                              Value     Ov Type        Size  Object(Section)

    BuildAttributes$$THM_ISAv4$P$D$K$B$S$PE$A:L22UL41UL21$X:L11$S22US41US21$IEEE1$IW$USESV6$~STKCKD$USESV7$~SHL$OSPACE$ROPI$EBA8$MICROLIB$REQ8$PRES8$EABIv2 0x00000000   Number         0  anon$$obj.o ABSOLUTE
    __ARM_use_no_argv                        0x00000000   Number         0  main.o ABSOLUTE
    _printf_a                                0x00000000   Number         0  stubs.o ABSOLUTE
    _printf_c                                0x00000000   Number         0  stubs.o ABSOLUTE
    _printf_charcount                        0x00000000   Number         0  stubs.o ABSOLUTE
    _printf_d                                0x00000000   Number         0  stubs.o ABSOLUTE
    _printf_e                                0x00000000   Number         0  stubs.o ABSOLUTE
    _printf_f                                0x00000000   Number         0  stubs.o ABSOLUTE
    _printf_flags                            0x00000000   Number         0  stubs.o ABSOLUTE
    _printf_fp_dec                           0x00000000   Number         0  stubs.o ABSOLUTE
    _printf_fp_hex                           0x00000000   Number         0  stubs.o ABSOLUTE
    _printf_g                                0x00000000   Number         0  stubs.o ABSOLUTE
    _printf_i                                0x00000000   Number         0  stubs.o ABSOLUTE
    _printf_int_dec                          0x00000000   Number         0  stubs.o ABSOLUTE
    _printf_l                                0x00000000   Number         0  stubs.o ABSOLUTE
    _printf_lc                               0x00000000   Number         0  stubs.o ABSOLUTE
    _printf_ll                               0x00000000   Number         0  stubs.o ABSOLUTE
    _printf_lld                              0x00000000   Number         0  stubs.o ABSOLUTE
    _printf_lli                              0x00000000   Number         0  stubs.o ABSOLUTE
    _printf_llo                              0x00000000   Number         0  stubs.o ABSOLUTE
    _printf_llu                              0x00000000   Number         0  stubs.o ABSOLUTE
    _printf_llx                              0x00000000   Number         0  stubs.o ABSOLUTE
    _printf_longlong_dec                     0x00000000   Number         0  stubs.o ABSOLUTE
    _printf_longlong_hex                     0x00000000   Number         0  stubs.o ABSOLUTE
    _printf_longlong_oct                     0x00000000   Number         0  stubs.o ABSOLUTE
    _printf_ls                               0x00000000   Number         0  stubs.o ABSOLUTE
    _printf_mbtowc                           0x00000000   Number         0  stubs.o ABSOLUTE
    _printf_n                                0x00000000   Number         0  stubs.o ABSOLUTE
    _printf_o                                0x00000000   Number         0  stubs.o ABSOLUTE
    _printf_p                                0x00000000   Number         0  stubs.o ABSOLUTE
    _printf_percent                          0x00000000   Number         0  stubs.o ABSOLUTE
    _printf_pre_padding                      0x00000000   Number         0  stubs.o ABSOLUTE
    _printf_return_value                     0x00000000   Number         0  stubs.o ABSOLUTE
    _printf_s                                0x00000000   Number         0  stubs.o ABSOLUTE
    _printf_sizespec                         0x00000000   Number         0  stubs.o ABSOLUTE
    _printf_str                              0x00000000   Number         0  stubs.o ABSOLUTE
    _printf_truncate_signed                  0x00000000   Number         0  stubs.o ABSOLUTE
    _printf_truncate_unsigned                0x00000000   Number         0  stubs.o ABSOLUTE
    _printf_u                                0x00000000   Number         0  stubs.o ABSOLUTE
    _printf_wc                               0x00000000   Number         0  stubs.o ABSOLUTE
    _printf_wctomb                           0x00000000   Number         0  stubs.o ABSOLUTE
    _printf_widthprec                        0x00000000   Number         0  stubs.o ABSOLUTE
    _printf_x                                0x00000000   Number         0  stubs.o ABSOLUTE
    __cpp_initialize__aeabi_                  - Undefined Weak Reference
    __cxa_finalize                            - Undefined Weak Reference
    _clock_init                               - Undefined Weak Reference
    _microlib_exit                            - Undefined Weak Reference
    _scanf_longlong                           - Undefined Weak Reference
    _scanf_real                               - Undefined Weak Reference
    __Vectors_Size                           0x000000ec   Number         0  startup_stm32f103xb.o ABSOLUTE
    __Vectors                                0x08000000   Data           4  startup_stm32f103xb.o(RESET)
    __Vectors_End                            0x080000ec   Data           0  startup_stm32f103xb.o(RESET)
    __main                                   0x080000ed   Thumb Code     0  entry.o(.ARM.Collect$$$$00000000)
    _main_stk                                0x080000ed   Thumb Code     0  entry2.o(.ARM.Collect$$$$00000001)
    _main_scatterload                        0x080000f1   Thumb Code     0  entry5.o(.ARM.Collect$$$$00000004)
    __main_after_scatterload                 0x080000f5   Thumb Code     0  entry5.o(.ARM.Collect$$$$00000004)
    _main_clock                              0x080000f5   Thumb Code     0  entry7b.o(.ARM.Collect$$$$00000008)
    _main_cpp_init                           0x080000f5   Thumb Code     0  entry8b.o(.ARM.Collect$$$$0000000A)
    _main_init                               0x080000f5   Thumb Code     0  entry9a.o(.ARM.Collect$$$$0000000B)
    __rt_final_cpp                           0x080000fd   Thumb Code     0  entry10a.o(.ARM.Collect$$$$0000000D)
    __rt_final_exit                          0x080000fd   Thumb Code     0  entry11a.o(.ARM.Collect$$$$0000000F)
    LOS_StartToRun                           0x08000101   Thumb Code     0  los_dispatch_keil.o(.text)
    Reset_Handler                            0x0800015d   Thumb Code     8  startup_stm32f103xb.o(.text)
    ADC1_2_IRQHandler                        0x08000177   Thumb Code     0  startup_stm32f103xb.o(.text)
    CAN1_RX1_IRQHandler                      0x08000177   Thumb Code     0  startup_stm32f103xb.o(.text)
    CAN1_SCE_IRQHandler                      0x08000177   Thumb Code     0  startup_stm32f103xb.o(.text)
    DMA1_Channel1_IRQHandler                 0x08000177   Thumb Code     0  startup_stm32f103xb.o(.text)
    DMA1_Channel2_IRQHandler                 0x08000177   Thumb Code     0  startup_stm32f103xb.o(.text)
    DMA1_Channel3_IRQHandler                 0x08000177   Thumb Code     0  startup_stm32f103xb.o(.text)
    DMA1_Channel4_IRQHandler                 0x08000177   Thumb Code     0  startup_stm32f103xb.o(.text)
    DMA1_Channel5_IRQHandler                 0x08000177   Thumb Code     0  startup_stm32f103xb.o(.text)
    DMA1_Channel6_IRQHandler                 0x08000177   Thumb Code     0  startup_stm32f103xb.o(.text)
    DMA1_Channel7_IRQHandler                 0x08000177   Thumb Code     0  startup_stm32f103xb.o(.text)
    EXTI0_IRQHandler                         0x08000177   Thumb Code     0  startup_stm32f103xb.o(.text)
    EXTI15_10_IRQHandler                     0x08000177   Thumb Code     0  startup_stm32f103xb.o(.text)
    EXTI1_IRQHandler                         0x08000177   Thumb Code     0  startup_stm32f103xb.o(.text)
    EXTI2_IRQHandler                         0x08000177   Thumb Code     0  startup_stm32f103xb.o(.text)
    EXTI3_IRQHandler                         0x08000177   Thumb Code     0  startup_stm32f103xb.o(.text)
    EXTI4_IRQHandler                         0x08000177   Thumb Code     0  startup_stm32f103xb.o(.text)
    EXTI9_5_IRQHandler                       0x08000177   Thumb Code     0  startup_stm32f103xb.o(.text)
    FLASH_IRQHandler                         0x08000177   Thumb Code     0  startup_stm32f103xb.o(.text)
    I2C1_ER_IRQHandler                       0x08000177   Thumb Code     0  startup_stm32f103xb.o(.text)
    I2C1_EV_IRQHandler                       0x08000177   Thumb Code     0  startup_stm32f103xb.o(.text)
    I2C2_ER_IRQHandler                       0x08000177   Thumb Code     0  startup_stm32f103xb.o(.text)
    I2C2_EV_IRQHandler                       0x08000177   Thumb Code     0  startup_stm32f103xb.o(.text)
    PVD_IRQHandler                           0x08000177   Thumb Code     0  startup_stm32f103xb.o(.text)
    RCC_IRQHandler                           0x08000177   Thumb Code     0  startup_stm32f103xb.o(.text)
    RTC_Alarm_IRQHandler                     0x08000177   Thumb Code     0  startup_stm32f103xb.o(.text)
    RTC_IRQHandler                           0x08000177   Thumb Code     0  startup_stm32f103xb.o(.text)
    SPI1_IRQHandler                          0x08000177   Thumb Code     0  startup_stm32f103xb.o(.text)
    SPI2_IRQHandler                          0x08000177   Thumb Code     0  startup_stm32f103xb.o(.text)
    TAMPER_IRQHandler                        0x08000177   Thumb Code     0  startup_stm32f103xb.o(.text)
    TIM1_BRK_IRQHandler                      0x08000177   Thumb Code     0  startup_stm32f103xb.o(.text)
    TIM1_CC_IRQHandler                       0x08000177   Thumb Code     0  startup_stm32f103xb.o(.text)
    TIM1_TRG_COM_IRQHandler                  0x08000177   Thumb Code     0  startup_stm32f103xb.o(.text)
    TIM1_UP_IRQHandler                       0x08000177   Thumb Code     0  startup_stm32f103xb.o(.text)
    TIM2_IRQHandler                          0x08000177   Thumb Code     0  startup_stm32f103xb.o(.text)
    TIM3_IRQHandler                          0x08000177   Thumb Code     0  startup_stm32f103xb.o(.text)
    TIM4_IRQHandler                          0x08000177   Thumb Code     0  startup_stm32f103xb.o(.text)
    USART1_IRQHandler                        0x08000177   Thumb Code     0  startup_stm32f103xb.o(.text)
    USART3_IRQHandler                        0x08000177   Thumb Code     0  startup_stm32f103xb.o(.text)
    USBWakeUp_IRQHandler                     0x08000177   Thumb Code     0  startup_stm32f103xb.o(.text)
    USB_HP_CAN1_TX_IRQHandler                0x08000177   Thumb Code     0  startup_stm32f103xb.o(.text)
    USB_LP_CAN1_RX0_IRQHandler               0x08000177   Thumb Code     0  startup_stm32f103xb.o(.text)
    WWDG_IRQHandler                          0x08000177   Thumb Code     0  startup_stm32f103xb.o(.text)
    __aeabi_uldivmod                         0x08000181   Thumb Code    98  uldiv.o(.text)
    __aeabi_llsr                             0x080001e3   Thumb Code    32  llushr.o(.text)
    _ll_ushift_r                             0x080001e3   Thumb Code     0  llushr.o(.text)
    __aeabi_memcpy                           0x08000203   Thumb Code    36  memcpya.o(.text)
    __aeabi_memcpy4                          0x08000203   Thumb Code     0  memcpya.o(.text)
    __aeabi_memcpy8                          0x08000203   Thumb Code     0  memcpya.o(.text)
    __aeabi_memset                           0x08000227   Thumb Code    14  memseta.o(.text)
    __aeabi_memset4                          0x08000227   Thumb Code     0  memseta.o(.text)
    __aeabi_memset8                          0x08000227   Thumb Code     0  memseta.o(.text)
    __aeabi_memclr                           0x08000235   Thumb Code     4  memseta.o(.text)
    __aeabi_memclr4                          0x08000235   Thumb Code     0  memseta.o(.text)
    __aeabi_memclr8                          0x08000235   Thumb Code     0  memseta.o(.text)
    _memset$wrapper                          0x08000239   Thumb Code    18  memseta.o(.text)
    strstr                                   0x0800024b   Thumb Code    36  strstr.o(.text)
    strlen                                   0x0800026f   Thumb Code    14  strlen.o(.text)
    __0sscanf                                0x0800027d   Thumb Code    48  __0sscanf.o(.text)
    _scanf_int                               0x080002b5   Thumb Code   332  _scanf_int.o(.text)
    _scanf_string                            0x08000401   Thumb Code   224  _scanf_str.o(.text)
    __aeabi_ddiv                             0x080004e1   Thumb Code   222  ddiv.o(.text)
    __aeabi_d2ulz                            0x080005bf   Thumb Code    48  dfixul.o(.text)
    __aeabi_uidiv                            0x080005ef   Thumb Code     0  uidiv.o(.text)
    __aeabi_uidivmod                         0x080005ef   Thumb Code    44  uidiv.o(.text)
    __aeabi_llsl                             0x0800061b   Thumb Code    30  llshl.o(.text)
    _ll_shift_l                              0x0800061b   Thumb Code     0  llshl.o(.text)
    _chval                                   0x08000639   Thumb Code    28  _chval.o(.text)
    __vfscanf_char                           0x08000661   Thumb Code    20  scanf_char.o(.text)
    _sgetc                                   0x0800067d   Thumb Code    30  _sgetc.o(.text)
    _sbackspace                              0x0800069b   Thumb Code    34  _sgetc.o(.text)
    __I$use$fp                               0x080006bd   Thumb Code     0  iusefp.o(.text)
    _double_round                            0x080006bd   Thumb Code    30  depilogue.o(.text)
    _double_epilogue                         0x080006db   Thumb Code   156  depilogue.o(.text)
    __aeabi_dadd                             0x08000777   Thumb Code   322  dadd.o(.text)
    __aeabi_dsub                             0x080008b9   Thumb Code     6  dadd.o(.text)
    __aeabi_drsub                            0x080008bf   Thumb Code     6  dadd.o(.text)
    __aeabi_dmul                             0x080008c5   Thumb Code   228  dmul.o(.text)
    __aeabi_cdrcmple                         0x080009a9   Thumb Code    48  cdrcmple.o(.text)
    __scatterload                            0x080009d9   Thumb Code    28  init.o(.text)
    __scatterload_rt2                        0x080009d9   Thumb Code     0  init.o(.text)
    __aeabi_lasr                             0x080009fd   Thumb Code    36  llsshr.o(.text)
    _ll_sshift_r                             0x080009fd   Thumb Code     0  llsshr.o(.text)
    isspace                                  0x08000a21   Thumb Code    10  isspace_c.o(.text)
    __vfscanf                                0x08000a2d   Thumb Code   808  _scanf.o(.text)
    __ctype_lookup                           0x08000d59   Thumb Code    34  ctype_c.o(.text)
    __decompress                             0x08000d81   Thumb Code     0  __dczerorl2.o(.text)
    __decompress1                            0x08000d81   Thumb Code    86  __dczerorl2.o(.text)
    LOS_IntNumGet                            0x08000dd9   Thumb Code     0  los_dispatch_keil.o(KERNEL)
    osDisableIRQ                             0x08000ddf   Thumb Code     0  los_dispatch_keil.o(KERNEL)
    LOS_IntLock                              0x08000de3   Thumb Code     0  los_dispatch_keil.o(KERNEL)
    LOS_IntUnLock                            0x08000deb   Thumb Code     0  los_dispatch_keil.o(KERNEL)
    LOS_IntRestore                           0x08000df3   Thumb Code     0  los_dispatch_keil.o(KERNEL)
    osTaskSchedule                           0x08000df9   Thumb Code     0  los_dispatch_keil.o(KERNEL)
    PendSV_Handler                           0x08000e03   Thumb Code     0  los_dispatch_keil.o(KERNEL)
    BusFault_Handler                         0x08000e61   Thumb Code     4  stm32f1xx_it.o(i.BusFault_Handler)
    DebugMon_Handler                         0x08000e65   Thumb Code     2  stm32f1xx_it.o(i.DebugMon_Handler)
    HAL_Delay                                0x08000e67   Thumb Code    26  stm32f1xx_hal.o(i.HAL_Delay)
    HAL_GPIO_Init                            0x08000e81   Thumb Code   790  stm32f1xx_hal_gpio.o(i.HAL_GPIO_Init)
    HAL_GPIO_WritePin                        0x080011c1   Thumb Code    12  stm32f1xx_hal_gpio.o(i.HAL_GPIO_WritePin)
    HAL_GetTick                              0x080011cd   Thumb Code     6  stm32f1xx_hal.o(i.HAL_GetTick)
    HAL_IncTick                              0x080011d9   Thumb Code    12  stm32f1xx_hal.o(i.HAL_IncTick)
    HAL_Init                                 0x080011e9   Thumb Code    34  stm32f1xx_hal.o(i.HAL_Init)
    HAL_InitTick                             0x08001211   Thumb Code    36  stm32f1xx_hal.o(i.HAL_InitTick)
    HAL_MspInit                              0x08001235   Thumb Code   114  stm32f1xx_hal_msp.o(i.HAL_MspInit)
    HAL_NVIC_EnableIRQ                       0x080012ad   Thumb Code    26  stm32f1xx_hal_cortex.o(i.HAL_NVIC_EnableIRQ)
    HAL_NVIC_SetPriority                     0x080012c7   Thumb Code   124  stm32f1xx_hal_cortex.o(i.HAL_NVIC_SetPriority)
    HAL_NVIC_SetPriorityGrouping             0x08001345   Thumb Code    32  stm32f1xx_hal_cortex.o(i.HAL_NVIC_SetPriorityGrouping)
    HAL_RCC_ClockConfig                      0x0800136d   Thumb Code   648  stm32f1xx_hal_rcc.o(i.HAL_RCC_ClockConfig)
    HAL_RCC_GetHCLKFreq                      0x08001605   Thumb Code     6  stm32f1xx_hal_rcc.o(i.HAL_RCC_GetHCLKFreq)
    HAL_RCC_GetPCLK1Freq                     0x08001611   Thumb Code    36  stm32f1xx_hal_rcc.o(i.HAL_RCC_GetPCLK1Freq)
    HAL_RCC_GetPCLK2Freq                     0x0800163d   Thumb Code    36  stm32f1xx_hal_rcc.o(i.HAL_RCC_GetPCLK2Freq)
    HAL_RCC_GetSysClockFreq                  0x08001669   Thumb Code   146  stm32f1xx_hal_rcc.o(i.HAL_RCC_GetSysClockFreq)
    HAL_RCC_OscConfig                        0x0800171d   Thumb Code  2164  stm32f1xx_hal_rcc.o(i.HAL_RCC_OscConfig)
    HAL_SPI_DeInit                           0x08001f95   Thumb Code    54  stm32f1xx_hal_spi.o(i.HAL_SPI_DeInit)
    HAL_SPI_GetState                         0x08001fcb   Thumb Code     8  stm32f1xx_hal_spi.o(i.HAL_SPI_GetState)
    HAL_SPI_Init                             0x08001fd3   Thumb Code   124  stm32f1xx_hal_spi.o(i.HAL_SPI_Init)
    HAL_SPI_MspDeInit                        0x0800204f   Thumb Code     2  stm32f1xx_hal_spi.o(i.HAL_SPI_MspDeInit)
    HAL_SPI_MspInit                          0x08002051   Thumb Code     2  stm32f1xx_hal_spi.o(i.HAL_SPI_MspInit)
    HAL_SPI_Transmit                         0x08002053   Thumb Code   448  stm32f1xx_hal_spi.o(i.HAL_SPI_Transmit)
    HAL_SYSTICK_CLKSourceConfig              0x08002213   Thumb Code    40  stm32f1xx_hal_cortex.o(i.HAL_SYSTICK_CLKSourceConfig)
    HAL_SYSTICK_Config                       0x0800223b   Thumb Code    52  stm32f1xx_hal_cortex.o(i.HAL_SYSTICK_Config)
    HAL_UART_Init                            0x0800226f   Thumb Code   110  stm32f1xx_hal_uart.o(i.HAL_UART_Init)
    HAL_UART_MspInit                         0x080022dd   Thumb Code   100  stm32f1xx_hal_msp.o(i.HAL_UART_MspInit)
    HAL_UART_Transmit_IT                     0x0800234d   Thumb Code   110  stm32f1xx_hal_uart.o(i.HAL_UART_Transmit_IT)
    HAL_UART_TxCpltCallback                  0x080023bb   Thumb Code     2  stm32f1xx_hal_uart.o(i.HAL_UART_TxCpltCallback)
    HardFault_Handler                        0x080023bd   Thumb Code     4  stm32f1xx_it.o(i.HardFault_Handler)
    LOS_Align                                0x080023c1   Thumb Code    28  los_misc.o(i.LOS_Align)
    LOS_DLnkInitMultiHead                    0x080023dd   Thumb Code    30  los_multipledlinkhead.o(i.LOS_DLnkInitMultiHead)
    LOS_DLnkMultiHead                        0x080023fb   Thumb Code    42  los_multipledlinkhead.o(i.LOS_DLnkMultiHead)
    LOS_EnableTick                           0x08002425   Thumb Code    18  los_config.o(i.LOS_EnableTick)
    LOS_KernelInit                           0x08002437   Thumb Code    18  los_config.o(i.LOS_KernelInit)
    LOS_MAX7219_Ctrl_CS                      0x08002689   Thumb Code    30  max7219_driver_func.o(i.LOS_MAX7219_Ctrl_CS)
    LOS_MAX7219_Driver_Init                  0x080026ad   Thumb Code    78  max7219_driver_func.o(i.LOS_MAX7219_Driver_Init)
    LOS_MAX7219_Init                         0x08002705   Thumb Code    48  max7219_driver_func.o(i.LOS_MAX7219_Init)
    LOS_MAX7219_Init_CS                      0x08002735   Thumb Code    70  max7219_driver_func.o(i.LOS_MAX7219_Init_CS)
    LOS_MAX7219_Write                        0x08002785   Thumb Code    32  max7219_driver_func.o(i.LOS_MAX7219_Write)
    LOS_MS2Tick                              0x080027a5   Thumb Code    40  los_sys.o(i.LOS_MS2Tick)
    LOS_MemAlloc                             0x080027cd   Thumb Code    58  los_memory.o(i.LOS_MemAlloc)
    LOS_MemAllocAlign                        0x08002807   Thumb Code   108  los_memory.o(i.LOS_MemAllocAlign)
    LOS_MemFree                              0x08002873   Thumb Code    84  los_memory.o(i.LOS_MemFree)
    LOS_MemInit                              0x080028c7   Thumb Code   166  los_memory.o(i.LOS_MemInit)
    LOS_MemboxAlloc                          0x0800296d   Thumb Code    60  los_membox.o(i.LOS_MemboxAlloc)
    LOS_MemboxFree                           0x080029ad   Thumb Code   158  los_membox.o(i.LOS_MemboxFree)
    LOS_MemboxInit                           0x08002a51   Thumb Code   128  los_membox.o(i.LOS_MemboxInit)
    LOS_OceanCon_NB_Sample                   0x08002ad1   Thumb Code    38  ocean_nb_sample.o(i.LOS_OceanCon_NB_Sample)
    LOS_PriqueueDequeue                      0x08002b09   Thumb Code    24  los_priqueue.o(i.LOS_PriqueueDequeue)
    LOS_PriqueueEnqueue                      0x08002b21   Thumb Code    32  los_priqueue.o(i.LOS_PriqueueEnqueue)
    LOS_PriqueueSize                         0x08002b45   Thumb Code    36  los_priqueue.o(i.LOS_PriqueueSize)
    LOS_PriqueueTop                          0x08002b6d   Thumb Code    54  los_priqueue.o(i.LOS_PriqueueTop)
    LOS_QueueCreate                          0x08002ba9   Thumb Code   118  los_queue.o(i.LOS_QueueCreate)
    LOS_QueueRead                            0x08002c25   Thumb Code   282  los_queue.o(i.LOS_QueueRead)
    LOS_QueueWrite                           0x08002d55   Thumb Code   296  los_queue.o(i.LOS_QueueWrite)
    LOS_SPIx_Write                           0x08002ea5   Thumb Code    28  max7219_driver_func.o(i.LOS_SPIx_Write)
    LOS_Schedule                             0x08002ec9   Thumb Code    56  los_hw.o(i.LOS_Schedule)
    LOS_SemCreate                            0x08002f09   Thumb Code    98  los_sem.o(i.LOS_SemCreate)
    LOS_SemPend                              0x08002f75   Thumb Code   236  los_sem.o(i.LOS_SemPend)
    LOS_SemPost                              0x08003075   Thumb Code   176  los_sem.o(i.LOS_SemPost)
    LOS_SetTickSycle                         0x0800312d   Thumb Code     6  los_hw_tick.o(i.LOS_SetTickSycle)
    LOS_Start                                0x08003139   Thumb Code    12  los_config.o(i.LOS_Start)
    LOS_TaskCreate                           0x08003145   Thumb Code   140  los_task.o(i.LOS_TaskCreate)
    LOS_TaskCreateOnly                       0x080031e1   Thumb Code   368  los_task.o(i.LOS_TaskCreateOnly)
    LOS_TaskDelay                            0x08003365   Thumb Code   106  los_task.o(i.LOS_TaskDelay)
    LOS_TaskLock                             0x080033e5   Thumb Code    26  los_task.o(i.LOS_TaskLock)
    LOS_TaskUnlock                           0x08003405   Thumb Code    54  los_task.o(i.LOS_TaskUnlock)
    LOS_TaskYield                            0x08003441   Thumb Code   118  los_task.o(i.LOS_TaskYield)
    LOS_TickCountGet                         0x080034c5   Thumb Code     6  los_sys.o(i.LOS_TickCountGet)
    LOS_TickHandler                          0x080034d1   Thumb Code    52  los_hw_tick.o(i.LOS_TickHandler)
    LosAdapIntInit                           0x08003509   Thumb Code     2  los_bsp_adapter.o(i.LosAdapIntInit)
    MemManage_Handler                        0x08003531   Thumb Code     4  stm32f1xx_it.o(i.MemManage_Handler)
    NMI_Handler                              0x08003535   Thumb Code     2  stm32f1xx_it.o(i.NMI_Handler)
    SVC_Handler                              0x080036e5   Thumb Code     2  stm32f1xx_it.o(i.SVC_Handler)
    SysTick_Handler                          0x080036e7   Thumb Code    12  los_bsp_adapter.o(i.SysTick_Handler)
    SystemClock_Config                       0x080036f5   Thumb Code   128  main.o(i.SystemClock_Config)
    SystemInit                               0x08003789   Thumb Code    70  system_stm32f1xx.o(i.SystemInit)
    UART_EndTransmit_IT                      0x080037e1   Thumb Code    48  stm32f1xx_hal_uart.o(i.UART_EndTransmit_IT)
    UART_Transmit_IT                         0x080039d9   Thumb Code   112  stm32f1xx_hal_uart.o(i.UART_Transmit_IT)
    USART2_IRQHandler                        0x08003a49   Thumb Code    10  stm32f1xx_it.o(i.USART2_IRQHandler)
    UsageFault_Handler                       0x08003a53   Thumb Code     4  stm32f1xx_it.o(i.UsageFault_Handler)
    _Error_Handler                           0x08003a57   Thumb Code     4  los_bsp_uart.o(i._Error_Handler)
    __0sprintf                               0x08003a5d   Thumb Code    34  printfa.o(i.__0sprintf)
    __1sprintf                               0x08003a5d   Thumb Code     0  printfa.o(i.__0sprintf)
    __2sprintf                               0x08003a5d   Thumb Code     0  printfa.o(i.__0sprintf)
    __c89sprintf                             0x08003a5d   Thumb Code     0  printfa.o(i.__0sprintf)
    sprintf                                  0x08003a5d   Thumb Code     0  printfa.o(i.__0sprintf)
    __scatterload_copy                       0x08003a85   Thumb Code    14  handlers.o(i.__scatterload_copy)
    __scatterload_null                       0x08003a93   Thumb Code     2  handlers.o(i.__scatterload_null)
    __scatterload_zeroinit                   0x08003a95   Thumb Code    14  handlers.o(i.__scatterload_zeroinit)
    init_testuart                            0x08004361   Thumb Code    68  main.o(i.init_testuart)
    init_testuart2                           0x080043ad   Thumb Code    68  main.o(i.init_testuart2)
    los_dev_uart_init                        0x0800441d   Thumb Code   442  los_dev_st_uart.o(i.los_dev_uart_init)
    los_dev_uart_irqhandler                  0x080045e1   Thumb Code   432  los_dev_st_uart.o(i.los_dev_uart_irqhandler)
    los_dev_uart_read                        0x08004795   Thumb Code  1016  los_dev_st_uart.o(i.los_dev_uart_read)
    los_dev_uart_write                       0x08004c29   Thumb Code   132  los_dev_st_uart.o(i.los_dev_uart_write)
    main                                     0x08004e09   Thumb Code    90  main.o(i.main)
    max7219_nbget_show_data                  0x08004e7d   Thumb Code    50  ocean_nb_sample.o(i.max7219_nbget_show_data)
    neul_bc95_active_network                 0x08004eb1   Thumb Code   560  neul_bc95.o(i.neul_bc95_active_network)
    neul_bc95_get_netstat                    0x08005141   Thumb Code   106  neul_bc95.o(i.neul_bc95_get_netstat)
    neul_bc95_get_unrmsg_count               0x080051c5   Thumb Code   128  neul_bc95.o(i.neul_bc95_get_unrmsg_count)
    neul_bc95_hw_detect                      0x080052b5   Thumb Code   118  neul_bc95.o(i.neul_bc95_hw_detect)
    neul_bc95_hw_init                        0x08005351   Thumb Code    60  neul_bc95.o(i.neul_bc95_hw_init)
    neul_bc95_prepare_transmit               0x0800538d   Thumb Code    74  neul_bc95.o(i.neul_bc95_prepare_transmit)
    neul_bc95_query_ip                       0x080053e5   Thumb Code   106  neul_bc95.o(i.neul_bc95_query_ip)
    neul_bc95_read_coap_msg                  0x0800546d   Thumb Code   184  neul_bc95.o(i.neul_bc95_read_coap_msg)
    neul_bc95_reboot                         0x0800554d   Thumb Code   108  neul_bc95.o(i.neul_bc95_reboot)
    neul_bc95_send_coap_paylaod              0x080055d1   Thumb Code   324  neul_bc95.o(i.neul_bc95_send_coap_paylaod)
    neul_bc95_set_auto_connect               0x0800575d   Thumb Code   136  neul_bc95.o(i.neul_bc95_set_auto_connect)
    neul_bc95_set_band                       0x0800582d   Thumb Code   162  neul_bc95.o(i.neul_bc95_set_band)
    neul_bc95_sleep                          0x080058ed   Thumb Code    14  neul_bc95.o(i.neul_bc95_sleep)
    ocean_recv_dev_cmd                       0x08005961   Thumb Code    82  ocean_nb_sample.o(i.ocean_recv_dev_cmd)
    oceancon_nb_sampletask                   0x080059bd   Thumb Code   268  ocean_nb_sample.o(i.oceancon_nb_sampletask)
    osDelay                                  0x08005ad9   Thumb Code    48  cmsis_liteos.o(i.osDelay)
    osHwiDefaultHandler                      0x08005b0d   Thumb Code     8  los_hwi.o(i.osHwiDefaultHandler)
    osHwiInit                                0x08005b15   Thumb Code    26  los_hwi.o(i.osHwiInit)
    osIdleTask                               0x08005b39   Thumb Code     4  los_task.o(i.osIdleTask)
    osIdleTaskCreate                         0x08005b3d   Thumb Code    54  los_task.o(i.osIdleTaskCreate)
    osIntNumGet                              0x08005b89   Thumb Code    12  los_hwi.o(i.osIntNumGet)
    osMain                                   0x08005b95   Thumb Code   108  los_config.o(i.osMain)
    osMemSystemInit                          0x08005ed9   Thumb Code    26  los_memory.o(i.osMemSystemInit)
    osMuxInit                                0x08005efd   Thumb Code    74  los_mux.o(i.osMuxInit)
    osPriqueueInit                           0x08005f59   Thumb Code    64  los_priqueue.o(i.osPriqueueInit)
    osQueueCreate                            0x08005fa1   Thumb Code   100  los_queue.o(i.osQueueCreate)
    osQueueInit                              0x08006011   Thumb Code    44  los_queue.o(i.osQueueInit)
    osRegister                               0x08006129   Thumb Code    14  los_config.o(i.osRegister)
    osSchedule                               0x08006145   Thumb Code     8  los_hw.o(i.osSchedule)
    osSemInit                                0x0800614d   Thumb Code    70  los_sem.o(i.osSemInit)
    osSwTmrInit                              0x080061a5   Thumb Code   142  los_swtmr.o(i.osSwTmrInit)
    osSwTmrStart                             0x08006251   Thumb Code    92  los_swtmr.o(i.osSwTmrStart)
    osSwTmrTask                              0x080062b1   Thumb Code    70  los_swtmr.o(i.osSwTmrTask)
    osSwTmrTaskCreate                        0x08006301   Thumb Code    52  los_swtmr.o(i.osSwTmrTaskCreate)
    osSwtmrScan                              0x080063e9   Thumb Code    32  los_swtmr.o(i.osSwtmrScan)
    osTaskAdd2TimerList                      0x0800640d   Thumb Code   188  los_task.o(i.osTaskAdd2TimerList)
    osTaskEntry                              0x080064cd   Thumb Code   154  los_task.o(i.osTaskEntry)
    osTaskExit                               0x08006571   Thumb Code     8  los_hw.o(i.osTaskExit)
    osTaskInit                               0x08006579   Thumb Code   258  los_task.o(i.osTaskInit)
    osTaskMemUsedDec                         0x080066a1   Thumb Code    40  los_memstat.o(i.osTaskMemUsedDec)
    osTaskMemUsedInc                         0x080066d5   Thumb Code    48  los_memstat.o(i.osTaskMemUsedInc)
    osTaskScan                               0x08006711   Thumb Code   214  los_task.o(i.osTaskScan)
    osTaskSelfDelete                         0x080067ed   Thumb Code   236  los_task.o(i.osTaskSelfDelete)
    osThreadCreate                           0x080068e9   Thumb Code   116  cmsis_liteos.o(i.osThreadCreate)
    osTickHandler                            0x08006961   Thumb Code    34  los_tick.o(i.osTickHandler)
    osTickStart                              0x08006989   Thumb Code    92  los_bsp_adapter.o(i.osTickStart)
    osTimerListDelete                        0x080069f5   Thumb Code    66  los_task.o(i.osTimerListDelete)
    osTimesliceCheck                         0x08006a3d   Thumb Code    64  los_timeslice.o(i.osTimesliceCheck)
    osTimesliceInit                          0x08006a89   Thumb Code    12  los_timeslice.o(i.osTimesliceInit)
    osTskStackInit                           0x08006a99   Thumb Code   128  los_hw.o(i.osTskStackInit)
    uart_data_flush                          0x08006b21   Thumb Code    16  neul_bc95.o(i.uart_data_flush)
    uart_data_read                           0x08006b35   Thumb Code    68  neul_bc95.o(i.uart_data_read)
    uart_data_write                          0x08006b79   Thumb Code    36  neul_bc95.o(i.uart_data_write)
    sys_clk_freq                             0x08006b9c   Data           4  los_bsp_adapter.o(.constdata)
    tick_per_second                          0x08006ba0   Data           4  los_bsp_adapter.o(.constdata)
    g_use_ram_vect                           0x08006ba4   Data           1  los_bsp_adapter.o(.constdata)
    AHBPrescTable                            0x08006ba5   Data          16  system_stm32f1xx.o(.constdata)
    APBPrescTable                            0x08006bb5   Data           8  system_stm32f1xx.o(.constdata)
    __ctype_categories                       0x08006bbd   Data          64  ctype_c.o(.constdata)
    Region$$Table$$Base                      0x08006c00   Number         0  anon$$obj.o(Region$$Table)
    Region$$Table$$Limit                     0x08006c20   Number         0  anon$$obj.o(Region$$Table)
    g_pstLosPriorityQueueList                0x20000000   Data           4  los_priqueue.o(.data)
    m_uwSwTmrHandlerQueue                    0x20000004   Data           4  los_swtmr.o(.data)
    m_pstSwtmrCBArray                        0x20000008   Data           4  los_swtmr.o(.data)
    m_pstSwtmrFreeList                       0x2000000c   Data           4  los_swtmr.o(.data)
    m_pstSwtmrSortList                       0x20000010   Data           4  los_swtmr.o(.data)
    g_pstTaskCBArray                         0x20000014   Data           4  los_task.o(.data)
    g_stLosTask                              0x20000018   Data           8  los_task.o(.data)
    g_usLosTaskLock                          0x20000020   Data           2  los_task.o(.data)
    g_uwTskMaxNum                            0x20000024   Data           4  los_task.o(.data)
    g_uwIdleTaskID                           0x20000028   Data           4  los_task.o(.data)
    g_uwSwtmrTaskID                          0x2000002c   Data           4  los_task.o(.data)
    g_stTaskTimerList                        0x20000030   Data           8  los_task.o(.data)
    g_stLosFreeTask                          0x20000038   Data           8  los_task.o(.data)
    g_stTskRecyleList                        0x20000040   Data           8  los_task.o(.data)
    g_stTskSortLink                          0x20000048   Data           8  los_task.o(.data)
    g_bTaskScheduled                         0x20000050   Data           4  los_task.o(.data)
    g_pfnTskSwitchHook                       0x20000054   Data           4  los_task.o(.data)
    g_ullTickCount                           0x20000058   Data           8  los_tick.o(.data)
    g_uwTicksPerSec                          0x20000060   Data           4  los_tick.o(.data)
    g_uwCyclePerSec                          0x20000064   Data           4  los_tick.o(.data)
    g_stTaskTimeSlice                        0x20000068   Data           8  los_timeslice.o(.data)
    g_pstAllMux                              0x20000070   Data           4  los_mux.o(.data)
    g_stUnusedMuxList                        0x20000074   Data           8  los_mux.o(.data)
    g_pstAllQueue                            0x2000007c   Data           4  los_queue.o(.data)
    g_stUnusedSemList                        0x20000080   Data           8  los_sem.o(.data)
    g_pstAllSem                              0x20000088   Data           4  los_sem.o(.data)
    g_uwCyclesPerTick                        0x2000008c   Data           4  los_hw_tick.o(.data)
    g_vuwIntCount                            0x20000090   Data           4  los_hwi.o(.data)
    m_aucSysMem0                             0x20000094   Data           4  los_config.o(.data)
    g_sys_mem_addr_end                       0x20000098   Data           4  los_config.o(.data)
    SystemCoreClock                          0x200000a0   Data           4  system_stm32f1xx.o(.data)
    SpixTimeoutx                             0x200000f0   Data           4  max7219_driver_func.o(.data)
    disp1                                    0x200000f4   Data         304  max7219_driver_func.o(.data)
    puarts                                   0x20000224   Data          16  los_dev_st_uart.o(.data)
    m_pstHwiForm                             0x2000023c   Data        1024  los_hwi.o(.vector.bss)
    m_aucSwTmrHandlerPool                    0x2000063c   Data         100  los_swtmr.o(.bss)
    g_ucMemStart                             0x200006a0   Data       10240  los_memory.o(.bss)
    g_TskMemUsedInfo                         0x20002ea0   Data          32  los_memstat.o(.bss)
    SpiHandle                                0x20004308   Data          88  max7219_driver_func.o(.bss)
    comx                                     0x20004360   Data         368  los_dev_st_uart.o(.bss)
    los_uart_dualbuf                         0x200044d0   Data        1024  ocean_nb_sample.o(.bss)
    __initial_sp                             0x20004ee8   Data           0  startup_stm32f103xb.o(STACK)



==============================================================================

Memory Map of the image

  Image Entry point : 0x080000ed

  Load Region LR_IROM1 (Base: 0x08000000, Size: 0x0000725c, Max: 0x00020000, ABSOLUTE, COMPRESSED[0x00006d58])

    Execution Region ER_IROM1 (Base: 0x08000000, Size: 0x00006c20, Max: 0x00020000, ABSOLUTE)

    Base Addr    Size         Type   Attr      Idx    E Section Name        Object

    0x08000000   0x000000ec   Data   RO         4134    RESET               startup_stm32f103xb.o
    0x080000ec   0x00000000   Code   RO         4400  * .ARM.Collect$$$$00000000  mc_w.l(entry.o)
    0x080000ec   0x00000004   Code   RO         4718    .ARM.Collect$$$$00000001  mc_w.l(entry2.o)
    0x080000f0   0x00000004   Code   RO         4721    .ARM.Collect$$$$00000004  mc_w.l(entry5.o)
    0x080000f4   0x00000000   Code   RO         4723    .ARM.Collect$$$$00000008  mc_w.l(entry7b.o)
    0x080000f4   0x00000000   Code   RO         4725    .ARM.Collect$$$$0000000A  mc_w.l(entry8b.o)
    0x080000f4   0x00000008   Code   RO         4726    .ARM.Collect$$$$0000000B  mc_w.l(entry9a.o)
    0x080000fc   0x00000000   Code   RO         4728    .ARM.Collect$$$$0000000D  mc_w.l(entry10a.o)
    0x080000fc   0x00000000   Code   RO         4730    .ARM.Collect$$$$0000000F  mc_w.l(entry11a.o)
    0x080000fc   0x00000004   Code   RO         4719    .ARM.Collect$$$$00002712  mc_w.l(entry2.o)
    0x08000100   0x0000005c   Code   RO         1220    .text               los_dispatch_keil.o
    0x0800015c   0x00000024   Code   RO         4135    .text               startup_stm32f103xb.o
    0x08000180   0x00000062   Code   RO         4403    .text               mc_w.l(uldiv.o)
    0x080001e2   0x00000020   Code   RO         4405    .text               mc_w.l(llushr.o)
    0x08000202   0x00000024   Code   RO         4407    .text               mc_w.l(memcpya.o)
    0x08000226   0x00000024   Code   RO         4409    .text               mc_w.l(memseta.o)
    0x0800024a   0x00000024   Code   RO         4411    .text               mc_w.l(strstr.o)
    0x0800026e   0x0000000e   Code   RO         4413    .text               mc_w.l(strlen.o)
    0x0800027c   0x00000038   Code   RO         4706    .text               mc_w.l(__0sscanf.o)
    0x080002b4   0x0000014c   Code   RO         4708    .text               mc_w.l(_scanf_int.o)
    0x08000400   0x000000e0   Code   RO         4710    .text               mc_w.l(_scanf_str.o)
    0x080004e0   0x000000de   Code   RO         4712    .text               mf_w.l(ddiv.o)
    0x080005be   0x00000030   Code   RO         4716    .text               mf_w.l(dfixul.o)
    0x080005ee   0x0000002c   Code   RO         4735    .text               mc_w.l(uidiv.o)
    0x0800061a   0x0000001e   Code   RO         4737    .text               mc_w.l(llshl.o)
    0x08000638   0x0000001c   Code   RO         4741    .text               mc_w.l(_chval.o)
    0x08000654   0x00000028   Code   RO         4743    .text               mc_w.l(scanf_char.o)
    0x0800067c   0x00000040   Code   RO         4745    .text               mc_w.l(_sgetc.o)
    0x080006bc   0x00000000   Code   RO         4747    .text               mc_w.l(iusefp.o)
    0x080006bc   0x000000ba   Code   RO         4748    .text               mf_w.l(depilogue.o)
    0x08000776   0x0000014e   Code   RO         4750    .text               mf_w.l(dadd.o)
    0x080008c4   0x000000e4   Code   RO         4752    .text               mf_w.l(dmul.o)
    0x080009a8   0x00000030   Code   RO         4754    .text               mf_w.l(cdrcmple.o)
    0x080009d8   0x00000024   Code   RO         4756    .text               mc_w.l(init.o)
    0x080009fc   0x00000024   Code   RO         4759    .text               mc_w.l(llsshr.o)
    0x08000a20   0x0000000a   Code   RO         4761    .text               mc_w.l(isspace_c.o)
    0x08000a2a   0x00000002   PAD
    0x08000a2c   0x0000032c   Code   RO         4763    .text               mc_w.l(_scanf.o)
    0x08000d58   0x00000028   Code   RO         4766    .text               mc_w.l(ctype_c.o)
    0x08000d80   0x00000056   Code   RO         4777    .text               mc_w.l(__dczerorl2.o)
    0x08000dd6   0x00000002   PAD
    0x08000dd8   0x00000088   Code   RO         1221    KERNEL              los_dispatch_keil.o
    0x08000e60   0x00000004   Code   RO         1979    i.BusFault_Handler  stm32f1xx_it.o
    0x08000e64   0x00000002   Code   RO         1980    i.DebugMon_Handler  stm32f1xx_it.o
    0x08000e66   0x0000001a   Code   RO         2096    i.HAL_Delay         stm32f1xx_hal.o
    0x08000e80   0x00000340   Code   RO         2634    i.HAL_GPIO_Init     stm32f1xx_hal_gpio.o
    0x080011c0   0x0000000c   Code   RO         2638    i.HAL_GPIO_WritePin  stm32f1xx_hal_gpio.o
    0x080011cc   0x0000000c   Code   RO         2100    i.HAL_GetTick       stm32f1xx_hal.o
    0x080011d8   0x00000010   Code   RO         2101    i.HAL_IncTick       stm32f1xx_hal.o
    0x080011e8   0x00000028   Code   RO         2102    i.HAL_Init          stm32f1xx_hal.o
    0x08001210   0x00000024   Code   RO         2103    i.HAL_InitTick      stm32f1xx_hal.o
    0x08001234   0x00000078   Code   RO         1943    i.HAL_MspInit       stm32f1xx_hal_msp.o
    0x080012ac   0x0000001a   Code   RO         2225    i.HAL_NVIC_EnableIRQ  stm32f1xx_hal_cortex.o
    0x080012c6   0x0000007c   Code   RO         2231    i.HAL_NVIC_SetPriority  stm32f1xx_hal_cortex.o
    0x08001342   0x00000002   PAD
    0x08001344   0x00000028   Code   RO         2232    i.HAL_NVIC_SetPriorityGrouping  stm32f1xx_hal_cortex.o
    0x0800136c   0x00000298   Code   RO         2859    i.HAL_RCC_ClockConfig  stm32f1xx_hal_rcc.o
    0x08001604   0x0000000c   Code   RO         2864    i.HAL_RCC_GetHCLKFreq  stm32f1xx_hal_rcc.o
    0x08001610   0x0000002c   Code   RO         2866    i.HAL_RCC_GetPCLK1Freq  stm32f1xx_hal_rcc.o
    0x0800163c   0x0000002c   Code   RO         2867    i.HAL_RCC_GetPCLK2Freq  stm32f1xx_hal_rcc.o
    0x08001668   0x000000b4   Code   RO         2868    i.HAL_RCC_GetSysClockFreq  stm32f1xx_hal_rcc.o
    0x0800171c   0x00000878   Code   RO         2871    i.HAL_RCC_OscConfig  stm32f1xx_hal_rcc.o
    0x08001f94   0x00000036   Code   RO         3291    i.HAL_SPI_DeInit    stm32f1xx_hal_spi.o
    0x08001fca   0x00000008   Code   RO         3294    i.HAL_SPI_GetState  stm32f1xx_hal_spi.o
    0x08001fd2   0x0000007c   Code   RO         3296    i.HAL_SPI_Init      stm32f1xx_hal_spi.o
    0x0800204e   0x00000002   Code   RO         3297    i.HAL_SPI_MspDeInit  stm32f1xx_hal_spi.o
    0x08002050   0x00000002   Code   RO         3298    i.HAL_SPI_MspInit   stm32f1xx_hal_spi.o
    0x08002052   0x000001c0   Code   RO         3304    i.HAL_SPI_Transmit  stm32f1xx_hal_spi.o
    0x08002212   0x00000028   Code   RO         2234    i.HAL_SYSTICK_CLKSourceConfig  stm32f1xx_hal_cortex.o
    0x0800223a   0x00000034   Code   RO         2236    i.HAL_SYSTICK_Config  stm32f1xx_hal_cortex.o
    0x0800226e   0x0000006e   Code   RO         3049    i.HAL_UART_Init     stm32f1xx_hal_uart.o
    0x080022dc   0x00000070   Code   RO         1945    i.HAL_UART_MspInit  stm32f1xx_hal_msp.o
    0x0800234c   0x0000006e   Code   RO         3059    i.HAL_UART_Transmit_IT  stm32f1xx_hal_uart.o
    0x080023ba   0x00000002   Code   RO         3060    i.HAL_UART_TxCpltCallback  stm32f1xx_hal_uart.o
    0x080023bc   0x00000004   Code   RO         1981    i.HardFault_Handler  stm32f1xx_it.o
    0x080023c0   0x0000001c   Code   RO         1088    i.LOS_Align         los_misc.o
    0x080023dc   0x0000001e   Code   RO         1056    i.LOS_DLnkInitMultiHead  los_multipledlinkhead.o
    0x080023fa   0x0000002a   Code   RO         1057    i.LOS_DLnkMultiHead  los_multipledlinkhead.o
    0x08002424   0x00000012   Code   RO         1227    i.LOS_EnableTick    los_config.o
    0x08002436   0x00000012   Code   RO         1228    i.LOS_KernelInit    los_config.o
    0x08002448   0x0000000e   Code   RO          320    i.LOS_ListAdd       los_task.o
    0x08002456   0x0000000e   Code   RO          620    i.LOS_ListAdd       los_mux.o
    0x08002464   0x0000000e   Code   RO          694    i.LOS_ListAdd       los_queue.o
    0x08002472   0x0000000e   Code   RO          799    i.LOS_ListAdd       los_sem.o
    0x08002480   0x0000000e   Code   RO          902    i.LOS_ListAdd       los_memory.o
    0x0800248e   0x00000014   Code   RO          321    i.LOS_ListDelete    los_task.o
    0x080024a2   0x00000014   Code   RO          800    i.LOS_ListDelete    los_sem.o
    0x080024b6   0x00000014   Code   RO          903    i.LOS_ListDelete    los_memory.o
    0x080024ca   0x00000010   Code   RO          322    i.LOS_ListEmpty     los_task.o
    0x080024da   0x00000010   Code   RO          695    i.LOS_ListEmpty     los_queue.o
    0x080024ea   0x00000010   Code   RO          801    i.LOS_ListEmpty     los_sem.o
    0x080024fa   0x00000006   Code   RO          323    i.LOS_ListInit      los_task.o
    0x08002500   0x00000006   Code   RO          623    i.LOS_ListInit      los_mux.o
    0x08002506   0x00000006   Code   RO          696    i.LOS_ListInit      los_queue.o
    0x0800250c   0x00000006   Code   RO          802    i.LOS_ListInit      los_sem.o
    0x08002512   0x00000010   Code   RO          324    i.LOS_ListTailInsert  los_task.o
    0x08002522   0x00000010   Code   RO          624    i.LOS_ListTailInsert  los_mux.o
    0x08002532   0x00000010   Code   RO          803    i.LOS_ListTailInsert  los_sem.o
    0x08002542   0x00000002   PAD
    0x08002544   0x00000144   Code   RO         1058    i.LOS_Log2          los_multipledlinkhead.o
    0x08002688   0x00000024   Code   RO         4213    i.LOS_MAX7219_Ctrl_CS  max7219_driver_func.o
    0x080026ac   0x00000058   Code   RO         4214    i.LOS_MAX7219_Driver_Init  max7219_driver_func.o
    0x08002704   0x00000030   Code   RO         4215    i.LOS_MAX7219_Init  max7219_driver_func.o
    0x08002734   0x00000050   Code   RO         4216    i.LOS_MAX7219_Init_CS  max7219_driver_func.o
    0x08002784   0x00000020   Code   RO         4217    i.LOS_MAX7219_Write  max7219_driver_func.o
    0x080027a4   0x00000028   Code   RO          249    i.LOS_MS2Tick       los_sys.o
    0x080027cc   0x0000003a   Code   RO          904    i.LOS_MemAlloc      los_memory.o
    0x08002806   0x0000006c   Code   RO          905    i.LOS_MemAllocAlign  los_memory.o
    0x08002872   0x00000054   Code   RO          906    i.LOS_MemFree       los_memory.o
    0x080028c6   0x000000a6   Code   RO          907    i.LOS_MemInit       los_memory.o
    0x0800296c   0x00000040   Code   RO          869    i.LOS_MemboxAlloc   los_membox.o
    0x080029ac   0x000000a4   Code   RO          871    i.LOS_MemboxFree    los_membox.o
    0x08002a50   0x00000080   Code   RO          872    i.LOS_MemboxInit    los_membox.o
    0x08002ad0   0x00000038   Code   RO         4357    i.LOS_OceanCon_NB_Sample  ocean_nb_sample.o
    0x08002b08   0x00000018   Code   RO            1    i.LOS_PriqueueDequeue  los_priqueue.o
    0x08002b20   0x00000024   Code   RO            2    i.LOS_PriqueueEnqueue  los_priqueue.o
    0x08002b44   0x00000028   Code   RO            3    i.LOS_PriqueueSize  los_priqueue.o
    0x08002b6c   0x0000003c   Code   RO            4    i.LOS_PriqueueTop   los_priqueue.o
    0x08002ba8   0x0000007c   Code   RO          697    i.LOS_QueueCreate   los_queue.o
    0x08002c24   0x00000130   Code   RO          699    i.LOS_QueueRead     los_queue.o
    0x08002d54   0x0000013c   Code   RO          700    i.LOS_QueueWrite    los_queue.o
    0x08002e90   0x00000014   Code   RO         4219    i.LOS_SPIx_Error    max7219_driver_func.o
    0x08002ea4   0x00000024   Code   RO         4221    i.LOS_SPIx_Write    max7219_driver_func.o
    0x08002ec8   0x00000040   Code   RO         1106    i.LOS_Schedule      los_hw.o
    0x08002f08   0x0000006c   Code   RO          804    i.LOS_SemCreate     los_sem.o
    0x08002f74   0x00000100   Code   RO          806    i.LOS_SemPend       los_sem.o
    0x08003074   0x000000b8   Code   RO          807    i.LOS_SemPost       los_sem.o
    0x0800312c   0x0000000c   Code   RO         1137    i.LOS_SetTickSycle  los_hw_tick.o
    0x08003138   0x0000000c   Code   RO         1229    i.LOS_Start         los_config.o
    0x08003144   0x0000009c   Code   RO          325    i.LOS_TaskCreate    los_task.o
    0x080031e0   0x00000184   Code   RO          326    i.LOS_TaskCreateOnly  los_task.o
    0x08003364   0x00000080   Code   RO          327    i.LOS_TaskDelay     los_task.o
    0x080033e4   0x00000020   Code   RO          329    i.LOS_TaskLock      los_task.o
    0x08003404   0x0000003c   Code   RO          334    i.LOS_TaskUnlock    los_task.o
    0x08003440   0x00000084   Code   RO          335    i.LOS_TaskYield     los_task.o
    0x080034c4   0x0000000c   Code   RO          252    i.LOS_TickCountGet  los_sys.o
    0x080034d0   0x00000038   Code   RO         1138    i.LOS_TickHandler   los_hw_tick.o
    0x08003508   0x00000002   Code   RO         1626    i.LosAdapIntInit    los_bsp_adapter.o
    0x0800350a   0x00000002   PAD
    0x0800350c   0x00000024   Code   RO         4144    i.MX_GPIO_Init      main.o
    0x08003530   0x00000004   Code   RO         1982    i.MemManage_Handler  stm32f1xx_it.o
    0x08003534   0x00000002   Code   RO         1983    i.NMI_Handler       stm32f1xx_it.o
    0x08003536   0x00000002   PAD
    0x08003538   0x00000010   Code   RO         2238    i.NVIC_GetPriorityGrouping  stm32f1xx_hal_cortex.o
    0x08003548   0x00000028   Code   RO         2239    i.NVIC_SetPriority  stm32f1xx_hal_cortex.o
    0x08003570   0x00000114   Code   RO         3327    i.SPI_WaitOnFlagUntilTimeout  stm32f1xx_hal_spi.o
    0x08003684   0x00000060   Code   RO         4222    i.SPIx_MspInit      max7219_driver_func.o
    0x080036e4   0x00000002   Code   RO         1984    i.SVC_Handler       stm32f1xx_it.o
    0x080036e6   0x0000000c   Code   RO         1629    i.SysTick_Handler   los_bsp_adapter.o
    0x080036f2   0x00000002   PAD
    0x080036f4   0x00000094   Code   RO         4145    i.SystemClock_Config  main.o
    0x08003788   0x00000058   Code   RO         2053    i.SystemInit        system_stm32f1xx.o
    0x080037e0   0x00000030   Code   RO         3067    i.UART_EndTransmit_IT  stm32f1xx_hal_uart.o
    0x08003810   0x000001c8   Code   RO         3070    i.UART_SetConfig    stm32f1xx_hal_uart.o
    0x080039d8   0x00000070   Code   RO         3071    i.UART_Transmit_IT  stm32f1xx_hal_uart.o
    0x08003a48   0x0000000a   Code   RO         1985    i.USART2_IRQHandler  stm32f1xx_it.o
    0x08003a52   0x00000004   Code   RO         1986    i.UsageFault_Handler  stm32f1xx_it.o
    0x08003a56   0x00000004   Code   RO         1849    i._Error_Handler    los_bsp_uart.o
    0x08003a5a   0x00000002   PAD
    0x08003a5c   0x00000028   Code   RO         4652    i.__0sprintf        mc_w.l(printfa.o)
    0x08003a84   0x0000000e   Code   RO         4771    i.__scatterload_copy  mc_w.l(handlers.o)
    0x08003a92   0x00000002   Code   RO         4772    i.__scatterload_null  mc_w.l(handlers.o)
    0x08003a94   0x0000000e   Code   RO         4773    i.__scatterload_zeroinit  mc_w.l(handlers.o)
    0x08003aa2   0x00000002   PAD
    0x08003aa4   0x00000184   Code   RO         4657    i._fp_digits        mc_w.l(printfa.o)
    0x08003c28   0x000006dc   Code   RO         4658    i._printf_core      mc_w.l(printfa.o)
    0x08004304   0x00000024   Code   RO         4659    i._printf_post_padding  mc_w.l(printfa.o)
    0x08004328   0x0000002e   Code   RO         4660    i._printf_pre_padding  mc_w.l(printfa.o)
    0x08004356   0x0000000a   Code   RO         4662    i._sputc            mc_w.l(printfa.o)
    0x08004360   0x0000004c   Code   RO         4146    i.init_testuart     main.o
    0x080043ac   0x0000004c   Code   RO         4147    i.init_testuart2    main.o
    0x080043f8   0x00000024   Code   RO         4296    i.los_dev_uart_gpio_init  los_dev_st_uart.o
    0x0800441c   0x000001c4   Code   RO         4297    i.los_dev_uart_init  los_dev_st_uart.o
    0x080045e0   0x000001b4   Code   RO         4298    i.los_dev_uart_irqhandler  los_dev_st_uart.o
    0x08004794   0x00000400   Code   RO         4299    i.los_dev_uart_read  los_dev_st_uart.o
    0x08004b94   0x00000092   Code   RO         4300    i.los_dev_uart_start  los_dev_st_uart.o
    0x08004c26   0x00000002   PAD
    0x08004c28   0x0000008c   Code   RO         4301    i.los_dev_uart_write  los_dev_st_uart.o
    0x08004cb4   0x00000154   Code   RO         4302    i.los_receive_it    los_dev_st_uart.o
    0x08004e08   0x00000074   Code   RO         4148    i.main              main.o
    0x08004e7c   0x00000032   Code   RO         4358    i.max7219_nbget_show_data  ocean_nb_sample.o
    0x08004eae   0x00000002   PAD
    0x08004eb0   0x00000290   Code   RO         3533    i.neul_bc95_active_network  neul_bc95.o
    0x08005140   0x00000084   Code   RO         3537    i.neul_bc95_get_netstat  neul_bc95.o
    0x080051c4   0x000000b0   Code   RO         3538    i.neul_bc95_get_unrmsg_count  neul_bc95.o
    0x08005274   0x00000040   Code   RO         3539    i.neul_bc95_hex_to_str  neul_bc95.o
    0x080052b4   0x0000009c   Code   RO         3540    i.neul_bc95_hw_detect  neul_bc95.o
    0x08005350   0x0000003c   Code   RO         3541    i.neul_bc95_hw_init  neul_bc95.o
    0x0800538c   0x00000058   Code   RO         3542    i.neul_bc95_prepare_transmit  neul_bc95.o
    0x080053e4   0x00000088   Code   RO         3543    i.neul_bc95_query_ip  neul_bc95.o
    0x0800546c   0x000000e0   Code   RO         3544    i.neul_bc95_read_coap_msg  neul_bc95.o
    0x0800554c   0x00000084   Code   RO         3545    i.neul_bc95_reboot  neul_bc95.o
    0x080055d0   0x0000018c   Code   RO         3547    i.neul_bc95_send_coap_paylaod  neul_bc95.o
    0x0800575c   0x000000d0   Code   RO         3548    i.neul_bc95_set_auto_connect  neul_bc95.o
    0x0800582c   0x000000c0   Code   RO         3549    i.neul_bc95_set_band  neul_bc95.o
    0x080058ec   0x0000000e   Code   RO         3554    i.neul_bc95_sleep   neul_bc95.o
    0x080058fa   0x00000064   Code   RO         3556    i.neul_bc95_str_to_hex  neul_bc95.o
    0x0800595e   0x00000002   PAD
    0x08005960   0x0000005c   Code   RO         4359    i.ocean_recv_dev_cmd  ocean_nb_sample.o
    0x080059bc   0x0000011c   Code   RO         4360    i.oceancon_nb_sampletask  ocean_nb_sample.o
    0x08005ad8   0x00000034   Code   RO         1286    i.osDelay           cmsis_liteos.o
    0x08005b0c   0x00000008   Code   RO         1166    i.osHwiDefaultHandler  los_hwi.o
    0x08005b14   0x00000024   Code   RO         1167    i.osHwiInit         los_hwi.o
    0x08005b38   0x00000004   Code   RO          336    i.osIdleTask        los_task.o
    0x08005b3c   0x0000004c   Code   RO          337    i.osIdleTaskCreate  los_task.o
    0x08005b88   0x0000000c   Code   RO         1168    i.osIntNumGet       los_hwi.o
    0x08005b94   0x00000070   Code   RO         1232    i.osMain            los_config.o
    0x08005c04   0x0000005c   Code   RO          909    i.osMemAllocWithCheck  los_memory.o
    0x08005c60   0x00000098   Code   RO          910    i.osMemCheckUsedNode  los_memory.o
    0x08005cf8   0x00000050   Code   RO          911    i.osMemFindSuitableFreeBlock  los_memory.o
    0x08005d48   0x000000b2   Code   RO          912    i.osMemFreeNode     los_memory.o
    0x08005dfa   0x0000003e   Code   RO          913    i.osMemIsNodeValid  los_memory.o
    0x08005e38   0x00000024   Code   RO          914    i.osMemMergeNode    los_memory.o
    0x08005e5c   0x00000020   Code   RO          915    i.osMemSetMagicNumAndTaskid  los_memory.o
    0x08005e7c   0x0000005c   Code   RO          916    i.osMemSpitNode     los_memory.o
    0x08005ed8   0x00000024   Code   RO          917    i.osMemSystemInit   los_memory.o
    0x08005efc   0x0000005c   Code   RO          629    i.osMuxInit         los_mux.o
    0x08005f58   0x00000048   Code   RO            6    i.osPriqueueInit    los_priqueue.o
    0x08005fa0   0x00000070   Code   RO          701    i.osQueueCreate     los_queue.o
    0x08006010   0x00000038   Code   RO          702    i.osQueueInit       los_queue.o
    0x08006048   0x00000084   Code   RO          705    i.osQueuePend       los_queue.o
    0x080060cc   0x0000005a   Code   RO          706    i.osQueueWakeUp     los_queue.o
    0x08006126   0x00000002   PAD
    0x08006128   0x0000001c   Code   RO         1233    i.osRegister        los_config.o
    0x08006144   0x00000008   Code   RO         1107    i.osSchedule        los_hw.o
    0x0800614c   0x00000058   Code   RO          808    i.osSemInit         los_sem.o
    0x080061a4   0x000000ac   Code   RO          117    i.osSwTmrInit       los_swtmr.o
    0x08006250   0x00000060   Code   RO          118    i.osSwTmrStart      los_swtmr.o
    0x080062b0   0x00000050   Code   RO          119    i.osSwTmrTask       los_swtmr.o
    0x08006300   0x00000048   Code   RO          120    i.osSwTmrTaskCreate  los_swtmr.o
    0x08006348   0x0000008c   Code   RO          121    i.osSwTmrTimeoutHandle  los_swtmr.o
    0x080063d4   0x00000014   Code   RO          122    i.osSwtmrDelete     los_swtmr.o
    0x080063e8   0x00000024   Code   RO          123    i.osSwtmrScan       los_swtmr.o
    0x0800640c   0x000000c0   Code   RO          338    i.osTaskAdd2TimerList  los_task.o
    0x080064cc   0x000000a4   Code   RO          339    i.osTaskEntry       los_task.o
    0x08006570   0x00000008   Code   RO         1108    i.osTaskExit        los_hw.o
    0x08006578   0x00000128   Code   RO          340    i.osTaskInit        los_task.o
    0x080066a0   0x00000034   Code   RO         1027    i.osTaskMemUsedDec  los_memstat.o
    0x080066d4   0x0000003c   Code   RO         1028    i.osTaskMemUsedInc  los_memstat.o
    0x08006710   0x000000dc   Code   RO          342    i.osTaskScan        los_task.o
    0x080067ec   0x000000fc   Code   RO          343    i.osTaskSelfDelete  los_task.o
    0x080068e8   0x00000078   Code   RO         1315    i.osThreadCreate    cmsis_liteos.o
    0x08006960   0x00000028   Code   RO          520    i.osTickHandler     los_tick.o
    0x08006988   0x0000006c   Code   RO         1630    i.osTickStart       los_bsp_adapter.o
    0x080069f4   0x00000048   Code   RO          344    i.osTimerListDelete  los_task.o
    0x08006a3c   0x0000004c   Code   RO          548    i.osTimesliceCheck  los_timeslice.o
    0x08006a88   0x00000010   Code   RO          549    i.osTimesliceInit   los_timeslice.o
    0x08006a98   0x00000088   Code   RO         1109    i.osTskStackInit    los_hw.o
    0x08006b20   0x00000014   Code   RO         3559    i.uart_data_flush   neul_bc95.o
    0x08006b34   0x00000044   Code   RO         3560    i.uart_data_read    neul_bc95.o
    0x08006b78   0x00000024   Code   RO         3561    i.uart_data_write   neul_bc95.o
    0x08006b9c   0x00000009   Data   RO         1631    .constdata          los_bsp_adapter.o
    0x08006ba5   0x00000018   Data   RO         2054    .constdata          system_stm32f1xx.o
    0x08006bbd   0x00000040   Data   RO         4767    .constdata          mc_w.l(ctype_c.o)
    0x08006bfd   0x00000003   PAD
    0x08006c00   0x00000020   Data   RO         4769    Region$$Table       anon$$obj.o


    Execution Region RW_IRAM1 (Base: 0x20000000, Size: 0x00004ee8, Max: 0x00005000, ABSOLUTE, COMPRESSED[0x00000138])

    Base Addr    Size         Type   Attr      Idx    E Section Name        Object

    0x20000000   0x00000004   Data   RW            7    .data               los_priqueue.o
    0x20000004   0x00000010   Data   RW          126    .data               los_swtmr.o
    0x20000014   0x00000044   Data   RW          345    .data               los_task.o
    0x20000058   0x00000010   Data   RW          521    .data               los_tick.o
    0x20000068   0x00000008   Data   RW          550    .data               los_timeslice.o
    0x20000070   0x0000000c   Data   RW          630    .data               los_mux.o
    0x2000007c   0x00000004   Data   RW          707    .data               los_queue.o
    0x20000080   0x0000000c   Data   RW          809    .data               los_sem.o
    0x2000008c   0x00000004   Data   RW         1139    .data               los_hw_tick.o
    0x20000090   0x00000004   Data   RW         1171    .data               los_hwi.o
    0x20000094   0x00000008   Data   RW         1234    .data               los_config.o
    0x2000009c   0x00000004   Data   RW         1632    .data               los_bsp_adapter.o
    0x200000a0   0x00000004   Data   RW         2055    .data               system_stm32f1xx.o
    0x200000a4   0x00000004   Data   RW         2108    .data               stm32f1xx_hal.o
    0x200000a8   0x00000048   Data   RW         3563    .data               neul_bc95.o
    0x200000f0   0x00000134   Data   RW         4224    .data               max7219_driver_func.o
    0x20000224   0x00000010   Data   RW         4304    .data               los_dev_st_uart.o
    0x20000234   0x00000008   Data   RW         4362    .data               ocean_nb_sample.o
    0x2000023c   0x00000400   Data   RW         1172    .vector.bss         los_hwi.o
    0x2000063c   0x00000064   Zero   RW          125    .bss                los_swtmr.o
    0x200006a0   0x00002800   Zero   RW          918    .bss                los_memory.o
    0x20002ea0   0x00000020   Zero   RW         1029    .bss                los_memstat.o
    0x20002ec0   0x00000c78   Zero   RW         3562    .bss                neul_bc95.o
    0x20003b38   0x000007d0   Zero   RW         4149    .bss                main.o
    0x20004308   0x00000058   Zero   RW         4223    .bss                max7219_driver_func.o
    0x20004360   0x00000170   Zero   RW         4303    .bss                los_dev_st_uart.o
    0x200044d0   0x00000618   Zero   RW         4361    .bss                ocean_nb_sample.o
    0x20004ae8   0x00000400   Zero   RW         4132    STACK               startup_stm32f103xb.o


==============================================================================

Image component sizes


      Code (inc. data)   RO Data    RW Data    ZI Data      Debug   Object Name

       172          8          0          0          0      19699   cmsis_liteos.o
       122         16          9          4          0     497206   los_bsp_adapter.o
         4          0          0          0          0        537   los_bsp_uart.o
       188         18          0          8          0       3864   los_config.o
      2574         40          0         16        368       7033   los_dev_st_uart.o
       228         30          0          0          0        804   los_dispatch_keil.o
       216         16          0          0          0       2938   los_hw.o
        68         10          0          4          0       1433   los_hw_tick.o
        56         10          0       1028          0       5254   los_hwi.o
       356         10          0          0          0       3960   los_membox.o
      1210         14          0          0      10240      15892   los_memory.o
       112         24          0          0         32       2057   los_memstat.o
        28          0          0          0          0        624   los_misc.o
       396          4          0          0          0       5232   los_multipledlinkhead.o
       128         18          0         12          0       5988   los_mux.o
       232         22          0          4          0       8722   los_priqueue.o
      1170         72          0          4          0      18465   los_queue.o
       708         56          0         12          0       7520   los_sem.o
       616         86          0         16        100      17631   los_swtmr.o
        52          6          0          0          0       1141   los_sys.o
      2244        186          0         68          0      25003   los_task.o
        40          6          0         16          0        905   los_tick.o
        92         16          0          8          0       1353   los_timeslice.o
       452         66          0          0       2000       9085   main.o
       436         48          0        308         88       5765   max7219_driver_func.o
      2858        504          0         72       3192      16032   neul_bc95.o
       482         44          0          8       1560       3888   ocean_nb_sample.o
        36          8        236          0       1024        876   startup_stm32f103xb.o
       130         16          0          4          0       4190   stm32f1xx_hal.o
       338         22          0          0          0      27537   stm32f1xx_hal_cortex.o
       844         42          0          0          0       3124   stm32f1xx_hal_gpio.o
       232         18          0          0          0       1757   stm32f1xx_hal_msp.o
      3112        100          0          0          0       6368   stm32f1xx_hal_rcc.o
       914          0          0          0          0       6088   stm32f1xx_hal_spi.o
       838          6          0          0          0       5281   stm32f1xx_hal_uart.o
        32          0          0          0          0       4075   stm32f1xx_it.o
        88         18         24          4          0       1395   system_stm32f1xx.o

    ----------------------------------------------------------------------
     21824       1560        301       1596      18604     748722   Object Totals
         0          0         32          0          0          0   (incl. Generated)
        20          0          0          0          0          0   (incl. Padding)

    ----------------------------------------------------------------------

      Code (inc. data)   RO Data    RW Data    ZI Data      Debug   Library Member Name

        56          8          0          0          0         84   __0sscanf.o
        86          0          0          0          0          0   __dczerorl2.o
        28          0          0          0          0         68   _chval.o
       812          4          0          0          0        112   _scanf.o
       332          0          0          0          0         96   _scanf_int.o
       224          0          0          0          0         96   _scanf_str.o
        64          0          0          0          0         84   _sgetc.o
        40          6         64          0          0         68   ctype_c.o
         0          0          0          0          0          0   entry.o
         0          0          0          0          0          0   entry10a.o
         0          0          0          0          0          0   entry11a.o
         8          4          0          0          0          0   entry2.o
         4          0          0          0          0          0   entry5.o
         0          0          0          0          0          0   entry7b.o
         0          0          0          0          0          0   entry8b.o
         8          4          0          0          0          0   entry9a.o
        30          0          0          0          0          0   handlers.o
        36          8          0          0          0         68   init.o
        10          0          0          0          0         68   isspace_c.o
         0          0          0          0          0          0   iusefp.o
        30          0          0          0          0         68   llshl.o
        36          0          0          0          0         68   llsshr.o
        32          0          0          0          0         68   llushr.o
        36          0          0          0          0         68   memcpya.o
        36          0          0          0          0        108   memseta.o
      2276         86          0          0          0        520   printfa.o
        40          8          0          0          0         84   scanf_char.o
        14          0          0          0          0         68   strlen.o
        36          0          0          0          0         80   strstr.o
        44          0          0          0          0         80   uidiv.o
        98          0          0          0          0         92   uldiv.o
        48          0          0          0          0         68   cdrcmple.o
       334          0          0          0          0        148   dadd.o
       222          0          0          0          0        100   ddiv.o
       186          0          0          0          0        176   depilogue.o
        48          0          0          0          0         68   dfixul.o
       228          0          0          0          0         96   dmul.o

    ----------------------------------------------------------------------
      5488        128         67          0          0       2704   Library Totals
         6          0          3          0          0          0   (incl. Padding)

    ----------------------------------------------------------------------

      Code (inc. data)   RO Data    RW Data    ZI Data      Debug   Library Name

      4416        128         64          0          0       2048   mc_w.l
      1066          0          0          0          0        656   mf_w.l

    ----------------------------------------------------------------------
      5488        128         67          0          0       2704   Library Totals

    ----------------------------------------------------------------------

==============================================================================


      Code (inc. data)   RO Data    RW Data    ZI Data      Debug   

     27312       1688        368       1596      18604     740582   Grand Totals
     27312       1688        368        312      18604     740582   ELF Image Totals (compressed)
     27312       1688        368        312          0          0   ROM Totals

==============================================================================

    Total RO  Size (Code + RO Data)                27680 (  27.03kB)
    Total RW  Size (RW Data + ZI Data)             20200 (  19.73kB)
    Total ROM Size (Code + RO Data + RW Data)      27992 (  27.34kB)

==============================================================================

